../Core/Src/main.c:113:6:get_time	40	static
../Core/Src/main.c:128:6:HAL_DFSDM_FilterRegConvHalfCpltCallback	16	static
../Core/Src/main.c:146:5:main	576	static
../Core/Src/main.c:294:6:SystemClock_Config	88	static
../Core/Src/main.c:345:6:PeriphCommonClock_Config	152	static
../Core/Src/main.c:373:13:MX_ADC3_Init	24	static
../Core/Src/main.c:425:13:MX_DFSDM1_Init	8	static
../Core/Src/main.c:510:13:MX_DSIHOST_DSI_Init	136	static
../Core/Src/main.c:600:13:MX_RTC_Init	32	static
../Core/Src/main.c:667:13:MX_SAI1_Init	16	static
../Core/Src/main.c:727:13:MX_SDMMC1_SD_Init	4	static
../Core/Src/main.c:755:13:MX_SPDIFRX_Init	8	static
../Core/Src/main.c:791:13:MX_USART1_UART_Init	8	static
../Core/Src/main.c:826:13:MX_USB_OTG_FS_PCD_Init	8	static
../Core/Src/main.c:861:13:MX_USB_OTG_HS_PCD_Init	8	static
../Core/Src/main.c:895:13:MX_DMA_Init	16	static
../Core/Src/main.c:918:13:MX_FMC_Init	40	static
../Core/Src/main.c:969:13:MX_GPIO_Init	72	static
../Core/Src/main.c:1223:6:Error_Handler	4	static,ignoring_inline_asm
