../Core/Src/main.c:120:6:HAL_DFSDM_FilterRegConvHalfCpltCallback	16	static
../Core/Src/main.c:138:5:main	8	static
../Core/Src/main.c:205:6:SystemClock_Config	88	static
../Core/Src/main.c:256:6:PeriphCommonClock_Config	152	static
../Core/Src/main.c:284:13:MX_ADC3_Init	24	static
../Core/Src/main.c:336:13:MX_DFSDM1_Init	8	static
../Core/Src/main.c:421:13:MX_DSIHOST_DSI_Init	136	static
../Core/Src/main.c:511:13:MX_RTC_Init	32	static
../Core/Src/main.c:578:13:MX_SAI1_Init	16	static
../Core/Src/main.c:638:13:MX_SDMMC1_SD_Init	4	static
../Core/Src/main.c:666:13:MX_SPDIFRX_Init	8	static
../Core/Src/main.c:702:13:MX_USART1_UART_Init	8	static
../Core/Src/main.c:737:13:MX_USB_OTG_FS_PCD_Init	8	static
../Core/Src/main.c:772:13:MX_USB_OTG_HS_PCD_Init	8	static
../Core/Src/main.c:806:13:MX_DMA_Init	16	static
../Core/Src/main.c:829:13:MX_FMC_Init	40	static
../Core/Src/main.c:880:13:MX_GPIO_Init	72	static
../Core/Src/main.c:1134:6:Error_Handler	4	static,ignoring_inline_asm
