../Core/Src/stm32f7xx_hal_msp.c:70:6:HAL_MspInit	16	static
../Core/Src/stm32f7xx_hal_msp.c:92:6:HAL_ADC_MspInit	48	static
../Core/Src/stm32f7xx_hal_msp.c:125:6:HAL_ADC_MspDeInit	16	static
../Core/Src/stm32f7xx_hal_msp.c:156:6:HAL_DFSDM_FilterMspInit	48	static
../Core/Src/stm32f7xx_hal_msp.c:250:6:HAL_DFSDM_ChannelMspInit	48	static
../Core/Src/stm32f7xx_hal_msp.c:297:6:HAL_DFSDM_FilterMspDeInit	16	static
../Core/Src/stm32f7xx_hal_msp.c:330:6:HAL_DFSDM_ChannelMspDeInit	16	static
../Core/Src/stm32f7xx_hal_msp.c:360:6:HAL_DSI_MspInit	48	static
../Core/Src/stm32f7xx_hal_msp.c:395:6:HAL_DSI_MspDeInit	16	static
../Core/Src/stm32f7xx_hal_msp.c:423:6:HAL_RTC_MspInit	160	static
../Core/Src/stm32f7xx_hal_msp.c:456:6:HAL_RTC_MspDeInit	16	static
../Core/Src/stm32f7xx_hal_msp.c:478:6:HAL_SD_MspInit	192	static
../Core/Src/stm32f7xx_hal_msp.c:585:6:HAL_SD_MspDeInit	16	static
../Core/Src/stm32f7xx_hal_msp.c:627:6:HAL_SPDIFRX_MspInit	192	static
../Core/Src/stm32f7xx_hal_msp.c:677:6:HAL_SPDIFRX_MspDeInit	16	static
../Core/Src/stm32f7xx_hal_msp.c:705:6:HAL_UART_MspInit	192	static
../Core/Src/stm32f7xx_hal_msp.c:752:6:HAL_UART_MspDeInit	16	static
../Core/Src/stm32f7xx_hal_msp.c:777:13:HAL_FMC_MspInit	32	static
../Core/Src/stm32f7xx_hal_msp.c:927:6:HAL_SDRAM_MspInit	16	static
../Core/Src/stm32f7xx_hal_msp.c:939:13:HAL_FMC_MspDeInit	8	static
../Core/Src/stm32f7xx_hal_msp.c:1052:6:HAL_SDRAM_MspDeInit	16	static
../Core/Src/stm32f7xx_hal_msp.c:1064:6:HAL_SAI_MspInit	40	static
../Core/Src/stm32f7xx_hal_msp.c:1116:6:HAL_SAI_MspDeInit	16	static
