../Core/Src/main.c:93:6:get_time	40	static
../Core/Src/main.c:112:5:main	8	static
../Core/Src/main.c:182:6:SystemClock_Config	88	static
../Core/Src/main.c:233:6:PeriphCommonClock_Config	152	static
../Core/Src/main.c:260:13:MX_ADC3_Init	24	static
../Core/Src/main.c:312:13:MX_DSIHOST_DSI_Init	136	static
../Core/Src/main.c:402:13:MX_QUADSPI_Init	8	static
../Core/Src/main.c:437:13:MX_RTC_Init	32	static
../Core/Src/main.c:499:13:MX_SAI1_Init	8	static
../Core/Src/main.c:533:13:MX_SAI2_Init	8	static
../Core/Src/main.c:582:13:MX_SDMMC1_MMC_Init	8	static
../Core/Src/main.c:618:13:MX_SPDIFRX_Init	8	static
../Core/Src/main.c:654:13:MX_USART1_UART_Init	8	static
../Core/Src/main.c:689:13:MX_USB_OTG_FS_PCD_Init	8	static
../Core/Src/main.c:720:13:MX_FMC_Init	64	static
../Core/Src/main.c:842:13:MX_GPIO_Init	72	static
../Core/Src/main.c:1090:6:Error_Handler	4	static,ignoring_inline_asm
