../Core/Src/stm32f7xx_hal_msp.c:63:6:HAL_MspInit	16	static
../Core/Src/stm32f7xx_hal_msp.c:85:6:HAL_ADC_MspInit	48	static
../Core/Src/stm32f7xx_hal_msp.c:118:6:HAL_ADC_MspDeInit	16	static
../Core/Src/stm32f7xx_hal_msp.c:146:6:HAL_DSI_MspInit	48	static
../Core/Src/stm32f7xx_hal_msp.c:181:6:HAL_DSI_MspDeInit	16	static
../Core/Src/stm32f7xx_hal_msp.c:209:6:HAL_QSPI_MspInit	48	static
../Core/Src/stm32f7xx_hal_msp.c:271:6:HAL_QSPI_MspDeInit	16	static
../Core/Src/stm32f7xx_hal_msp.c:306:6:HAL_RTC_MspInit	160	static
../Core/Src/stm32f7xx_hal_msp.c:339:6:HAL_RTC_MspDeInit	16	static
../Core/Src/stm32f7xx_hal_msp.c:361:6:HAL_MMC_MspInit	192	static
../Core/Src/stm32f7xx_hal_msp.c:422:6:HAL_MMC_MspDeInit	16	static
../Core/Src/stm32f7xx_hal_msp.c:458:6:HAL_SPDIFRX_MspInit	192	static
../Core/Src/stm32f7xx_hal_msp.c:508:6:HAL_SPDIFRX_MspDeInit	16	static
../Core/Src/stm32f7xx_hal_msp.c:536:6:HAL_UART_MspInit	192	static
../Core/Src/stm32f7xx_hal_msp.c:583:6:HAL_UART_MspDeInit	16	static
../Core/Src/stm32f7xx_hal_msp.c:612:6:HAL_PCD_MspInit	192	static
../Core/Src/stm32f7xx_hal_msp.c:658:6:HAL_PCD_MspDeInit	16	static
../Core/Src/stm32f7xx_hal_msp.c:683:13:HAL_FMC_MspInit	32	static
../Core/Src/stm32f7xx_hal_msp.c:837:6:HAL_NOR_MspInit	16	static
../Core/Src/stm32f7xx_hal_msp.c:847:6:HAL_SRAM_MspInit	16	static
../Core/Src/stm32f7xx_hal_msp.c:857:6:HAL_SDRAM_MspInit	16	static
../Core/Src/stm32f7xx_hal_msp.c:869:13:HAL_FMC_MspDeInit	8	static
../Core/Src/stm32f7xx_hal_msp.c:986:6:HAL_NOR_MspDeInit	16	static
../Core/Src/stm32f7xx_hal_msp.c:996:6:HAL_SRAM_MspDeInit	16	static
../Core/Src/stm32f7xx_hal_msp.c:1006:6:HAL_SDRAM_MspDeInit	16	static
../Core/Src/stm32f7xx_hal_msp.c:1019:6:HAL_SAI_MspInit	48	static
../Core/Src/stm32f7xx_hal_msp.c:1091:6:HAL_SAI_MspDeInit	16	static
