../Core/Src/main.c:100:6:get_time	40	static
../Core/Src/main.c:120:5:main	576	static
../Core/Src/main.c:239:6:SystemClock_Config	88	static
../Core/Src/main.c:290:6:PeriphCommonClock_Config	152	static
../Core/Src/main.c:317:13:MX_ADC3_Init	24	static
../Core/Src/main.c:369:13:MX_DSIHOST_DSI_Init	136	static
../Core/Src/main.c:459:13:MX_QUADSPI_Init	8	static
../Core/Src/main.c:494:13:MX_RTC_Init	32	static
../Core/Src/main.c:560:13:MX_SAI1_Init	8	static
../Core/Src/main.c:594:13:MX_SAI2_Init	8	static
../Core/Src/main.c:643:13:MX_SDMMC1_SD_Init	4	static
../Core/Src/main.c:671:13:MX_SPDIFRX_Init	8	static
../Core/Src/main.c:707:13:MX_USART1_UART_Init	8	static
../Core/Src/main.c:742:13:MX_USB_OTG_FS_PCD_Init	8	static
../Core/Src/main.c:775:13:MX_DMA_Init	16	static
../Core/Src/main.c:792:13:MX_FMC_Init	64	static
../Core/Src/main.c:914:13:MX_GPIO_Init	72	static
../Core/Src/main.c:1162:6:Error_Handler	4	static,ignoring_inline_asm
