../Core/Src/stm32f7xx_hal_msp.c:66:6:HAL_MspInit	16	static
../Core/Src/stm32f7xx_hal_msp.c:88:6:HAL_ADC_MspInit	48	static
../Core/Src/stm32f7xx_hal_msp.c:121:6:HAL_ADC_MspDeInit	16	static
../Core/Src/stm32f7xx_hal_msp.c:149:6:HAL_DSI_MspInit	48	static
../Core/Src/stm32f7xx_hal_msp.c:184:6:HAL_DSI_MspDeInit	16	static
../Core/Src/stm32f7xx_hal_msp.c:212:6:HAL_QSPI_MspInit	48	static
../Core/Src/stm32f7xx_hal_msp.c:274:6:HAL_QSPI_MspDeInit	16	static
../Core/Src/stm32f7xx_hal_msp.c:309:6:HAL_RTC_MspInit	160	static
../Core/Src/stm32f7xx_hal_msp.c:342:6:HAL_RTC_MspDeInit	16	static
../Core/Src/stm32f7xx_hal_msp.c:364:6:HAL_SD_MspInit	192	static
../Core/Src/stm32f7xx_hal_msp.c:471:6:HAL_SD_MspDeInit	16	static
../Core/Src/stm32f7xx_hal_msp.c:513:6:HAL_SPDIFRX_MspInit	192	static
../Core/Src/stm32f7xx_hal_msp.c:563:6:HAL_SPDIFRX_MspDeInit	16	static
../Core/Src/stm32f7xx_hal_msp.c:591:6:HAL_UART_MspInit	192	static
../Core/Src/stm32f7xx_hal_msp.c:638:6:HAL_UART_MspDeInit	16	static
../Core/Src/stm32f7xx_hal_msp.c:667:6:HAL_PCD_MspInit	192	static
../Core/Src/stm32f7xx_hal_msp.c:713:6:HAL_PCD_MspDeInit	16	static
../Core/Src/stm32f7xx_hal_msp.c:738:13:HAL_FMC_MspInit	32	static
../Core/Src/stm32f7xx_hal_msp.c:892:6:HAL_NOR_MspInit	16	static
../Core/Src/stm32f7xx_hal_msp.c:902:6:HAL_SRAM_MspInit	16	static
../Core/Src/stm32f7xx_hal_msp.c:912:6:HAL_SDRAM_MspInit	16	static
../Core/Src/stm32f7xx_hal_msp.c:924:13:HAL_FMC_MspDeInit	8	static
../Core/Src/stm32f7xx_hal_msp.c:1041:6:HAL_NOR_MspDeInit	16	static
../Core/Src/stm32f7xx_hal_msp.c:1051:6:HAL_SRAM_MspDeInit	16	static
../Core/Src/stm32f7xx_hal_msp.c:1061:6:HAL_SDRAM_MspDeInit	16	static
../Core/Src/stm32f7xx_hal_msp.c:1074:6:HAL_SAI_MspInit	48	static
../Core/Src/stm32f7xx_hal_msp.c:1146:6:HAL_SAI_MspDeInit	16	static
