../X-CUBE-AI/App/aiPbMgr.c:203:13:ai_init_buffer_shape_msg	8	static
../X-CUBE-AI/App/aiPbMgr.c:223:13:aiPbBuffer_read_cb3	40	static
../X-CUBE-AI/App/aiPbMgr.c:296:13:aiPbBuffer_write_cb3	40	static
../X-CUBE-AI/App/aiPbMgr.c:365:13:aiPbMgrSetMetaInfo.constprop	8	static
../X-CUBE-AI/App/aiPbMgr.c:471:13:init_aibuffer_msg	16	static
../X-CUBE-AI/App/aiPbMgr.c:499:13:nn_shape_w_cb	64	static
../X-CUBE-AI/App/aiPbMgr.c:527:13:nn_outputs_w_cb	0	static
../X-CUBE-AI/App/aiPbMgr.c:516:13:nn_inputs_w_cb	0	static
../X-CUBE-AI/App/aiPbMgr.c:46:6:aiPbMgrInit	64	static
../X-CUBE-AI/App/aiPbMgr.c:103:6:aiPbMgrSendResp	8	static
../X-CUBE-AI/App/aiPbMgr.c:72:5:aiPbMgrWaitAndProcess	16	static
../X-CUBE-AI/App/aiPbMgr.c:112:6:aiPbMgrSendAck	12	static
../X-CUBE-AI/App/aiPbMgr.c:121:6:aiPbMgrWaitAck	24	static
../X-CUBE-AI/App/aiPbMgr.c:130:6:aiPbMgrSendLog	40	static
../X-CUBE-AI/App/aiPbMgr.c:152:6:aiPbMgrSendLogV2	32	static
../X-CUBE-AI/App/aiPbMgr.c:184:10:aiPbAiBufferSize	0	static
../X-CUBE-AI/App/aiPbMgr.c:330:6:aiPbMgrReceiveAiBuffer3	88	static
../X-CUBE-AI/App/aiPbMgr.c:376:6:aiPbMgrSendAiBuffer4	48	static
../X-CUBE-AI/App/aiPbMgr.c:433:6:aiPbCmdSync	4	static
../X-CUBE-AI/App/aiPbMgr.c:454:6:aiPbCmdSysInfo	16	static
../X-CUBE-AI/App/aiPbMgr.c:538:6:aiPbStrCopy	32	static
../X-CUBE-AI/App/aiPbMgr.c:555:10:aiPbVersionToUint32	0	static
../X-CUBE-AI/App/aiPbMgr.c:564:6:aiPbMgrSendNNInfo	112	static
