../X-CUBE-AI/App/aiTestUtility.h:297:22:dwtIpInit	0	static
../X-CUBE-AI/App/aiTestUtility.h:372:22:cyclesCounterStart	8	static
../X-CUBE-AI/App/aiTestUtility.h:389:26:cyclesCounterEnd	24	static
../X-CUBE-AI/App/aiValidation.c:148:15:aiOnExecNode_cb	120	static
../X-CUBE-AI/App/aiValidation.c:360:36:aiExecCtx	32	static
../X-CUBE-AI/App/aiValidation.c:490:6:aiPbCmdNNInfo	24	static
../X-CUBE-AI/App/aiValidation.c:505:6:aiPbCmdNNRun	192	static
../X-CUBE-AI/App/aiValidation.c:617:5:aiValidationInit	32	static
../X-CUBE-AI/App/aiValidation.c:631:5:aiValidationProcess	40	static
../X-CUBE-AI/App/aiValidation.c:662:6:aiValidationDeInit	24	static
