../Drivers/CMSIS/Include/core_cm7.h:2229:22:SCB_EnableICache	4	static,ignoring_inline_asm
../Drivers/CMSIS/Include/core_cm7.h:2281:22:SCB_EnableDCache	24	static,ignoring_inline_asm
../Core/Src/main.c:108:5:main	304	static
../Core/Src/main.c:253:6:SystemClock_Config	88	static
../Core/Src/main.c:310:6:PeriphCommonClock_Config	152	static
../Core/Src/main.c:337:13:MX_ADC3_Init	24	static
../Core/Src/main.c:389:13:MX_CRC_Init	8	static
../Core/Src/main.c:420:13:MX_DSIHOST_DSI_Init	136	static
../Core/Src/main.c:510:13:MX_QUADSPI_Init	8	static
../Core/Src/main.c:545:13:MX_SAI1_Init	8	static
../Core/Src/main.c:579:13:MX_SAI2_Init	8	static
../Core/Src/main.c:628:13:MX_SDMMC1_MMC_Init	8	static
../Core/Src/main.c:664:13:MX_SPDIFRX_Init	8	static
../Core/Src/main.c:700:13:MX_TIM14_Init	8	static
../Core/Src/main.c:731:13:MX_USART1_UART_Init	8	static
../Core/Src/main.c:766:13:MX_USB_OTG_FS_PCD_Init	8	static
../Core/Src/main.c:801:13:MX_USB_OTG_HS_PCD_Init	8	static
../Core/Src/main.c:833:13:MX_FMC_Init	64	static
../Core/Src/main.c:955:13:MX_GPIO_Init	72	static
../Core/Src/main.c:1147:6:Error_Handler	4	static,ignoring_inline_asm
