../Core/Src/stm32f7xx_hal_msp.c:63:6:HAL_MspInit	16	static
../Core/Src/stm32f7xx_hal_msp.c:85:6:HAL_ADC_MspInit	48	static
../Core/Src/stm32f7xx_hal_msp.c:118:6:HAL_ADC_MspDeInit	16	static
../Core/Src/stm32f7xx_hal_msp.c:146:6:HAL_CRC_MspInit	24	static
../Core/Src/stm32f7xx_hal_msp.c:168:6:HAL_CRC_MspDeInit	16	static
../Core/Src/stm32f7xx_hal_msp.c:190:6:HAL_DSI_MspInit	48	static
../Core/Src/stm32f7xx_hal_msp.c:225:6:HAL_DSI_MspDeInit	16	static
../Core/Src/stm32f7xx_hal_msp.c:253:6:HAL_QSPI_MspInit	48	static
../Core/Src/stm32f7xx_hal_msp.c:315:6:HAL_QSPI_MspDeInit	16	static
../Core/Src/stm32f7xx_hal_msp.c:350:6:HAL_MMC_MspInit	192	static
../Core/Src/stm32f7xx_hal_msp.c:411:6:HAL_MMC_MspDeInit	16	static
../Core/Src/stm32f7xx_hal_msp.c:447:6:HAL_SPDIFRX_MspInit	192	static
../Core/Src/stm32f7xx_hal_msp.c:497:6:HAL_SPDIFRX_MspDeInit	16	static
../Core/Src/stm32f7xx_hal_msp.c:525:6:HAL_TIM_Base_MspInit	24	static
../Core/Src/stm32f7xx_hal_msp.c:547:6:HAL_TIM_Base_MspDeInit	16	static
../Core/Src/stm32f7xx_hal_msp.c:569:6:HAL_UART_MspInit	192	static
../Core/Src/stm32f7xx_hal_msp.c:616:6:HAL_UART_MspDeInit	16	static
../Core/Src/stm32f7xx_hal_msp.c:645:6:HAL_PCD_MspInit	224	static
../Core/Src/stm32f7xx_hal_msp.c:768:6:HAL_PCD_MspDeInit	16	static
../Core/Src/stm32f7xx_hal_msp.c:834:13:HAL_FMC_MspInit	32	static
../Core/Src/stm32f7xx_hal_msp.c:988:6:HAL_NOR_MspInit	16	static
../Core/Src/stm32f7xx_hal_msp.c:998:6:HAL_SRAM_MspInit	16	static
../Core/Src/stm32f7xx_hal_msp.c:1008:6:HAL_SDRAM_MspInit	16	static
../Core/Src/stm32f7xx_hal_msp.c:1020:13:HAL_FMC_MspDeInit	8	static
../Core/Src/stm32f7xx_hal_msp.c:1137:6:HAL_NOR_MspDeInit	16	static
../Core/Src/stm32f7xx_hal_msp.c:1147:6:HAL_SRAM_MspDeInit	16	static
../Core/Src/stm32f7xx_hal_msp.c:1157:6:HAL_SDRAM_MspDeInit	16	static
../Core/Src/stm32f7xx_hal_msp.c:1170:6:HAL_SAI_MspInit	48	static
../Core/Src/stm32f7xx_hal_msp.c:1242:6:HAL_SAI_MspDeInit	16	static
