../Drivers/BSP/STM32F769I_EVAL/stm32f769i_eval_audio.c:245:9:BSP_AUDIO_OUT_Init	32	static
../Drivers/BSP/STM32F769I_EVAL/stm32f769i_eval_audio.c:325:9:BSP_AUDIO_OUT_Play	24	static
../Drivers/BSP/STM32F769I_EVAL/stm32f769i_eval_audio.c:374:6:BSP_AUDIO_OUT_ChangeBuffer	16	static
../Drivers/BSP/STM32F769I_EVAL/stm32f769i_eval_audio.c:387:9:BSP_AUDIO_OUT_Pause	16	static
../Drivers/BSP/STM32F769I_EVAL/stm32f769i_eval_audio.c:438:9:BSP_AUDIO_OUT_Resume	16	static
../Drivers/BSP/STM32F769I_EVAL/stm32f769i_eval_audio.c:491:9:BSP_AUDIO_OUT_Stop	24	static
../Drivers/BSP/STM32F769I_EVAL/stm32f769i_eval_audio.c:547:9:BSP_AUDIO_OUT_SetVolume	16	static
../Drivers/BSP/STM32F769I_EVAL/stm32f769i_eval_audio.c:567:9:BSP_AUDIO_OUT_SetMute	24	static
../Drivers/BSP/STM32F769I_EVAL/stm32f769i_eval_audio.c:615:9:BSP_AUDIO_OUT_SetOutputMode	16	static
../Drivers/BSP/STM32F769I_EVAL/stm32f769i_eval_audio.c:636:6:BSP_AUDIO_OUT_SetFrequency	16	static
../Drivers/BSP/STM32F769I_EVAL/stm32f769i_eval_audio.c:659:6:BSP_AUDIO_OUT_SetAudioFrameSlot	16	static
../Drivers/BSP/STM32F769I_EVAL/stm32f769i_eval_audio.c:677:6:BSP_AUDIO_OUT_DeInit	8	static
../Drivers/BSP/STM32F769I_EVAL/stm32f769i_eval_audio.c:689:6:HAL_SAI_TxCpltCallback	16	static
../Drivers/BSP/STM32F769I_EVAL/stm32f769i_eval_audio.c:701:6:HAL_SAI_TxHalfCpltCallback	16	static
../Drivers/BSP/STM32F769I_EVAL/stm32f769i_eval_audio.c:713:6:HAL_SAI_ErrorCallback	16	static
../Drivers/BSP/STM32F769I_EVAL/stm32f769i_eval_audio.c:722:13:BSP_AUDIO_OUT_TransferComplete_CallBack	4	static
../Drivers/BSP/STM32F769I_EVAL/stm32f769i_eval_audio.c:730:13:BSP_AUDIO_OUT_HalfTransfer_CallBack	4	static
../Drivers/BSP/STM32F769I_EVAL/stm32f769i_eval_audio.c:738:13:BSP_AUDIO_OUT_Error_CallBack	4	static
../Drivers/BSP/STM32F769I_EVAL/stm32f769i_eval_audio.c:748:13:BSP_AUDIO_OUT_MspInit	56	static
../Drivers/BSP/STM32F769I_EVAL/stm32f769i_eval_audio.c:831:13:BSP_AUDIO_OUT_MspDeInit	40	static
../Drivers/BSP/STM32F769I_EVAL/stm32f769i_eval_audio.c:876:13:BSP_AUDIO_OUT_ClockConfig	168	static
../Drivers/BSP/STM32F769I_EVAL/stm32f769i_eval_audio.c:925:13:SAIx_Init	16	static
../Drivers/BSP/STM32F769I_EVAL/stm32f769i_eval_audio.c:984:13:SAIx_DeInit	8	static
../Drivers/BSP/STM32F769I_EVAL/stm32f769i_eval_audio.c:1010:9:BSP_AUDIO_IN_Init	24	static
../Drivers/BSP/STM32F769I_EVAL/stm32f769i_eval_audio.c:1031:9:BSP_AUDIO_IN_AllocScratch	24	static
../Drivers/BSP/STM32F769I_EVAL/stm32f769i_eval_audio.c:1052:9:BSP_AUDIO_IN_Record	16	static
../Drivers/BSP/STM32F769I_EVAL/stm32f769i_eval_audio.c:1080:9:BSP_AUDIO_IN_Stop	8	static
../Drivers/BSP/STM32F769I_EVAL/stm32f769i_eval_audio.c:1105:9:BSP_AUDIO_IN_Pause	8	static
../Drivers/BSP/STM32F769I_EVAL/stm32f769i_eval_audio.c:1127:9:BSP_AUDIO_IN_Resume	8	static
../Drivers/BSP/STM32F769I_EVAL/stm32f769i_eval_audio.c:1149:6:BSP_AUDIO_IN_DeInit	8	static
../Drivers/BSP/STM32F769I_EVAL/stm32f769i_eval_audio.c:1163:6:HAL_DFSDM_FilterRegConvCpltCallback	24	static
../Drivers/BSP/STM32F769I_EVAL/stm32f769i_eval_audio.c:1209:6:HAL_DFSDM_FilterRegConvHalfCpltCallback	24	static
../Drivers/BSP/STM32F769I_EVAL/stm32f769i_eval_audio.c:1254:13:BSP_AUDIO_IN_TransferComplete_CallBack	4	static
../Drivers/BSP/STM32F769I_EVAL/stm32f769i_eval_audio.c:1265:13:BSP_AUDIO_IN_HalfTransfer_CallBack	4	static
../Drivers/BSP/STM32F769I_EVAL/stm32f769i_eval_audio.c:1276:13:BSP_AUDIO_IN_Error_Callback	4	static
../Drivers/BSP/STM32F769I_EVAL/stm32f769i_eval_audio.c:1286:13:BSP_AUDIO_IN_MspInit	8	static
../Drivers/BSP/STM32F769I_EVAL/stm32f769i_eval_audio.c:1298:13:BSP_AUDIO_IN_MspDeInit	8	static
../Drivers/BSP/STM32F769I_EVAL/stm32f769i_eval_audio.c:1315:13:BSP_AUDIO_IN_ClockConfig	168	static
../Drivers/BSP/STM32F769I_EVAL/stm32f769i_eval_audio.c:1368:16:DFSDMx_Init	16	static
../Drivers/BSP/STM32F769I_EVAL/stm32f769i_eval_audio.c:1472:16:DFSDMx_DeInit	8	static
../Drivers/BSP/STM32F769I_EVAL/stm32f769i_eval_audio.c:1503:13:DFSDMx_ChannelMspInit	40	static
../Drivers/BSP/STM32F769I_EVAL/stm32f769i_eval_audio.c:1530:13:DFSDMx_ChannelMspDeInit	32	static
../Drivers/BSP/STM32F769I_EVAL/stm32f769i_eval_audio.c:1543:13:DFSDMx_FilterMspInit	16	static
../Drivers/BSP/STM32F769I_EVAL/stm32f769i_eval_audio.c:1604:13:DFSDMx_FilterMspDeInit	8	static
