Archive member included to satisfy reference by file (symbol)

/opt/st/stm32cubeide_1.10.1/plugins/com.st.stm32cube.ide.mcu.externaltools.gnu-tools-for-stm32.10.3-2021.10.linux64_1.0.0.202111181127/tools/bin/../lib/gcc/arm-none-eabi/10.3.1/../../../../arm-none-eabi/lib/thumb/v7e-m+dp/hard/libc_nano.a(lib_a-errno.o)
                              ./Core/Src/syscalls.o (__errno)
/opt/st/stm32cubeide_1.10.1/plugins/com.st.stm32cube.ide.mcu.externaltools.gnu-tools-for-stm32.10.3-2021.10.linux64_1.0.0.202111181127/tools/bin/../lib/gcc/arm-none-eabi/10.3.1/../../../../arm-none-eabi/lib/thumb/v7e-m+dp/hard/libc_nano.a(lib_a-exit.o)
                              /opt/st/stm32cubeide_1.10.1/plugins/com.st.stm32cube.ide.mcu.externaltools.gnu-tools-for-stm32.10.3-2021.10.linux64_1.0.0.202111181127/tools/bin/../lib/gcc/arm-none-eabi/10.3.1/../../../../arm-none-eabi/lib/thumb/v7e-m+dp/hard/crt0.o (exit)
/opt/st/stm32cubeide_1.10.1/plugins/com.st.stm32cube.ide.mcu.externaltools.gnu-tools-for-stm32.10.3-2021.10.linux64_1.0.0.202111181127/tools/bin/../lib/gcc/arm-none-eabi/10.3.1/../../../../arm-none-eabi/lib/thumb/v7e-m+dp/hard/libc_nano.a(lib_a-impure.o)
                              /opt/st/stm32cubeide_1.10.1/plugins/com.st.stm32cube.ide.mcu.externaltools.gnu-tools-for-stm32.10.3-2021.10.linux64_1.0.0.202111181127/tools/bin/../lib/gcc/arm-none-eabi/10.3.1/../../../../arm-none-eabi/lib/thumb/v7e-m+dp/hard/libc_nano.a(lib_a-exit.o) (_global_impure_ptr)
/opt/st/stm32cubeide_1.10.1/plugins/com.st.stm32cube.ide.mcu.externaltools.gnu-tools-for-stm32.10.3-2021.10.linux64_1.0.0.202111181127/tools/bin/../lib/gcc/arm-none-eabi/10.3.1/../../../../arm-none-eabi/lib/thumb/v7e-m+dp/hard/libc_nano.a(lib_a-init.o)
                              /opt/st/stm32cubeide_1.10.1/plugins/com.st.stm32cube.ide.mcu.externaltools.gnu-tools-for-stm32.10.3-2021.10.linux64_1.0.0.202111181127/tools/bin/../lib/gcc/arm-none-eabi/10.3.1/../../../../arm-none-eabi/lib/thumb/v7e-m+dp/hard/crt0.o (__libc_init_array)
/opt/st/stm32cubeide_1.10.1/plugins/com.st.stm32cube.ide.mcu.externaltools.gnu-tools-for-stm32.10.3-2021.10.linux64_1.0.0.202111181127/tools/bin/../lib/gcc/arm-none-eabi/10.3.1/../../../../arm-none-eabi/lib/thumb/v7e-m+dp/hard/libc_nano.a(lib_a-memset.o)
                              /opt/st/stm32cubeide_1.10.1/plugins/com.st.stm32cube.ide.mcu.externaltools.gnu-tools-for-stm32.10.3-2021.10.linux64_1.0.0.202111181127/tools/bin/../lib/gcc/arm-none-eabi/10.3.1/../../../../arm-none-eabi/lib/thumb/v7e-m+dp/hard/crt0.o (memset)
/opt/st/stm32cubeide_1.10.1/plugins/com.st.stm32cube.ide.mcu.externaltools.gnu-tools-for-stm32.10.3-2021.10.linux64_1.0.0.202111181127/tools/bin/../lib/gcc/arm-none-eabi/10.3.1/thumb/v7e-m+dp/hard/libgcc.a(_aeabi_uldivmod.o)
                              ./Drivers/STM32F7xx_HAL_Driver/Src/stm32f7xx_hal_rcc.o (__aeabi_uldivmod)
/opt/st/stm32cubeide_1.10.1/plugins/com.st.stm32cube.ide.mcu.externaltools.gnu-tools-for-stm32.10.3-2021.10.linux64_1.0.0.202111181127/tools/bin/../lib/gcc/arm-none-eabi/10.3.1/thumb/v7e-m+dp/hard/libgcc.a(_udivmoddi4.o)
                              /opt/st/stm32cubeide_1.10.1/plugins/com.st.stm32cube.ide.mcu.externaltools.gnu-tools-for-stm32.10.3-2021.10.linux64_1.0.0.202111181127/tools/bin/../lib/gcc/arm-none-eabi/10.3.1/thumb/v7e-m+dp/hard/libgcc.a(_aeabi_uldivmod.o) (__udivmoddi4)
/opt/st/stm32cubeide_1.10.1/plugins/com.st.stm32cube.ide.mcu.externaltools.gnu-tools-for-stm32.10.3-2021.10.linux64_1.0.0.202111181127/tools/bin/../lib/gcc/arm-none-eabi/10.3.1/thumb/v7e-m+dp/hard/libgcc.a(_dvmd_tls.o)
                              /opt/st/stm32cubeide_1.10.1/plugins/com.st.stm32cube.ide.mcu.externaltools.gnu-tools-for-stm32.10.3-2021.10.linux64_1.0.0.202111181127/tools/bin/../lib/gcc/arm-none-eabi/10.3.1/thumb/v7e-m+dp/hard/libgcc.a(_aeabi_uldivmod.o) (__aeabi_ldiv0)

Discarded input sections

 .text          0x0000000000000000        0x0 /opt/st/stm32cubeide_1.10.1/plugins/com.st.stm32cube.ide.mcu.externaltools.gnu-tools-for-stm32.10.3-2021.10.linux64_1.0.0.202111181127/tools/bin/../lib/gcc/arm-none-eabi/10.3.1/thumb/v7e-m+dp/hard/crti.o
 .data          0x0000000000000000        0x0 /opt/st/stm32cubeide_1.10.1/plugins/com.st.stm32cube.ide.mcu.externaltools.gnu-tools-for-stm32.10.3-2021.10.linux64_1.0.0.202111181127/tools/bin/../lib/gcc/arm-none-eabi/10.3.1/thumb/v7e-m+dp/hard/crti.o
 .bss           0x0000000000000000        0x0 /opt/st/stm32cubeide_1.10.1/plugins/com.st.stm32cube.ide.mcu.externaltools.gnu-tools-for-stm32.10.3-2021.10.linux64_1.0.0.202111181127/tools/bin/../lib/gcc/arm-none-eabi/10.3.1/thumb/v7e-m+dp/hard/crti.o
 .data          0x0000000000000000        0x4 /opt/st/stm32cubeide_1.10.1/plugins/com.st.stm32cube.ide.mcu.externaltools.gnu-tools-for-stm32.10.3-2021.10.linux64_1.0.0.202111181127/tools/bin/../lib/gcc/arm-none-eabi/10.3.1/thumb/v7e-m+dp/hard/crtbegin.o
[...]
Memory Configuration

Name             Origin             Length             Attributes
RAM              0x0000000020000000 0x0000000000080000 xrw
FLASH            0x0000000008000000 0x0000000000200000 xr
*default*        0x0000000000000000 0xffffffffffffffff

Linker script and memory map

LOAD /opt/st/stm32cubeide_1.10.1/plugins/com.st.stm32cube.ide.mcu.externaltools.gnu-tools-for-stm32.10.3-2021.10.linux64_1.0.0.202111181127/tools/bin/../lib/gcc/arm-none-eabi/10.3.1/thumb/v7e-m+dp/hard/crti.o
LOAD /opt/st/stm32cubeide_1.10.1/plugins/com.st.stm32cube.ide.mcu.externaltools.gnu-tools-for-stm32.10.3-2021.10.linux64_1.0.0.202111181127/tools/bin/../lib/gcc/arm-none-eabi/10.3.1/thumb/v7e-m+dp/hard/crtbegin.o
LOAD /opt/st/stm32cubeide_1.10.1/plugins/com.st.stm32cube.ide.mcu.externaltools.gnu-tools-for-stm32.10.3-2021.10.linux64_1.0.0.202111181127/tools/bin/../lib/gcc/arm-none-eabi/10.3.1/../../../../arm-none-eabi/lib/thumb/v7e-m+dp/hard/crt0.o
LOAD ./Core/Src/adc.o
LOAD ./Core/Src/dfsdm.o
LOAD ./Core/Src/dma.o
LOAD ./Core/Src/gpio.o
LOAD ./Core/Src/main.o
LOAD ./Core/Src/sai.o
LOAD ./Core/Src/stm32f7xx_hal_msp.o
LOAD ./Core/Src/stm32f7xx_it.o
LOAD ./Core/Src/syscalls.o
LOAD ./Core/Src/sysmem.o
LOAD ./Core/Src/system_stm32f7xx.o
LOAD ./Core/Src/usart.o
LOAD ./Core/Startup/startup_stm32f769nihx.o
LOAD ./Drivers/STM32F7xx_HAL_Driver/Src/stm32f7xx_hal.o
LOAD ./Drivers/STM32F7xx_HAL_Driver/Src/stm32f7xx_hal_adc.o
LOAD ./Drivers/STM32F7xx_HAL_Driver/Src/stm32f7xx_hal_adc_ex.o
LOAD ./Drivers/STM32F7xx_HAL_Driver/Src/stm32f7xx_hal_cortex.o
LOAD ./Drivers/STM32F7xx_HAL_Driver/Src/stm32f7xx_hal_dfsdm.o
LOAD ./Drivers/STM32F7xx_HAL_Driver/Src/stm32f7xx_hal_dma.o
LOAD ./Drivers/STM32F7xx_HAL_Driver/Src/stm32f7xx_hal_dma_ex.o
LOAD ./Drivers/STM32F7xx_HAL_Driver/Src/stm32f7xx_hal_exti.o
LOAD ./Drivers/STM32F7xx_HAL_Driver/Src/stm32f7xx_hal_flash.o
LOAD ./Drivers/STM32F7xx_HAL_Driver/Src/stm32f7xx_hal_flash_ex.o
LOAD ./Drivers/STM32F7xx_HAL_Driver/Src/stm32f7xx_hal_gpio.o
LOAD ./Drivers/STM32F7xx_HAL_Driver/Src/stm32f7xx_hal_i2c.o
LOAD ./Drivers/STM32F7xx_HAL_Driver/Src/stm32f7xx_hal_i2c_ex.o
LOAD ./Drivers/STM32F7xx_HAL_Driver/Src/stm32f7xx_hal_pwr.o
LOAD ./Drivers/STM32F7xx_HAL_Driver/Src/stm32f7xx_hal_pwr_ex.o
LOAD ./Drivers/STM32F7xx_HAL_Driver/Src/stm32f7xx_hal_rcc.o
LOAD ./Drivers/STM32F7xx_HAL_Driver/Src/stm32f7xx_hal_rcc_ex.o
LOAD ./Drivers/STM32F7xx_HAL_Driver/Src/stm32f7xx_hal_sai.o
LOAD ./Drivers/STM32F7xx_HAL_Driver/Src/stm32f7xx_hal_sai_ex.o
LOAD ./Drivers/STM32F7xx_HAL_Driver/Src/stm32f7xx_hal_tim.o
LOAD ./Drivers/STM32F7xx_HAL_Driver/Src/stm32f7xx_hal_tim_ex.o
LOAD ./Drivers/STM32F7xx_HAL_Driver/Src/stm32f7xx_hal_uart.o
LOAD ./Drivers/STM32F7xx_HAL_Driver/Src/stm32f7xx_hal_uart_ex.o
START GROUP
LOAD /opt/st/stm32cubeide_1.10.1/plugins/com.st.stm32cube.ide.mcu.externaltools.gnu-tools-for-stm32.10.3-2021.10.linux64_1.0.0.202111181127/tools/bin/../lib/gcc/arm-none-eabi/10.3.1/../../../../arm-none-eabi/lib/thumb/v7e-m+dp/hard/libc_nano.a
LOAD /opt/st/stm32cubeide_1.10.1/plugins/com.st.stm32cube.ide.mcu.externaltools.gnu-tools-for-stm32.10.3-2021.10.linux64_1.0.0.202111181127/tools/bin/../lib/gcc/arm-none-eabi/10.3.1/../../../../arm-none-eabi/lib/thumb/v7e-m+dp/hard/libm.a
END GROUP
START GROUP
LOAD /opt/st/stm32cubeide_1.10.1/plugins/com.st.stm32cube.ide.mcu.externaltools.gnu-tools-for-stm32.10.3-2021.10.linux64_1.0.0.202111181127/tools/bin/../lib/gcc/arm-none-eabi/10.3.1/thumb/v7e-m+dp/hard/libgcc.a
LOAD /opt/st/stm32cubeide_1.10.1/plugins/com.st.stm32cube.ide.mcu.externaltools.gnu-tools-for-stm32.10.3-2021.10.linux64_1.0.0.202111181127/tools/bin/../lib/gcc/arm-none-eabi/10.3.1/../../../../arm-none-eabi/lib/thumb/v7e-m+dp/hard/libc_nano.a
END GROUP
START GROUP
LOAD /opt/st/stm32cubeide_1.10.1/plugins/com.st.stm32cube.ide.mcu.externaltools.gnu-tools-for-stm32.10.3-2021.10.linux64_1.0.0.202111181127/tools/bin/../lib/gcc/arm-none-eabi/10.3.1/thumb/v7e-m+dp/hard/libgcc.a
LOAD /opt/st/stm32cubeide_1.10.1/plugins/com.st.stm32cube.ide.mcu.externaltools.gnu-tools-for-stm32.10.3-2021.10.linux64_1.0.0.202111181127/tools/bin/../lib/gcc/arm-none-eabi/10.3.1/../../../../arm-none-eabi/lib/thumb/v7e-m+dp/hard/libc_nano.a
LOAD /opt/st/stm32cubeide_1.10.1/plugins/com.st.stm32cube.ide.mcu.externaltools.gnu-tools-for-stm32.10.3-2021.10.linux64_1.0.0.202111181127/tools/bin/../lib/gcc/arm-none-eabi/10.3.1/../../../../arm-none-eabi/lib/thumb/v7e-m+dp/hard/libnosys.a
END GROUP
START GROUP
LOAD /opt/st/stm32cubeide_1.10.1/plugins/com.st.stm32cube.ide.mcu.externaltools.gnu-tools-for-stm32.10.3-2021.10.linux64_1.0.0.202111181127/tools/bin/../lib/gcc/arm-none-eabi/10.3.1/thumb/v7e-m+dp/hard/libgcc.a
LOAD /opt/st/stm32cubeide_1.10.1/plugins/com.st.stm32cube.ide.mcu.externaltools.gnu-tools-for-stm32.10.3-2021.10.linux64_1.0.0.202111181127/tools/bin/../lib/gcc/arm-none-eabi/10.3.1/../../../../arm-none-eabi/lib/thumb/v7e-m+dp/hard/libc_nano.a
LOAD /opt/st/stm32cubeide_1.10.1/plugins/com.st.stm32cube.ide.mcu.externaltools.gnu-tools-for-stm32.10.3-2021.10.linux64_1.0.0.202111181127/tools/bin/../lib/gcc/arm-none-eabi/10.3.1/../../../../arm-none-eabi/lib/thumb/v7e-m+dp/hard/libnosys.a
END GROUP
LOAD /opt/st/stm32cubeide_1.10.1/plugins/com.st.stm32cube.ide.mcu.externaltools.gnu-tools-for-stm32.10.3-2021.10.linux64_1.0.0.202111181127/tools/bin/../lib/gcc/arm-none-eabi/10.3.1/thumb/v7e-m+dp/hard/crtend.o
LOAD /opt/st/stm32cubeide_1.10.1/plugins/com.st.stm32cube.ide.mcu.externaltools.gnu-tools-for-stm32.10.3-2021.10.linux64_1.0.0.202111181127/tools/bin/../lib/gcc/arm-none-eabi/10.3.1/thumb/v7e-m+dp/hard/crtn.o
                0x0000000020080000                _estack = (ORIGIN (RAM) + LENGTH (RAM))
                0x0000000000000200                _Min_Heap_Size = 0x200
                0x0000000000000400                _Min_Stack_Size = 0x400

.isr_vector     0x0000000008000000      0x1f8
                0x0000000008000000                . = ALIGN (0x4)
 *(.isr_vector)
 .isr_vector    0x0000000008000000      0x1f8 ./Core/Startup/startup_stm32f769nihx.o
                0x0000000008000000                g_pfnVectors
                0x00000000080001f8                . = ALIGN (0x4)

.text           0x00000000080001f8     0x4cc4
                0x00000000080001f8                . = ALIGN (0x4)
 *(.text)
 .text          0x00000000080001f8       0x40 /opt/st/stm32cubeide_1.10.1/plugins/com.st.stm32cube.ide.mcu.externaltools.gnu-tools-for-stm32.10.3-2021.10.linux64_1.0.0.202111181127/tools/bin/../lib/gcc/arm-none-eabi/10.3.1/thumb/v7e-m+dp/hard/crtbegin.o
 .text          0x0000000008000238       0x30 /opt/st/stm32cubeide_1.10.1/plugins/com.st.stm32cube.ide.mcu.externaltools.gnu-tools-for-stm32.10.3-2021.10.linux64_1.0.0.202111181127/tools/bin/../lib/gcc/arm-none-eabi/10.3.1/thumb/v7e-m+dp/hard/libgcc.a(_aeabi_uldivmod.o)
                0x0000000008000238                __aeabi_uldivmod
 .text          0x0000000008000268      0x2d0 /opt/st/stm32cubeide_1.10.1/plugins/com.st.stm32cube.ide.mcu.externaltools.gnu-tools-for-stm32.10.3-2021.10.linux64_1.0.0.202111181127/tools/bin/../lib/gcc/arm-none-eabi/10.3.1/thumb/v7e-m+dp/hard/libgcc.a(_udivmoddi4.o)
                0x0000000008000268                __udivmoddi4
 .text          0x0000000008000538        0x4 /opt/st/stm32cubeide_1.10.1/plugins/com.st.stm32cube.ide.mcu.externaltools.gnu-tools-for-stm32.10.3-2021.10.linux64_1.0.0.202111181127/tools/bin/../lib/gcc/arm-none-eabi/10.3.1/thumb/v7e-m+dp/hard/libgcc.a(_dvmd_tls.o)
                0x0000000008000538                __aeabi_ldiv0
                0x0000000008000538                __aeabi_idiv0
 *(.text*)
 .text.MX_ADC1_Init
                0x000000000800053c       0xa8 ./Core/Src/adc.o
                0x000000000800053c                MX_ADC1_Init
 .text.HAL_ADC_MspInit
                0x00000000080005e4       0x40 ./Core/Src/adc.o
                0x00000000080005e4                HAL_ADC_MspInit
 .text.MX_DFSDM1_Init
                0x0000000008000624      0x1b8 ./Core/Src/dfsdm.o
                0x0000000008000624                MX_DFSDM1_Init
 .text.HAL_DFSDM_FilterMspInit
                0x00000000080007dc      0x1d0 ./Core/Src/dfsdm.o
                0x00000000080007dc                HAL_DFSDM_FilterMspInit
 .text.HAL_DFSDM_ChannelMspInit
                0x00000000080009ac       0xc4 ./Core/Src/dfsdm.o
                0x00000000080009ac                HAL_DFSDM_ChannelMspInit
 .text.MX_DMA_Init
                0x0000000008000a70       0x5c ./Core/Src/dma.o
                0x0000000008000a70                MX_DMA_Init
 .text.MX_GPIO_Init
                0x0000000008000acc       0xa8 ./Core/Src/gpio.o
                0x0000000008000acc                MX_GPIO_Init
 .text.HAL_DFSDM_FilterRegConvHalfCpltCallback
                0x0000000008000b74       0x38 ./Core/Src/main.o
                0x0000000008000b74                HAL_DFSDM_FilterRegConvHalfCpltCallback
 .text.HAL_DFSDM_FilterRegConvCpltCallback
                0x0000000008000bac       0x38 ./Core/Src/main.o
                0x0000000008000bac                HAL_DFSDM_FilterRegConvCpltCallback
 .text.main     0x0000000008000be4      0x1b8 ./Core/Src/main.o
                0x0000000008000be4                main
 .text.SystemClock_Config
                0x0000000008000d9c       0xe0 ./Core/Src/main.o
                0x0000000008000d9c                SystemClock_Config
 .text.PeriphCommonClock_Config
                0x0000000008000e7c       0x60 ./Core/Src/main.o
                0x0000000008000e7c                PeriphCommonClock_Config
 .text.Error_Handler
                0x0000000008000edc        0xa ./Core/Src/main.o
                0x0000000008000edc                Error_Handler
 *fill*         0x0000000008000ee6        0x2 
 .text.MX_SAI2_Init
                0x0000000008000ee8       0xbc ./Core/Src/sai.o
                0x0000000008000ee8                MX_SAI2_Init
 .text.HAL_SAI_MspInit
                0x0000000008000fa4      0x158 ./Core/Src/sai.o
                0x0000000008000fa4                HAL_SAI_MspInit
 .text.HAL_MspInit
                0x00000000080010fc       0x48 ./Core/Src/stm32f7xx_hal_msp.o
                0x00000000080010fc                HAL_MspInit
 .text.NMI_Handler
                0x0000000008001144        0x6 ./Core/Src/stm32f7xx_it.o
                0x0000000008001144                NMI_Handler
 .text.HardFault_Handler
                0x000000000800114a        0x6 ./Core/Src/stm32f7xx_it.o
                0x000000000800114a                HardFault_Handler
 .text.MemManage_Handler
                0x0000000008001150        0x6 ./Core/Src/stm32f7xx_it.o
                0x0000000008001150                MemManage_Handler
 .text.BusFault_Handler
                0x0000000008001156        0x6 ./Core/Src/stm32f7xx_it.o
                0x0000000008001156                BusFault_Handler
 .text.UsageFault_Handler
                0x000000000800115c        0x6 ./Core/Src/stm32f7xx_it.o
                0x000000000800115c                UsageFault_Handler
 .text.SVC_Handler
                0x0000000008001162        0xe ./Core/Src/stm32f7xx_it.o
                0x0000000008001162                SVC_Handler
 .text.DebugMon_Handler
                0x0000000008001170        0xe ./Core/Src/stm32f7xx_it.o
                0x0000000008001170                DebugMon_Handler
 .text.PendSV_Handler
                0x000000000800117e        0xe ./Core/Src/stm32f7xx_it.o
                0x000000000800117e                PendSV_Handler
 .text.SysTick_Handler
                0x000000000800118c        0xc ./Core/Src/stm32f7xx_it.o
                0x000000000800118c                SysTick_Handler
 .text.DMA2_Stream0_IRQHandler
                0x0000000008001198       0x14 ./Core/Src/stm32f7xx_it.o
                0x0000000008001198                DMA2_Stream0_IRQHandler
 .text.DMA2_Stream5_IRQHandler
                0x00000000080011ac       0x14 ./Core/Src/stm32f7xx_it.o
                0x00000000080011ac                DMA2_Stream5_IRQHandler
 .text.DMA2_Stream6_IRQHandler
                0x00000000080011c0       0x14 ./Core/Src/stm32f7xx_it.o
                0x00000000080011c0                DMA2_Stream6_IRQHandler
 .text.SystemInit
                0x00000000080011d4       0x24 ./Core/Src/system_stm32f7xx.o
                0x00000000080011d4                SystemInit
 .text.MX_UART4_Init
                0x00000000080011f8       0x60 ./Core/Src/usart.o
                0x00000000080011f8                MX_UART4_Init
 .text.HAL_UART_MspInit
                0x0000000008001258      0x104 ./Core/Src/usart.o
                0x0000000008001258                HAL_UART_MspInit
 .text.Reset_Handler
                0x000000000800135c       0x50 ./Core/Startup/startup_stm32f769nihx.o
                0x000000000800135c                Reset_Handler
 .text.Default_Handler
                0x00000000080013ac        0x2 ./Core/Startup/startup_stm32f769nihx.o
                0x00000000080013ac                RTC_Alarm_IRQHandler
                0x00000000080013ac                EXTI2_IRQHandler
                0x00000000080013ac                TIM8_CC_IRQHandler
                0x00000000080013ac                UART8_IRQHandler
                0x00000000080013ac                SPI4_IRQHandler
                0x00000000080013ac                TIM1_CC_IRQHandler
                0x00000000080013ac                JPEG_IRQHandler
                0x00000000080013ac                DMA1_Stream5_IRQHandler
                0x00000000080013ac                CAN3_RX1_IRQHandler
                0x00000000080013ac                PVD_IRQHandler
                0x00000000080013ac                TAMP_STAMP_IRQHandler
                0x00000000080013ac                CAN2_RX1_IRQHandler
                0x00000000080013ac                EXTI3_IRQHandler
                0x00000000080013ac                TIM8_TRG_COM_TIM14_IRQHandler
                0x00000000080013ac                DFSDM1_FLT1_IRQHandler
                0x00000000080013ac                TIM1_UP_TIM10_IRQHandler
                0x00000000080013ac                TIM8_UP_TIM13_IRQHandler
                0x00000000080013ac                I2C3_ER_IRQHandler
                0x00000000080013ac                DFSDM1_FLT2_IRQHandler
                0x00000000080013ac                EXTI0_IRQHandler
                0x00000000080013ac                I2C2_EV_IRQHandler
                0x00000000080013ac                DMA1_Stream2_IRQHandler
                0x00000000080013ac                CAN1_RX0_IRQHandler
                0x00000000080013ac                FPU_IRQHandler
                0x00000000080013ac                OTG_HS_WKUP_IRQHandler
                0x00000000080013ac                CAN3_SCE_IRQHandler
                0x00000000080013ac                LTDC_ER_IRQHandler
                0x00000000080013ac                CAN2_SCE_IRQHandler
                0x00000000080013ac                DMA2_Stream2_IRQHandler
                0x00000000080013ac                SPI1_IRQHandler
                0x00000000080013ac                TIM6_DAC_IRQHandler
                0x00000000080013ac                TIM1_BRK_TIM9_IRQHandler
                0x00000000080013ac                DCMI_IRQHandler
                0x00000000080013ac                CAN2_RX0_IRQHandler
                0x00000000080013ac                DMA2_Stream3_IRQHandler
                0x00000000080013ac                SAI2_IRQHandler
                0x00000000080013ac                DFSDM1_FLT3_IRQHandler
                0x00000000080013ac                USART6_IRQHandler
                0x00000000080013ac                CAN3_RX0_IRQHandler
                0x00000000080013ac                USART3_IRQHandler
                0x00000000080013ac                CAN1_RX1_IRQHandler
                0x00000000080013ac                UART5_IRQHandler
                0x00000000080013ac                TIM4_IRQHandler
                0x00000000080013ac                QUADSPI_IRQHandler
                0x00000000080013ac                I2C1_EV_IRQHandler
                0x00000000080013ac                DMA1_Stream6_IRQHandler
                0x00000000080013ac                DMA1_Stream1_IRQHandler
                0x00000000080013ac                UART4_IRQHandler
                0x00000000080013ac                TIM3_IRQHandler
                0x00000000080013ac                RCC_IRQHandler
                0x00000000080013ac                TIM8_BRK_TIM12_IRQHandler
                0x00000000080013ac                Default_Handler
                0x00000000080013ac                CEC_IRQHandler
                0x00000000080013ac                EXTI15_10_IRQHandler
                0x00000000080013ac                ADC_IRQHandler
                0x00000000080013ac                DMA1_Stream7_IRQHandler
                0x00000000080013ac                SPI5_IRQHandler
                0x00000000080013ac                TIM7_IRQHandler
                0x00000000080013ac                SDMMC1_IRQHandler
                0x00000000080013ac                CAN2_TX_IRQHandler
                0x00000000080013ac                TIM5_IRQHandler
                0x00000000080013ac                DMA2_Stream7_IRQHandler
                0x00000000080013ac                I2C3_EV_IRQHandler
                0x00000000080013ac                EXTI9_5_IRQHandler
                0x00000000080013ac                RTC_WKUP_IRQHandler
                0x00000000080013ac                LTDC_IRQHandler
                0x00000000080013ac                ETH_WKUP_IRQHandler
                0x00000000080013ac                SPDIF_RX_IRQHandler
                0x00000000080013ac                SPI2_IRQHandler
                0x00000000080013ac                OTG_HS_EP1_IN_IRQHandler
                0x00000000080013ac                DMA1_Stream0_IRQHandler
                0x00000000080013ac                CAN1_TX_IRQHandler
                0x00000000080013ac                EXTI4_IRQHandler
                0x00000000080013ac                RNG_IRQHandler
                0x00000000080013ac                DSI_IRQHandler
                0x00000000080013ac                ETH_IRQHandler
                0x00000000080013ac                OTG_HS_EP1_OUT_IRQHandler
                0x00000000080013ac                WWDG_IRQHandler
                0x00000000080013ac                SPI6_IRQHandler
                0x00000000080013ac                MDIOS_IRQHandler
                0x00000000080013ac                I2C4_EV_IRQHandler
                0x00000000080013ac                CAN3_TX_IRQHandler
                0x00000000080013ac                TIM2_IRQHandler
                0x00000000080013ac                OTG_FS_WKUP_IRQHandler
                0x00000000080013ac                TIM1_TRG_COM_TIM11_IRQHandler
                0x00000000080013ac                OTG_HS_IRQHandler
                0x00000000080013ac                DMA2D_IRQHandler
                0x00000000080013ac                EXTI1_IRQHandler
                0x00000000080013ac                SDMMC2_IRQHandler
                0x00000000080013ac                UART7_IRQHandler
                0x00000000080013ac                USART2_IRQHandler
                0x00000000080013ac                DFSDM1_FLT0_IRQHandler
                0x00000000080013ac                I2C2_ER_IRQHandler
                0x00000000080013ac                DMA2_Stream1_IRQHandler
                0x00000000080013ac                CAN1_SCE_IRQHandler
                0x00000000080013ac                FLASH_IRQHandler
                0x00000000080013ac                DMA2_Stream4_IRQHandler
                0x00000000080013ac                USART1_IRQHandler
                0x00000000080013ac                OTG_FS_IRQHandler
                0x00000000080013ac                SPI3_IRQHandler
                0x00000000080013ac                DMA1_Stream4_IRQHandler
                0x00000000080013ac                I2C1_ER_IRQHandler
                0x00000000080013ac                FMC_IRQHandler
                0x00000000080013ac                LPTIM1_IRQHandler
                0x00000000080013ac                I2C4_ER_IRQHandler
                0x00000000080013ac                SAI1_IRQHandler
                0x00000000080013ac                DMA1_Stream3_IRQHandler
 .text.HAL_Init
                0x00000000080013ae       0x1a ./Drivers/STM32F7xx_HAL_Driver/Src/stm32f7xx_hal.o
                0x00000000080013ae                HAL_Init
 .text.HAL_InitTick
                0x00000000080013c8       0x60 ./Drivers/STM32F7xx_HAL_Driver/Src/stm32f7xx_hal.o
                0x00000000080013c8                HAL_InitTick
 .text.HAL_IncTick
                0x0000000008001428       0x28 ./Drivers/STM32F7xx_HAL_Driver/Src/stm32f7xx_hal.o
                0x0000000008001428                HAL_IncTick
 .text.HAL_GetTick
                0x0000000008001450       0x18 ./Drivers/STM32F7xx_HAL_Driver/Src/stm32f7xx_hal.o
                0x0000000008001450                HAL_GetTick
 .text.HAL_ADC_Init
                0x0000000008001468       0x88 ./Drivers/STM32F7xx_HAL_Driver/Src/stm32f7xx_hal_adc.o
                0x0000000008001468                HAL_ADC_Init
 .text.HAL_ADC_ConfigChannel
                0x00000000080014f0      0x2ac ./Drivers/STM32F7xx_HAL_Driver/Src/stm32f7xx_hal_adc.o
                0x00000000080014f0                HAL_ADC_ConfigChannel
 .text.ADC_Init
                0x000000000800179c      0x1f4 ./Drivers/STM32F7xx_HAL_Driver/Src/stm32f7xx_hal_adc.o
 .text.__NVIC_SetPriorityGrouping
                0x0000000008001990       0x48 ./Drivers/STM32F7xx_HAL_Driver/Src/stm32f7xx_hal_cortex.o
 .text.__NVIC_GetPriorityGrouping
                0x00000000080019d8       0x1c ./Drivers/STM32F7xx_HAL_Driver/Src/stm32f7xx_hal_cortex.o
 .text.__NVIC_EnableIRQ
                0x00000000080019f4       0x3c ./Drivers/STM32F7xx_HAL_Driver/Src/stm32f7xx_hal_cortex.o
 .text.__NVIC_SetPriority
                0x0000000008001a30       0x54 ./Drivers/STM32F7xx_HAL_Driver/Src/stm32f7xx_hal_cortex.o
 .text.NVIC_EncodePriority
                0x0000000008001a84       0x66 ./Drivers/STM32F7xx_HAL_Driver/Src/stm32f7xx_hal_cortex.o
 *fill*         0x0000000008001aea        0x2 
 .text.SysTick_Config
                0x0000000008001aec       0x44 ./Drivers/STM32F7xx_HAL_Driver/Src/stm32f7xx_hal_cortex.o
 .text.HAL_NVIC_SetPriorityGrouping
                0x0000000008001b30       0x16 ./Drivers/STM32F7xx_HAL_Driver/Src/stm32f7xx_hal_cortex.o
                0x0000000008001b30                HAL_NVIC_SetPriorityGrouping
 .text.HAL_NVIC_SetPriority
                0x0000000008001b46       0x38 ./Drivers/STM32F7xx_HAL_Driver/Src/stm32f7xx_hal_cortex.o
                0x0000000008001b46                HAL_NVIC_SetPriority
 .text.HAL_NVIC_EnableIRQ
                0x0000000008001b7e       0x1c ./Drivers/STM32F7xx_HAL_Driver/Src/stm32f7xx_hal_cortex.o
                0x0000000008001b7e                HAL_NVIC_EnableIRQ
 .text.HAL_SYSTICK_Config
                0x0000000008001b9a       0x18 ./Drivers/STM32F7xx_HAL_Driver/Src/stm32f7xx_hal_cortex.o
                0x0000000008001b9a                HAL_SYSTICK_Config
 *fill*         0x0000000008001bb2        0x2 
 .text.HAL_DFSDM_ChannelInit
                0x0000000008001bb4      0x180 ./Drivers/STM32F7xx_HAL_Driver/Src/stm32f7xx_hal_dfsdm.o
                0x0000000008001bb4                HAL_DFSDM_ChannelInit
 .text.HAL_DFSDM_FilterInit
                0x0000000008001d34      0x1b4 ./Drivers/STM32F7xx_HAL_Driver/Src/stm32f7xx_hal_dfsdm.o
                0x0000000008001d34                HAL_DFSDM_FilterInit
 .text.HAL_DFSDM_FilterConfigRegChannel
                0x0000000008001ee8       0x8c ./Drivers/STM32F7xx_HAL_Driver/Src/stm32f7xx_hal_dfsdm.o
                0x0000000008001ee8                HAL_DFSDM_FilterConfigRegChannel
 .text.HAL_DFSDM_FilterConfigInjChannel
                0x0000000008001f74       0x5e ./Drivers/STM32F7xx_HAL_Driver/Src/stm32f7xx_hal_dfsdm.o
                0x0000000008001f74                HAL_DFSDM_FilterConfigInjChannel
 *fill*         0x0000000008001fd2        0x2 
 .text.HAL_DFSDM_FilterRegularStart_DMA
                0x0000000008001fd4      0x108 ./Drivers/STM32F7xx_HAL_Driver/Src/stm32f7xx_hal_dfsdm.o
                0x0000000008001fd4                HAL_DFSDM_FilterRegularStart_DMA
 .text.HAL_DFSDM_FilterErrorCallback
                0x00000000080020dc       0x14 ./Drivers/STM32F7xx_HAL_Driver/Src/stm32f7xx_hal_dfsdm.o
                0x00000000080020dc                HAL_DFSDM_FilterErrorCallback
 .text.DFSDM_DMARegularHalfConvCplt
                0x00000000080020f0       0x1c ./Drivers/STM32F7xx_HAL_Driver/Src/stm32f7xx_hal_dfsdm.o
 .text.DFSDM_DMARegularConvCplt
                0x000000000800210c       0x1c ./Drivers/STM32F7xx_HAL_Driver/Src/stm32f7xx_hal_dfsdm.o
 .text.DFSDM_DMAError
                0x0000000008002128       0x22 ./Drivers/STM32F7xx_HAL_Driver/Src/stm32f7xx_hal_dfsdm.o
 .text.DFSDM_GetInjChannelsNbr
                0x000000000800214a       0x3e ./Drivers/STM32F7xx_HAL_Driver/Src/stm32f7xx_hal_dfsdm.o
 .text.DFSDM_GetChannelFromInstance
                0x0000000008002188       0x98 ./Drivers/STM32F7xx_HAL_Driver/Src/stm32f7xx_hal_dfsdm.o
 .text.DFSDM_RegConvStart
                0x0000000008002220       0xac ./Drivers/STM32F7xx_HAL_Driver/Src/stm32f7xx_hal_dfsdm.o
 .text.HAL_DMA_Init
                0x00000000080022cc      0x15c ./Drivers/STM32F7xx_HAL_Driver/Src/stm32f7xx_hal_dma.o
                0x00000000080022cc                HAL_DMA_Init
 .text.HAL_DMA_Start_IT
                0x0000000008002428       0xc0 ./Drivers/STM32F7xx_HAL_Driver/Src/stm32f7xx_hal_dma.o
                0x0000000008002428                HAL_DMA_Start_IT
 .text.HAL_DMA_IRQHandler
                0x00000000080024e8      0x314 ./Drivers/STM32F7xx_HAL_Driver/Src/stm32f7xx_hal_dma.o
                0x00000000080024e8                HAL_DMA_IRQHandler
 .text.DMA_SetConfig
                0x00000000080027fc       0x5c ./Drivers/STM32F7xx_HAL_Driver/Src/stm32f7xx_hal_dma.o
 .text.DMA_CalcBaseAndBitshift
                0x0000000008002858       0x6c ./Drivers/STM32F7xx_HAL_Driver/Src/stm32f7xx_hal_dma.o
 .text.DMA_CheckFifoParam
                0x00000000080028c4       0xf8 ./Drivers/STM32F7xx_HAL_Driver/Src/stm32f7xx_hal_dma.o
 .text.HAL_GPIO_Init
                0x00000000080029bc      0x358 ./Drivers/STM32F7xx_HAL_Driver/Src/stm32f7xx_hal_gpio.o
                0x00000000080029bc                HAL_GPIO_Init
 .text.HAL_PWREx_EnableOverDrive
                0x0000000008002d14       0xa0 ./Drivers/STM32F7xx_HAL_Driver/Src/stm32f7xx_hal_pwr_ex.o
                0x0000000008002d14                HAL_PWREx_EnableOverDrive
 .text.HAL_RCC_OscConfig
                0x0000000008002db4      0x55c ./Drivers/STM32F7xx_HAL_Driver/Src/stm32f7xx_hal_rcc.o
                0x0000000008002db4                HAL_RCC_OscConfig
 .text.HAL_RCC_ClockConfig
                0x0000000008003310      0x1d8 ./Drivers/STM32F7xx_HAL_Driver/Src/stm32f7xx_hal_rcc.o
                0x0000000008003310                HAL_RCC_ClockConfig
 .text.HAL_RCC_GetSysClockFreq
                0x00000000080034e8      0x18c ./Drivers/STM32F7xx_HAL_Driver/Src/stm32f7xx_hal_rcc.o
                0x00000000080034e8                HAL_RCC_GetSysClockFreq
 .text.HAL_RCC_GetHCLKFreq
                0x0000000008003674       0x18 ./Drivers/STM32F7xx_HAL_Driver/Src/stm32f7xx_hal_rcc.o
                0x0000000008003674                HAL_RCC_GetHCLKFreq
 .text.HAL_RCC_GetPCLK1Freq
                0x000000000800368c       0x28 ./Drivers/STM32F7xx_HAL_Driver/Src/stm32f7xx_hal_rcc.o
                0x000000000800368c                HAL_RCC_GetPCLK1Freq
 .text.HAL_RCC_GetPCLK2Freq
                0x00000000080036b4       0x28 ./Drivers/STM32F7xx_HAL_Driver/Src/stm32f7xx_hal_rcc.o
                0x00000000080036b4                HAL_RCC_GetPCLK2Freq
 .text.HAL_RCCEx_PeriphCLKConfig
                0x00000000080036dc      0x850 ./Drivers/STM32F7xx_HAL_Driver/Src/stm32f7xx_hal_rcc_ex.o
                0x00000000080036dc                HAL_RCCEx_PeriphCLKConfig
 .text.HAL_RCCEx_GetPeriphCLKFreq
                0x0000000008003f2c      0x2e4 ./Drivers/STM32F7xx_HAL_Driver/Src/stm32f7xx_hal_rcc_ex.o
                0x0000000008003f2c                HAL_RCCEx_GetPeriphCLKFreq
 .text.HAL_SAI_Init
                0x0000000008004210      0x2fc ./Drivers/STM32F7xx_HAL_Driver/Src/stm32f7xx_hal_sai.o
                0x0000000008004210                HAL_SAI_Init
 .text.SAI_Disable
                0x000000000800450c       0x70 ./Drivers/STM32F7xx_HAL_Driver/Src/stm32f7xx_hal_sai.o
 .text.HAL_UART_Init
                0x000000000800457c       0x9c ./Drivers/STM32F7xx_HAL_Driver/Src/stm32f7xx_hal_uart.o
                0x000000000800457c                HAL_UART_Init
 .text.UART_SetConfig
                0x0000000008004618      0x4c8 ./Drivers/STM32F7xx_HAL_Driver/Src/stm32f7xx_hal_uart.o
                0x0000000008004618                UART_SetConfig
 .text.UART_AdvFeatureConfig
                0x0000000008004ae0      0x144 ./Drivers/STM32F7xx_HAL_Driver/Src/stm32f7xx_hal_uart.o
                0x0000000008004ae0                UART_AdvFeatureConfig
 .text.UART_CheckIdleState
                0x0000000008004c24       0x9a ./Drivers/STM32F7xx_HAL_Driver/Src/stm32f7xx_hal_uart.o
                0x0000000008004c24                UART_CheckIdleState
 .text.UART_WaitOnFlagUntilTimeout
                0x0000000008004cbe      0x18c ./Drivers/STM32F7xx_HAL_Driver/Src/stm32f7xx_hal_uart.o
                0x0000000008004cbe                UART_WaitOnFlagUntilTimeout
 *fill*         0x0000000008004e4a        0x2 
 .text.__libc_init_array
                0x0000000008004e4c       0x48 /opt/st/stm32cubeide_1.10.1/plugins/com.st.stm32cube.ide.mcu.externaltools.gnu-tools-for-stm32.10.3-2021.10.linux64_1.0.0.202111181127/tools/bin/../lib/gcc/arm-none-eabi/10.3.1/../../../../arm-none-eabi/lib/thumb/v7e-m+dp/hard/libc_nano.a(lib_a-init.o)
                0x0000000008004e4c                __libc_init_array
 .text.memset   0x0000000008004e94       0x10 /opt/st/stm32cubeide_1.10.1/plugins/com.st.stm32cube.ide.mcu.externaltools.gnu-tools-for-stm32.10.3-2021.10.linux64_1.0.0.202111181127/tools/bin/../lib/gcc/arm-none-eabi/10.3.1/../../../../arm-none-eabi/lib/thumb/v7e-m+dp/hard/libc_nano.a(lib_a-memset.o)
                0x0000000008004e94                memset
 *(.glue_7)
 .glue_7        0x0000000008004ea4        0x0 linker stubs
 *(.glue_7t)
 .glue_7t       0x0000000008004ea4        0x0 linker stubs
 *(.eh_frame)
 .eh_frame      0x0000000008004ea4        0x0 /opt/st/stm32cubeide_1.10.1/plugins/com.st.stm32cube.ide.mcu.externaltools.gnu-tools-for-stm32.10.3-2021.10.linux64_1.0.0.202111181127/tools/bin/../lib/gcc/arm-none-eabi/10.3.1/thumb/v7e-m+dp/hard/crtbegin.o
 *(.init)
 .init          0x0000000008004ea4        0x4 /opt/st/stm32cubeide_1.10.1/plugins/com.st.stm32cube.ide.mcu.externaltools.gnu-tools-for-stm32.10.3-2021.10.linux64_1.0.0.202111181127/tools/bin/../lib/gcc/arm-none-eabi/10.3.1/thumb/v7e-m+dp/hard/crti.o
                0x0000000008004ea4                _init
 .init          0x0000000008004ea8        0x8 /opt/st/stm32cubeide_1.10.1/plugins/com.st.stm32cube.ide.mcu.externaltools.gnu-tools-for-stm32.10.3-2021.10.linux64_1.0.0.202111181127/tools/bin/../lib/gcc/arm-none-eabi/10.3.1/thumb/v7e-m+dp/hard/crtn.o
 *(.fini)
 .fini          0x0000000008004eb0        0x4 /opt/st/stm32cubeide_1.10.1/plugins/com.st.stm32cube.ide.mcu.externaltools.gnu-tools-for-stm32.10.3-2021.10.linux64_1.0.0.202111181127/tools/bin/../lib/gcc/arm-none-eabi/10.3.1/thumb/v7e-m+dp/hard/crti.o
                0x0000000008004eb0                _fini
 .fini          0x0000000008004eb4        0x8 /opt/st/stm32cubeide_1.10.1/plugins/com.st.stm32cube.ide.mcu.externaltools.gnu-tools-for-stm32.10.3-2021.10.linux64_1.0.0.202111181127/tools/bin/../lib/gcc/arm-none-eabi/10.3.1/thumb/v7e-m+dp/hard/crtn.o
                0x0000000008004ebc                . = ALIGN (0x4)
                0x0000000008004ebc                _etext = .

.vfp11_veneer   0x0000000008004ebc        0x0
 .vfp11_veneer  0x0000000008004ebc        0x0 linker stubs

.v4_bx          0x0000000008004ebc        0x0
 .v4_bx         0x0000000008004ebc        0x0 linker stubs

.iplt           0x0000000008004ebc        0x0
 .iplt          0x0000000008004ebc        0x0 /opt/st/stm32cubeide_1.10.1/plugins/com.st.stm32cube.ide.mcu.externaltools.gnu-tools-for-stm32.10.3-2021.10.linux64_1.0.0.202111181127/tools/bin/../lib/gcc/arm-none-eabi/10.3.1/thumb/v7e-m+dp/hard/crtbegin.o

.rodata         0x0000000008004ebc       0x20
                0x0000000008004ebc                . = ALIGN (0x4)
 *(.rodata)
 *(.rodata*)
 .rodata.AHBPrescTable
                0x0000000008004ebc       0x10 ./Core/Src/system_stm32f7xx.o
                0x0000000008004ebc                AHBPrescTable
 .rodata.APBPrescTable
                0x0000000008004ecc        0x8 ./Core/Src/system_stm32f7xx.o
                0x0000000008004ecc                APBPrescTable
 .rodata.flagBitshiftOffset.0
                0x0000000008004ed4        0x8 ./Drivers/STM32F7xx_HAL_Driver/Src/stm32f7xx_hal_dma.o
                0x0000000008004edc                . = ALIGN (0x4)

.ARM.extab      0x0000000008004edc        0x0
                0x0000000008004edc                . = ALIGN (0x4)
 *(.ARM.extab* .gnu.linkonce.armextab.*)
                0x0000000008004edc                . = ALIGN (0x4)

.ARM            0x0000000008004edc        0x8
                0x0000000008004edc                . = ALIGN (0x4)
                0x0000000008004edc                __exidx_start = .
 *(.ARM.exidx*)
 .ARM.exidx     0x0000000008004edc        0x8 /opt/st/stm32cubeide_1.10.1/plugins/com.st.stm32cube.ide.mcu.externaltools.gnu-tools-for-stm32.10.3-2021.10.linux64_1.0.0.202111181127/tools/bin/../lib/gcc/arm-none-eabi/10.3.1/thumb/v7e-m+dp/hard/libgcc.a(_udivmoddi4.o)
                0x0000000008004ee4                __exidx_end = .
                0x0000000008004ee4                . = ALIGN (0x4)

.rel.dyn        0x0000000008004ee4        0x0
 .rel.iplt      0x0000000008004ee4        0x0 /opt/st/stm32cubeide_1.10.1/plugins/com.st.stm32cube.ide.mcu.externaltools.gnu-tools-for-stm32.10.3-2021.10.linux64_1.0.0.202111181127/tools/bin/../lib/gcc/arm-none-eabi/10.3.1/thumb/v7e-m+dp/hard/crtbegin.o

.preinit_array  0x0000000008004ee4        0x0
                0x0000000008004ee4                . = ALIGN (0x4)
                0x0000000008004ee4                PROVIDE (__preinit_array_start = .)
 *(.preinit_array*)
                0x0000000008004ee4                PROVIDE (__preinit_array_end = .)
                0x0000000008004ee4                . = ALIGN (0x4)

.init_array     0x0000000008004ee4        0x4
                0x0000000008004ee4                . = ALIGN (0x4)
                0x0000000008004ee4                PROVIDE (__init_array_start = .)
 *(SORT_BY_NAME(.init_array.*))
 *(.init_array*)
 .init_array    0x0000000008004ee4        0x4 /opt/st/stm32cubeide_1.10.1/plugins/com.st.stm32cube.ide.mcu.externaltools.gnu-tools-for-stm32.10.3-2021.10.linux64_1.0.0.202111181127/tools/bin/../lib/gcc/arm-none-eabi/10.3.1/thumb/v7e-m+dp/hard/crtbegin.o
                0x0000000008004ee8                PROVIDE (__init_array_end = .)
                0x0000000008004ee8                . = ALIGN (0x4)

.fini_array     0x0000000008004ee8        0x4
                0x0000000008004ee8                . = ALIGN (0x4)
                [!provide]                        PROVIDE (__fini_array_start = .)
 *(SORT_BY_NAME(.fini_array.*))
 *(.fini_array*)
 .fini_array    0x0000000008004ee8        0x4 /opt/st/stm32cubeide_1.10.1/plugins/com.st.stm32cube.ide.mcu.externaltools.gnu-tools-for-stm32.10.3-2021.10.linux64_1.0.0.202111181127/tools/bin/../lib/gcc/arm-none-eabi/10.3.1/thumb/v7e-m+dp/hard/crtbegin.o
                [!provide]                        PROVIDE (__fini_array_end = .)
                0x0000000008004eec                . = ALIGN (0x4)
                0x0000000008004eec                _sidata = LOADADDR (.data)

.data           0x0000000020000000        0xc load address 0x0000000008004eec
                0x0000000020000000                . = ALIGN (0x4)
                0x0000000020000000                _sdata = .
 *(.data)
 *(.data*)
 .data.SystemCoreClock
                0x0000000020000000        0x4 ./Core/Src/system_stm32f7xx.o
                0x0000000020000000                SystemCoreClock
 .data.uwTickPrio
                0x0000000020000004        0x4 ./Drivers/STM32F7xx_HAL_Driver/Src/stm32f7xx_hal.o
                0x0000000020000004                uwTickPrio
 .data.uwTickFreq
                0x0000000020000008        0x1 ./Drivers/STM32F7xx_HAL_Driver/Src/stm32f7xx_hal.o
                0x0000000020000008                uwTickFreq
 *(.RamFunc)
 *(.RamFunc*)
                0x000000002000000c                . = ALIGN (0x4)
 *fill*         0x0000000020000009        0x3 
                0x000000002000000c                _edata = .

.igot.plt       0x000000002000000c        0x0 load address 0x0000000008004ef8
 .igot.plt      0x000000002000000c        0x0 /opt/st/stm32cubeide_1.10.1/plugins/com.st.stm32cube.ide.mcu.externaltools.gnu-tools-for-stm32.10.3-2021.10.linux64_1.0.0.202111181127/tools/bin/../lib/gcc/arm-none-eabi/10.3.1/thumb/v7e-m+dp/hard/crtbegin.o
                0x000000002000000c                . = ALIGN (0x4)

.bss            0x000000002000000c     0x63ec load address 0x0000000008004ef8
                0x000000002000000c                _sbss = .
                0x000000002000000c                __bss_start__ = _sbss
 *(.bss)
 .bss           0x000000002000000c       0x1c /opt/st/stm32cubeide_1.10.1/plugins/com.st.stm32cube.ide.mcu.externaltools.gnu-tools-for-stm32.10.3-2021.10.linux64_1.0.0.202111181127/tools/bin/../lib/gcc/arm-none-eabi/10.3.1/thumb/v7e-m+dp/hard/crtbegin.o
 *(.bss*)
 .bss.hadc1     0x0000000020000028       0x48 ./Core/Src/adc.o
                0x0000000020000028                hadc1
 .bss.hdfsdm1_filter0
                0x0000000020000070       0x54 ./Core/Src/dfsdm.o
                0x0000000020000070                hdfsdm1_filter0
 .bss.hdfsdm1_filter1
                0x00000000200000c4       0x54 ./Core/Src/dfsdm.o
                0x00000000200000c4                hdfsdm1_filter1
 .bss.hdfsdm1_channel0
                0x0000000020000118       0x38 ./Core/Src/dfsdm.o
                0x0000000020000118                hdfsdm1_channel0
 .bss.hdfsdm1_channel1
                0x0000000020000150       0x38 ./Core/Src/dfsdm.o
                0x0000000020000150                hdfsdm1_channel1
 .bss.hdma_dfsdm1_flt0
                0x0000000020000188       0x60 ./Core/Src/dfsdm.o
                0x0000000020000188                hdma_dfsdm1_flt0
 .bss.hdma_dfsdm1_flt1
                0x00000000200001e8       0x60 ./Core/Src/dfsdm.o
                0x00000000200001e8                hdma_dfsdm1_flt1
 .bss.HAL_RCC_DFSDM1_CLK_ENABLED
                0x0000000020000248        0x4 ./Core/Src/dfsdm.o
 .bss.DFSDM1_Init
                0x000000002000024c        0x4 ./Core/Src/dfsdm.o
 .bss.LeftRecBuff
                0x0000000020000250     0x2000 ./Core/Src/main.o
                0x0000000020000250                LeftRecBuff
 .bss.RightRecBuff
                0x0000000020002250     0x2000 ./Core/Src/main.o
                0x0000000020002250                RightRecBuff
 .bss.PlayBuff  0x0000000020004250     0x2000 ./Core/Src/main.o
                0x0000000020004250                PlayBuff
 .bss.DmaLeftRecHalfBuffCplt
                0x0000000020006250        0x4 ./Core/Src/main.o
                0x0000000020006250                DmaLeftRecHalfBuffCplt
 .bss.DmaLeftRecBuffCplt
                0x0000000020006254        0x4 ./Core/Src/main.o
                0x0000000020006254                DmaLeftRecBuffCplt
 .bss.DmaRightRecHalfBuffCplt
                0x0000000020006258        0x4 ./Core/Src/main.o
                0x0000000020006258                DmaRightRecHalfBuffCplt
 .bss.DmaRightRecBuffCplt
                0x000000002000625c        0x4 ./Core/Src/main.o
                0x000000002000625c                DmaRightRecBuffCplt
 .bss.hsai_BlockB2
                0x0000000020006260       0x84 ./Core/Src/sai.o
                0x0000000020006260                hsai_BlockB2
 .bss.hdma_sai2_b
                0x00000000200062e4       0x60 ./Core/Src/sai.o
                0x00000000200062e4                hdma_sai2_b
 .bss.SAI2_client
                0x0000000020006344        0x4 ./Core/Src/sai.o
 .bss.huart4    0x0000000020006348       0x88 ./Core/Src/usart.o
                0x0000000020006348                huart4
 .bss.uwTick    0x00000000200063d0        0x4 ./Drivers/STM32F7xx_HAL_Driver/Src/stm32f7xx_hal.o
                0x00000000200063d0                uwTick
 .bss.v_dfsdm1ChannelCounter
                0x00000000200063d4        0x4 ./Drivers/STM32F7xx_HAL_Driver/Src/stm32f7xx_hal_dfsdm.o
                0x00000000200063d4                v_dfsdm1ChannelCounter
 .bss.a_dfsdm1ChannelHandle
                0x00000000200063d8       0x20 ./Drivers/STM32F7xx_HAL_Driver/Src/stm32f7xx_hal_dfsdm.o
                0x00000000200063d8                a_dfsdm1ChannelHandle
 *(COMMON)
                0x00000000200063f8                . = ALIGN (0x4)
                0x00000000200063f8                _ebss = .
                0x00000000200063f8                __bss_end__ = _ebss

._user_heap_stack
                0x00000000200063f8      0x600 load address 0x0000000008004ef8
                0x00000000200063f8                . = ALIGN (0x8)
                [!provide]                        PROVIDE (end = .)
                0x00000000200063f8                PROVIDE (_end = .)
                0x00000000200065f8                . = (. + _Min_Heap_Size)
 *fill*         0x00000000200063f8      0x200 
                0x00000000200069f8                . = (. + _Min_Stack_Size)
 *fill*         0x00000000200065f8      0x400 
                0x00000000200069f8                . = ALIGN (0x8)

/DISCARD/
 libc.a(*)
 libm.a(*)
 libgcc.a(*)

.ARM.attributes
                0x0000000000000000       0x2e
 *(.ARM.attributes)
 .ARM.attributes
                0x0000000000000000       0x1e /opt/st/stm32cubeide_1.10.1/plugins/com.st.stm32cube.ide.mcu.externaltools.gnu-tools-for-stm32.10.3-2021.10.linux64_1.0.0.202111181127/tools/bin/../lib/gcc/arm-none-eabi/10.3.1/thumb/v7e-m+dp/hard/crti.o
 .ARM.attributes
                0x000000000000001e       0x32 /opt/st/stm32cubeide_1.10.1/plugins/com.st.stm32cube.ide.mcu.externaltools.gnu-tools-for-stm32.10.3-2021.10.linux64_1.0.0.202111181127/tools/bin/../lib/gcc/arm-none-eabi/10.3.1/thumb/v7e-m+dp/hard/crtbegin.o
 .ARM.attributes
                0x0000000000000050       0x32 ./Core/Src/adc.o
 .ARM.attributes
                0x0000000000000082       0x32 ./Core/Src/dfsdm.o
 .ARM.attributes
                0x00000000000000b4       0x32 ./Core/Src/dma.o
 .ARM.attributes
                0x00000000000000e6       0x32 ./Core/Src/gpio.o
 .ARM.attributes
                0x0000000000000118       0x32 ./Core/Src/main.o
 .ARM.attributes
                0x000000000000014a       0x32 ./Core/Src/sai.o
 .ARM.attributes
                0x000000000000017c       0x32 ./Core/Src/stm32f7xx_hal_msp.o
 .ARM.attributes
                0x00000000000001ae       0x32 ./Core/Src/stm32f7xx_it.o
 .ARM.attributes
                0x00000000000001e0       0x32 ./Core/Src/system_stm32f7xx.o
 .ARM.attributes
                0x0000000000000212       0x32 ./Core/Src/usart.o
 .ARM.attributes
                0x0000000000000244       0x21 ./Core/Startup/startup_stm32f769nihx.o
 .ARM.attributes
                0x0000000000000265       0x32 ./Drivers/STM32F7xx_HAL_Driver/Src/stm32f7xx_hal.o
 .ARM.attributes
                0x0000000000000297       0x32 ./Drivers/STM32F7xx_HAL_Driver/Src/stm32f7xx_hal_adc.o
 .ARM.attributes
                0x00000000000002c9       0x32 ./Drivers/STM32F7xx_HAL_Driver/Src/stm32f7xx_hal_cortex.o
 .ARM.attributes
                0x00000000000002fb       0x32 ./Drivers/STM32F7xx_HAL_Driver/Src/stm32f7xx_hal_dfsdm.o
 .ARM.attributes
                0x000000000000032d       0x32 ./Drivers/STM32F7xx_HAL_Driver/Src/stm32f7xx_hal_dma.o
 .ARM.attributes
                0x000000000000035f       0x32 ./Drivers/STM32F7xx_HAL_Driver/Src/stm32f7xx_hal_gpio.o
 .ARM.attributes
                0x0000000000000391       0x32 ./Drivers/STM32F7xx_HAL_Driver/Src/stm32f7xx_hal_pwr_ex.o
 .ARM.attributes
                0x00000000000003c3       0x32 ./Drivers/STM32F7xx_HAL_Driver/Src/stm32f7xx_hal_rcc.o
 .ARM.attributes
                0x00000000000003f5       0x32 ./Drivers/STM32F7xx_HAL_Driver/Src/stm32f7xx_hal_rcc_ex.o
 .ARM.attributes
                0x0000000000000427       0x32 ./Drivers/STM32F7xx_HAL_Driver/Src/stm32f7xx_hal_sai.o
 .ARM.attributes
                0x0000000000000459       0x32 ./Drivers/STM32F7xx_HAL_Driver/Src/stm32f7xx_hal_uart.o
 .ARM.attributes
                0x000000000000048b       0x32 /opt/st/stm32cubeide_1.10.1/plugins/com.st.stm32cube.ide.mcu.externaltools.gnu-tools-for-stm32.10.3-2021.10.linux64_1.0.0.202111181127/tools/bin/../lib/gcc/arm-none-eabi/10.3.1/../../../../arm-none-eabi/lib/thumb/v7e-m+dp/hard/libc_nano.a(lib_a-init.o)
 .ARM.attributes
                0x00000000000004bd       0x32 /opt/st/stm32cubeide_1.10.1/plugins/com.st.stm32cube.ide.mcu.externaltools.gnu-tools-for-stm32.10.3-2021.10.linux64_1.0.0.202111181127/tools/bin/../lib/gcc/arm-none-eabi/10.3.1/../../../../arm-none-eabi/lib/thumb/v7e-m+dp/hard/libc_nano.a(lib_a-memset.o)
 .ARM.attributes
                0x00000000000004ef       0x1e /opt/st/stm32cubeide_1.10.1/plugins/com.st.stm32cube.ide.mcu.externaltools.gnu-tools-for-stm32.10.3-2021.10.linux64_1.0.0.202111181127/tools/bin/../lib/gcc/arm-none-eabi/10.3.1/thumb/v7e-m+dp/hard/libgcc.a(_aeabi_uldivmod.o)
 .ARM.attributes
                0x000000000000050d       0x32 /opt/st/stm32cubeide_1.10.1/plugins/com.st.stm32cube.ide.mcu.externaltools.gnu-tools-for-stm32.10.3-2021.10.linux64_1.0.0.202111181127/tools/bin/../lib/gcc/arm-none-eabi/10.3.1/thumb/v7e-m+dp/hard/libgcc.a(_udivmoddi4.o)
 .ARM.attributes
                0x000000000000053f       0x1e /opt/st/stm32cubeide_1.10.1/plugins/com.st.stm32cube.ide.mcu.externaltools.gnu-tools-for-stm32.10.3-2021.10.linux64_1.0.0.202111181127/tools/bin/../lib/gcc/arm-none-eabi/10.3.1/thumb/v7e-m+dp/hard/libgcc.a(_dvmd_tls.o)
 .ARM.attributes
                0x000000000000055d       0x1e /opt/st/stm32cubeide_1.10.1/plugins/com.st.stm32cube.ide.mcu.externaltools.gnu-tools-for-stm32.10.3-2021.10.linux64_1.0.0.202111181127/tools/bin/../lib/gcc/arm-none-eabi/10.3.1/thumb/v7e-m+dp/hard/crtn.o
OUTPUT(STM32 - Audio Project.elf elf32-littlearm)
LOAD linker stubs
LOAD /opt/st/stm32cubeide_1.10.1/plugins/com.st.stm32cube.ide.mcu.externaltools.gnu-tools-for-stm32.10.3-2021.10.linux64_1.0.0.202111181127/tools/bin/../lib/gcc/arm-none-eabi/10.3.1/../../../../arm-none-eabi/lib/thumb/v7e-m+dp/hard/libc.a
LOAD /opt/st/stm32cubeide_1.10.1/plugins/com.st.stm32cube.ide.mcu.externaltools.gnu-tools-for-stm32.10.3-2021.10.linux64_1.0.0.202111181127/tools/bin/../lib/gcc/arm-none-eabi/10.3.1/../../../../arm-none-eabi/lib/thumb/v7e-m+dp/hard/libm.a
LOAD /opt/st/stm32cubeide_1.10.1/plugins/com.st.stm32cube.ide.mcu.externaltools.gnu-tools-for-stm32.10.3-2021.10.linux64_1.0.0.202111181127/tools/bin/../lib/gcc/arm-none-eabi/10.3.1/thumb/v7e-m+dp/hard/libgcc.a

.debug_info     0x0000000000000000    0x114f3
 .debug_info    0x0000000000000000      0x8d3 ./Core/Src/adc.o
 .debug_info    0x00000000000008d3      0xe7f ./Core/Src/dfsdm.o
 .debug_info    0x0000000000001752      0x5be ./Core/Src/dma.o
 .debug_info    0x0000000000001d10      0x346 ./Core/Src/gpio.o
 .debug_info    0x0000000000002056      0xf42 ./Core/Src/main.o
 .debug_info    0x0000000000002f98      0xb00 ./Core/Src/sai.o
 .debug_info    0x0000000000003a98      0x2d2 ./Core/Src/stm32f7xx_hal_msp.o
 .debug_info    0x0000000000003d6a      0x428 ./Core/Src/stm32f7xx_it.o
 .debug_info    0x0000000000004192      0x72c ./Core/Src/system_stm32f7xx.o
 .debug_info    0x00000000000048be      0xd52 ./Core/Src/usart.o
 .debug_info    0x0000000000005610       0x22 ./Core/Startup/startup_stm32f769nihx.o
 .debug_info    0x0000000000005632      0xa88 ./Drivers/STM32F7xx_HAL_Driver/Src/stm32f7xx_hal.o
 .debug_info    0x00000000000060ba      0xd19 ./Drivers/STM32F7xx_HAL_Driver/Src/stm32f7xx_hal_adc.o
 .debug_info    0x0000000000006dd3     0x10a2 ./Drivers/STM32F7xx_HAL_Driver/Src/stm32f7xx_hal_cortex.o
 .debug_info    0x0000000000007e75     0x1bc8 ./Drivers/STM32F7xx_HAL_Driver/Src/stm32f7xx_hal_dfsdm.o
 .debug_info    0x0000000000009a3d      0x94f ./Drivers/STM32F7xx_HAL_Driver/Src/stm32f7xx_hal_dma.o
 .debug_info    0x000000000000a38c      0x7a2 ./Drivers/STM32F7xx_HAL_Driver/Src/stm32f7xx_hal_gpio.o
 .debug_info    0x000000000000ab2e      0x92e ./Drivers/STM32F7xx_HAL_Driver/Src/stm32f7xx_hal_pwr_ex.o
 .debug_info    0x000000000000b45c      0x9f8 ./Drivers/STM32F7xx_HAL_Driver/Src/stm32f7xx_hal_rcc.o
 .debug_info    0x000000000000be54      0x78b ./Drivers/STM32F7xx_HAL_Driver/Src/stm32f7xx_hal_rcc_ex.o
 .debug_info    0x000000000000c5df     0x1220 ./Drivers/STM32F7xx_HAL_Driver/Src/stm32f7xx_hal_sai.o
 .debug_info    0x000000000000d7ff     0x3cf4 ./Drivers/STM32F7xx_HAL_Driver/Src/stm32f7xx_hal_uart.o

.debug_abbrev   0x0000000000000000     0x292a
 .debug_abbrev  0x0000000000000000      0x1c0 ./Core/Src/adc.o
 .debug_abbrev  0x00000000000001c0      0x220 ./Core/Src/dfsdm.o
 .debug_abbrev  0x00000000000003e0      0x10a ./Core/Src/dma.o
 .debug_abbrev  0x00000000000004ea       0xd4 ./Core/Src/gpio.o
 .debug_abbrev  0x00000000000005be      0x289 ./Core/Src/main.o
 .debug_abbrev  0x0000000000000847      0x1ef ./Core/Src/sai.o
 .debug_abbrev  0x0000000000000a36       0xd4 ./Core/Src/stm32f7xx_hal_msp.o
 .debug_abbrev  0x0000000000000b0a      0x15f ./Core/Src/stm32f7xx_it.o
 .debug_abbrev  0x0000000000000c69      0x136 ./Core/Src/system_stm32f7xx.o
 .debug_abbrev  0x0000000000000d9f      0x1e7 ./Core/Src/usart.o
 .debug_abbrev  0x0000000000000f86       0x12 ./Core/Startup/startup_stm32f769nihx.o
 .debug_abbrev  0x0000000000000f98      0x20d ./Drivers/STM32F7xx_HAL_Driver/Src/stm32f7xx_hal.o
 .debug_abbrev  0x00000000000011a5      0x244 ./Drivers/STM32F7xx_HAL_Driver/Src/stm32f7xx_hal_adc.o
 .debug_abbrev  0x00000000000013e9      0x316 ./Drivers/STM32F7xx_HAL_Driver/Src/stm32f7xx_hal_cortex.o
 .debug_abbrev  0x00000000000016ff      0x280 ./Drivers/STM32F7xx_HAL_Driver/Src/stm32f7xx_hal_dfsdm.o
 .debug_abbrev  0x000000000000197f      0x25b ./Drivers/STM32F7xx_HAL_Driver/Src/stm32f7xx_hal_dma.o
 .debug_abbrev  0x0000000000001bda      0x1c4 ./Drivers/STM32F7xx_HAL_Driver/Src/stm32f7xx_hal_gpio.o
 .debug_abbrev  0x0000000000001d9e      0x1cb ./Drivers/STM32F7xx_HAL_Driver/Src/stm32f7xx_hal_pwr_ex.o
 .debug_abbrev  0x0000000000001f69      0x2d1 ./Drivers/STM32F7xx_HAL_Driver/Src/stm32f7xx_hal_rcc.o
 .debug_abbrev  0x000000000000223a      0x1b9 ./Drivers/STM32F7xx_HAL_Driver/Src/stm32f7xx_hal_rcc_ex.o
 .debug_abbrev  0x00000000000023f3      0x269 ./Drivers/STM32F7xx_HAL_Driver/Src/stm32f7xx_hal_sai.o
 .debug_abbrev  0x000000000000265c      0x2ce ./Drivers/STM32F7xx_HAL_Driver/Src/stm32f7xx_hal_uart.o

.debug_aranges  0x0000000000000000      0xd80
 .debug_aranges
                0x0000000000000000       0x30 ./Core/Src/adc.o
 .debug_aranges
                0x0000000000000030       0x40 ./Core/Src/dfsdm.o
 .debug_aranges
                0x0000000000000070       0x20 ./Core/Src/dma.o
 .debug_aranges
                0x0000000000000090       0x20 ./Core/Src/gpio.o
 .debug_aranges
                0x00000000000000b0       0x48 ./Core/Src/main.o
 .debug_aranges
                0x00000000000000f8       0x30 ./Core/Src/sai.o
 .debug_aranges
                0x0000000000000128       0x20 ./Core/Src/stm32f7xx_hal_msp.o
 .debug_aranges
                0x0000000000000148       0x78 ./Core/Src/stm32f7xx_it.o
 .debug_aranges
                0x00000000000001c0       0x28 ./Core/Src/system_stm32f7xx.o
 .debug_aranges
                0x00000000000001e8       0x30 ./Core/Src/usart.o
 .debug_aranges
                0x0000000000000218       0x28 ./Core/Startup/startup_stm32f769nihx.o
 .debug_aranges
                0x0000000000000240      0x110 ./Drivers/STM32F7xx_HAL_Driver/Src/stm32f7xx_hal.o
 .debug_aranges
                0x0000000000000350       0xe8 ./Drivers/STM32F7xx_HAL_Driver/Src/stm32f7xx_hal_adc.o
 .debug_aranges
                0x0000000000000438      0x118 ./Drivers/STM32F7xx_HAL_Driver/Src/stm32f7xx_hal_cortex.o
 .debug_aranges
                0x0000000000000550      0x248 ./Drivers/STM32F7xx_HAL_Driver/Src/stm32f7xx_hal_dfsdm.o
 .debug_aranges
                0x0000000000000798       0x90 ./Drivers/STM32F7xx_HAL_Driver/Src/stm32f7xx_hal_dma.o
 .debug_aranges
                0x0000000000000828       0x58 ./Drivers/STM32F7xx_HAL_Driver/Src/stm32f7xx_hal_gpio.o
 .debug_aranges
                0x0000000000000880       0x80 ./Drivers/STM32F7xx_HAL_Driver/Src/stm32f7xx_hal_pwr_ex.o
 .debug_aranges
                0x0000000000000900       0x88 ./Drivers/STM32F7xx_HAL_Driver/Src/stm32f7xx_hal_rcc.o
 .debug_aranges
                0x0000000000000988       0x50 ./Drivers/STM32F7xx_HAL_Driver/Src/stm32f7xx_hal_rcc_ex.o
 .debug_aranges
                0x00000000000009d8      0x178 ./Drivers/STM32F7xx_HAL_Driver/Src/stm32f7xx_hal_sai.o
 .debug_aranges
                0x0000000000000b50      0x230 ./Drivers/STM32F7xx_HAL_Driver/Src/stm32f7xx_hal_uart.o

.debug_ranges   0x0000000000000000      0xc70
 .debug_ranges  0x0000000000000000       0x20 ./Core/Src/adc.o
 .debug_ranges  0x0000000000000020       0x30 ./Core/Src/dfsdm.o
 .debug_ranges  0x0000000000000050       0x10 ./Core/Src/dma.o
 .debug_ranges  0x0000000000000060       0x10 ./Core/Src/gpio.o
 .debug_ranges  0x0000000000000070       0x38 ./Core/Src/main.o
 .debug_ranges  0x00000000000000a8       0x20 ./Core/Src/sai.o
 .debug_ranges  0x00000000000000c8       0x10 ./Core/Src/stm32f7xx_hal_msp.o
 .debug_ranges  0x00000000000000d8       0x68 ./Core/Src/stm32f7xx_it.o
 .debug_ranges  0x0000000000000140       0x18 ./Core/Src/system_stm32f7xx.o
 .debug_ranges  0x0000000000000158       0x20 ./Core/Src/usart.o
 .debug_ranges  0x0000000000000178       0x20 ./Core/Startup/startup_stm32f769nihx.o
 .debug_ranges  0x0000000000000198      0x100 ./Drivers/STM32F7xx_HAL_Driver/Src/stm32f7xx_hal.o
 .debug_ranges  0x0000000000000298       0xd8 ./Drivers/STM32F7xx_HAL_Driver/Src/stm32f7xx_hal_adc.o
 .debug_ranges  0x0000000000000370      0x108 ./Drivers/STM32F7xx_HAL_Driver/Src/stm32f7xx_hal_cortex.o
 .debug_ranges  0x0000000000000478      0x238 ./Drivers/STM32F7xx_HAL_Driver/Src/stm32f7xx_hal_dfsdm.o
 .debug_ranges  0x00000000000006b0       0x80 ./Drivers/STM32F7xx_HAL_Driver/Src/stm32f7xx_hal_dma.o
 .debug_ranges  0x0000000000000730       0x48 ./Drivers/STM32F7xx_HAL_Driver/Src/stm32f7xx_hal_gpio.o
 .debug_ranges  0x0000000000000778       0x70 ./Drivers/STM32F7xx_HAL_Driver/Src/stm32f7xx_hal_pwr_ex.o
 .debug_ranges  0x00000000000007e8       0x78 ./Drivers/STM32F7xx_HAL_Driver/Src/stm32f7xx_hal_rcc.o
 .debug_ranges  0x0000000000000860       0x40 ./Drivers/STM32F7xx_HAL_Driver/Src/stm32f7xx_hal_rcc_ex.o
 .debug_ranges  0x00000000000008a0      0x180 ./Drivers/STM32F7xx_HAL_Driver/Src/stm32f7xx_hal_sai.o
 .debug_ranges  0x0000000000000a20      0x250 ./Drivers/STM32F7xx_HAL_Driver/Src/stm32f7xx_hal_uart.o

.debug_macro    0x0000000000000000    0x2dd29
 .debug_macro   0x0000000000000000      0x210 ./Core/Src/adc.o
 .debug_macro   0x0000000000000210      0xa90 ./Core/Src/adc.o
 .debug_macro   0x0000000000000ca0      0x29f ./Core/Src/adc.o
 .debug_macro   0x0000000000000f3f       0x2e ./Core/Src/adc.o
 .debug_macro   0x0000000000000f6d       0x3b ./Core/Src/adc.o
 .debug_macro   0x0000000000000fa8       0x22 ./Core/Src/adc.o
 .debug_macro   0x0000000000000fca       0x8e ./Core/Src/adc.o
 .debug_macro   0x0000000000001058       0x51 ./Core/Src/adc.o
 .debug_macro   0x00000000000010a9      0x103 ./Core/Src/adc.o
 .debug_macro   0x00000000000011ac       0x6a ./Core/Src/adc.o
 .debug_macro   0x0000000000001216      0x1df ./Core/Src/adc.o
 .debug_macro   0x00000000000013f5       0x1c ./Core/Src/adc.o
 .debug_macro   0x0000000000001411       0x22 ./Core/Src/adc.o
 .debug_macro   0x0000000000001433       0xd9 ./Core/Src/adc.o
 .debug_macro   0x000000000000150c     0x12cd ./Core/Src/adc.o
 .debug_macro   0x00000000000027d9      0x11f ./Core/Src/adc.o
 .debug_macro   0x00000000000028f8       0x19 ./Core/Src/adc.o
 .debug_macro   0x0000000000002911    0x204b6 ./Core/Src/adc.o
 .debug_macro   0x0000000000022dc7       0x6d ./Core/Src/adc.o
 .debug_macro   0x0000000000022e34     0x3749 ./Core/Src/adc.o
 .debug_macro   0x000000000002657d      0x174 ./Core/Src/adc.o
 .debug_macro   0x00000000000266f1       0x63 ./Core/Src/adc.o
 .debug_macro   0x0000000000026754     0x1b3f ./Core/Src/adc.o
 .debug_macro   0x0000000000028293      0x6c4 ./Core/Src/adc.o
 .debug_macro   0x0000000000028957      0x18b ./Core/Src/adc.o
 .debug_macro   0x0000000000028ae2      0x115 ./Core/Src/adc.o
 .debug_macro   0x0000000000028bf7      0x275 ./Core/Src/adc.o
 .debug_macro   0x0000000000028e6c       0xa5 ./Core/Src/adc.o
 .debug_macro   0x0000000000028f11      0x24f ./Core/Src/adc.o
 .debug_macro   0x0000000000029160       0x71 ./Core/Src/adc.o
 .debug_macro   0x00000000000291d1       0x58 ./Core/Src/adc.o
 .debug_macro   0x0000000000029229      0x236 ./Core/Src/adc.o
 .debug_macro   0x000000000002945f      0x416 ./Core/Src/adc.o
 .debug_macro   0x0000000000029875      0x153 ./Core/Src/adc.o
 .debug_macro   0x00000000000299c8      0x107 ./Core/Src/adc.o
 .debug_macro   0x0000000000029acf      0x14e ./Core/Src/adc.o
 .debug_macro   0x0000000000029c1d      0x3db ./Core/Src/adc.o
 .debug_macro   0x0000000000029ff8       0x12 ./Core/Src/adc.o
 .debug_macro   0x000000000002a00a      0x22c ./Core/Src/adc.o
 .debug_macro   0x000000000002a236       0x61 ./Core/Src/adc.o
 .debug_macro   0x000000000002a297       0xa5 ./Core/Src/adc.o
 .debug_macro   0x000000000002a33c      0x12e ./Core/Src/adc.o
 .debug_macro   0x000000000002a46a      0x108 ./Core/Src/adc.o
 .debug_macro   0x000000000002a572       0x35 ./Core/Src/adc.o
 .debug_macro   0x000000000002a5a7      0x447 ./Core/Src/adc.o
 .debug_macro   0x000000000002a9ee      0x5ba ./Core/Src/adc.o
 .debug_macro   0x000000000002afa8       0x44 ./Core/Src/adc.o
 .debug_macro   0x000000000002afec      0x2a3 ./Core/Src/adc.o
 .debug_macro   0x000000000002b28f      0x15b ./Core/Src/adc.o
 .debug_macro   0x000000000002b3ea      0x210 ./Core/Src/dfsdm.o
 .debug_macro   0x000000000002b5fa      0x210 ./Core/Src/dma.o
 .debug_macro   0x000000000002b80a      0x210 ./Core/Src/gpio.o
 .debug_macro   0x000000000002ba1a      0x24c ./Core/Src/main.o
 .debug_macro   0x000000000002bc66      0x210 ./Core/Src/sai.o
 .debug_macro   0x000000000002be76      0x206 ./Core/Src/stm32f7xx_hal_msp.o
 .debug_macro   0x000000000002c07c      0x210 ./Core/Src/stm32f7xx_it.o
 .debug_macro   0x000000000002c28c      0x1fc ./Core/Src/system_stm32f7xx.o
 .debug_macro   0x000000000002c488      0x210 ./Core/Src/usart.o
 .debug_macro   0x000000000002c698      0x220 ./Drivers/STM32F7xx_HAL_Driver/Src/stm32f7xx_hal.o
 .debug_macro   0x000000000002c8b8      0x1fd ./Drivers/STM32F7xx_HAL_Driver/Src/stm32f7xx_hal_adc.o
 .debug_macro   0x000000000002cab5      0x1fc ./Drivers/STM32F7xx_HAL_Driver/Src/stm32f7xx_hal_cortex.o
 .debug_macro   0x000000000002ccb1      0x220 ./Drivers/STM32F7xx_HAL_Driver/Src/stm32f7xx_hal_dfsdm.o
 .debug_macro   0x000000000002ced1      0x202 ./Drivers/STM32F7xx_HAL_Driver/Src/stm32f7xx_hal_dma.o
 .debug_macro   0x000000000002d0d3      0x202 ./Drivers/STM32F7xx_HAL_Driver/Src/stm32f7xx_hal_gpio.o
 .debug_macro   0x000000000002d2d5      0x214 ./Drivers/STM32F7xx_HAL_Driver/Src/stm32f7xx_hal_pwr_ex.o
 .debug_macro   0x000000000002d4e9      0x220 ./Drivers/STM32F7xx_HAL_Driver/Src/stm32f7xx_hal_rcc.o
 .debug_macro   0x000000000002d709      0x1fc ./Drivers/STM32F7xx_HAL_Driver/Src/stm32f7xx_hal_rcc_ex.o
 .debug_macro   0x000000000002d905      0x20b ./Drivers/STM32F7xx_HAL_Driver/Src/stm32f7xx_hal_sai.o
 .debug_macro   0x000000000002db10      0x219 ./Drivers/STM32F7xx_HAL_Driver/Src/stm32f7xx_hal_uart.o

.debug_line     0x0000000000000000    0x12160
 .debug_line    0x0000000000000000      0x763 ./Core/Src/adc.o
 .debug_line    0x0000000000000763      0x8d7 ./Core/Src/dfsdm.o
 .debug_line    0x000000000000103a      0x6f2 ./Core/Src/dma.o
 .debug_line    0x000000000000172c      0x6f3 ./Core/Src/gpio.o
 .debug_line    0x0000000000001e1f      0x950 ./Core/Src/main.o
 .debug_line    0x000000000000276f      0x7f3 ./Core/Src/sai.o
 .debug_line    0x0000000000002f62      0x6f2 ./Core/Src/stm32f7xx_hal_msp.o
 .debug_line    0x0000000000003654      0x7fd ./Core/Src/stm32f7xx_it.o
 .debug_line    0x0000000000003e51      0x772 ./Core/Src/system_stm32f7xx.o
 .debug_line    0x00000000000045c3      0x788 ./Core/Src/usart.o
 .debug_line    0x0000000000004d4b       0x88 ./Core/Startup/startup_stm32f769nihx.o
 .debug_line    0x0000000000004dd3      0xa33 ./Drivers/STM32F7xx_HAL_Driver/Src/stm32f7xx_hal.o
 .debug_line    0x0000000000005806     0x123b ./Drivers/STM32F7xx_HAL_Driver/Src/stm32f7xx_hal_adc.o
 .debug_line    0x0000000000006a41      0xc89 ./Drivers/STM32F7xx_HAL_Driver/Src/stm32f7xx_hal_cortex.o
 .debug_line    0x00000000000076ca     0x1f38 ./Drivers/STM32F7xx_HAL_Driver/Src/stm32f7xx_hal_dfsdm.o
 .debug_line    0x0000000000009602      0xf52 ./Drivers/STM32F7xx_HAL_Driver/Src/stm32f7xx_hal_dma.o
 .debug_line    0x000000000000a554      0xb77 ./Drivers/STM32F7xx_HAL_Driver/Src/stm32f7xx_hal_gpio.o
 .debug_line    0x000000000000b0cb      0x978 ./Drivers/STM32F7xx_HAL_Driver/Src/stm32f7xx_hal_pwr_ex.o
 .debug_line    0x000000000000ba43      0xe73 ./Drivers/STM32F7xx_HAL_Driver/Src/stm32f7xx_hal_rcc.o
 .debug_line    0x000000000000c8b6      0xe51 ./Drivers/STM32F7xx_HAL_Driver/Src/stm32f7xx_hal_rcc_ex.o
 .debug_line    0x000000000000d707     0x1963 ./Drivers/STM32F7xx_HAL_Driver/Src/stm32f7xx_hal_sai.o
 .debug_line    0x000000000000f06a     0x30f6 ./Drivers/STM32F7xx_HAL_Driver/Src/stm32f7xx_hal_uart.o

.debug_str      0x0000000000000000   0x11505f
 .debug_str     0x0000000000000000   0x110c7f ./Core/Src/adc.o
                                     0x1113ae (size before relaxing)
 .debug_str     0x0000000000110c7f      0x718 ./Core/Src/dfsdm.o
                                     0x111909 (size before relaxing)
 .debug_str     0x0000000000111397      0x68e ./Core/Src/dma.o
                                     0x111582 (size before relaxing)
 .debug_str     0x0000000000111a25       0x2c ./Core/Src/gpio.o
                                     0x110f0b (size before relaxing)
 .debug_str     0x0000000000111a51      0x5a7 ./Core/Src/main.o
                                     0x111b31 (size before relaxing)
 .debug_str     0x0000000000111ff8      0x2a0 ./Core/Src/sai.o
                                     0x111533 (size before relaxing)
 .debug_str     0x0000000000112298       0x2c ./Core/Src/stm32f7xx_hal_msp.o
                                     0x110f0b (size before relaxing)
 .debug_str     0x00000000001122c4      0x124 ./Core/Src/stm32f7xx_it.o
                                     0x11115d (size before relaxing)
 .debug_str     0x00000000001123e8      0x1a4 ./Core/Src/system_stm32f7xx.o
                                     0x111084 (size before relaxing)
 .debug_str     0x000000000011258c      0x25b ./Core/Src/usart.o
                                     0x11178f (size before relaxing)
 .debug_str     0x00000000001127e7       0x36 ./Core/Startup/startup_stm32f769nihx.o
                                         0x8e (size before relaxing)
 .debug_str     0x000000000011281d      0x451 ./Drivers/STM32F7xx_HAL_Driver/Src/stm32f7xx_hal.o
                                     0x111acd (size before relaxing)
 .debug_str     0x0000000000112c6e      0x2bd ./Drivers/STM32F7xx_HAL_Driver/Src/stm32f7xx_hal_adc.o
                                     0x11157d (size before relaxing)
 .debug_str     0x0000000000112f2b      0x326 ./Drivers/STM32F7xx_HAL_Driver/Src/stm32f7xx_hal_cortex.o
                                     0x111a7d (size before relaxing)
 .debug_str     0x0000000000113251      0x804 ./Drivers/STM32F7xx_HAL_Driver/Src/stm32f7xx_hal_dfsdm.o
                                     0x111f5b (size before relaxing)
 .debug_str     0x0000000000113a55      0x2e0 ./Drivers/STM32F7xx_HAL_Driver/Src/stm32f7xx_hal_dma.o
                                     0x1113c3 (size before relaxing)
 .debug_str     0x0000000000113d35      0x141 ./Drivers/STM32F7xx_HAL_Driver/Src/stm32f7xx_hal_gpio.o
                                     0x111142 (size before relaxing)
 .debug_str     0x0000000000113e76      0x1d1 ./Drivers/STM32F7xx_HAL_Driver/Src/stm32f7xx_hal_pwr_ex.o
                                     0x1112f3 (size before relaxing)
 .debug_str     0x0000000000114047      0x260 ./Drivers/STM32F7xx_HAL_Driver/Src/stm32f7xx_hal_rcc.o
                                     0x1113ff (size before relaxing)
 .debug_str     0x00000000001142a7      0x147 ./Drivers/STM32F7xx_HAL_Driver/Src/stm32f7xx_hal_rcc_ex.o
                                     0x111362 (size before relaxing)
 .debug_str     0x00000000001143ee      0x407 ./Drivers/STM32F7xx_HAL_Driver/Src/stm32f7xx_hal_sai.o
                                     0x1117b9 (size before relaxing)
 .debug_str     0x00000000001147f5      0x86a ./Drivers/STM32F7xx_HAL_Driver/Src/stm32f7xx_hal_uart.o
                                     0x111d4d (size before relaxing)

.comment        0x0000000000000000       0x50
 .comment       0x0000000000000000       0x50 ./Core/Src/adc.o
                                         0x51 (size before relaxing)
 .comment       0x0000000000000050       0x51 ./Core/Src/dfsdm.o
 .comment       0x0000000000000050       0x51 ./Core/Src/dma.o
 .comment       0x0000000000000050       0x51 ./Core/Src/gpio.o
 .comment       0x0000000000000050       0x51 ./Core/Src/main.o
 .comment       0x0000000000000050       0x51 ./Core/Src/sai.o
 .comment       0x0000000000000050       0x51 ./Core/Src/stm32f7xx_hal_msp.o
 .comment       0x0000000000000050       0x51 ./Core/Src/stm32f7xx_it.o
 .comment       0x0000000000000050       0x51 ./Core/Src/system_stm32f7xx.o
 .comment       0x0000000000000050       0x51 ./Core/Src/usart.o
 .comment       0x0000000000000050       0x51 ./Drivers/STM32F7xx_HAL_Driver/Src/stm32f7xx_hal.o
 .comment       0x0000000000000050       0x51 ./Drivers/STM32F7xx_HAL_Driver/Src/stm32f7xx_hal_adc.o
 .comment       0x0000000000000050       0x51 ./Drivers/STM32F7xx_HAL_Driver/Src/stm32f7xx_hal_cortex.o
 .comment       0x0000000000000050       0x51 ./Drivers/STM32F7xx_HAL_Driver/Src/stm32f7xx_hal_dfsdm.o
 .comment       0x0000000000000050       0x51 ./Drivers/STM32F7xx_HAL_Driver/Src/stm32f7xx_hal_dma.o
 .comment       0x0000000000000050       0x51 ./Drivers/STM32F7xx_HAL_Driver/Src/stm32f7xx_hal_gpio.o
 .comment       0x0000000000000050       0x51 ./Drivers/STM32F7xx_HAL_Driver/Src/stm32f7xx_hal_pwr_ex.o
 .comment       0x0000000000000050       0x51 ./Drivers/STM32F7xx_HAL_Driver/Src/stm32f7xx_hal_rcc.o
 .comment       0x0000000000000050       0x51 ./Drivers/STM32F7xx_HAL_Driver/Src/stm32f7xx_hal_rcc_ex.o
 .comment       0x0000000000000050       0x51 ./Drivers/STM32F7xx_HAL_Driver/Src/stm32f7xx_hal_sai.o
 .comment       0x0000000000000050       0x51 ./Drivers/STM32F7xx_HAL_Driver/Src/stm32f7xx_hal_uart.o

.debug_frame    0x0000000000000000     0x3628
 .debug_frame   0x0000000000000000       0x84 ./Core/Src/adc.o
 .debug_frame   0x0000000000000084       0xbc ./Core/Src/dfsdm.o
 .debug_frame   0x0000000000000140       0x34 ./Core/Src/dma.o
 .debug_frame   0x0000000000000174       0x38 ./Core/Src/gpio.o
 .debug_frame   0x00000000000001ac       0xe0 ./Core/Src/main.o
 .debug_frame   0x000000000000028c       0x74 ./Core/Src/sai.o
 .debug_frame   0x0000000000000300       0x38 ./Core/Src/stm32f7xx_hal_msp.o
 .debug_frame   0x0000000000000338      0x158 ./Core/Src/stm32f7xx_it.o
 .debug_frame   0x0000000000000490       0x58 ./Core/Src/system_stm32f7xx.o
 .debug_frame   0x00000000000004e8       0x78 ./Core/Src/usart.o
 .debug_frame   0x0000000000000560      0x3f4 ./Drivers/STM32F7xx_HAL_Driver/Src/stm32f7xx_hal.o
 .debug_frame   0x0000000000000954      0x3fc ./Drivers/STM32F7xx_HAL_Driver/Src/stm32f7xx_hal_adc.o
 .debug_frame   0x0000000000000d50      0x498 ./Drivers/STM32F7xx_HAL_Driver/Src/stm32f7xx_hal_cortex.o
 .debug_frame   0x00000000000011e8      0xa78 ./Drivers/STM32F7xx_HAL_Driver/Src/stm32f7xx_hal_dfsdm.o
 .debug_frame   0x0000000000001c60      0x250 ./Drivers/STM32F7xx_HAL_Driver/Src/stm32f7xx_hal_dma.o
 .debug_frame   0x0000000000001eb0      0x14c ./Drivers/STM32F7xx_HAL_Driver/Src/stm32f7xx_hal_gpio.o
 .debug_frame   0x0000000000001ffc      0x1c8 ./Drivers/STM32F7xx_HAL_Driver/Src/stm32f7xx_hal_pwr_ex.o
 .debug_frame   0x00000000000021c4      0x1f8 ./Drivers/STM32F7xx_HAL_Driver/Src/stm32f7xx_hal_rcc.o
 .debug_frame   0x00000000000023bc      0x118 ./Drivers/STM32F7xx_HAL_Driver/Src/stm32f7xx_hal_rcc_ex.o
 .debug_frame   0x00000000000024d4      0x698 ./Drivers/STM32F7xx_HAL_Driver/Src/stm32f7xx_hal_sai.o
 .debug_frame   0x0000000000002b6c      0xa10 ./Drivers/STM32F7xx_HAL_Driver/Src/stm32f7xx_hal_uart.o
 .debug_frame   0x000000000000357c       0x2c /opt/st/stm32cubeide_1.10.1/plugins/com.st.stm32cube.ide.mcu.externaltools.gnu-tools-for-stm32.10.3-2021.10.linux64_1.0.0.202111181127/tools/bin/../lib/gcc/arm-none-eabi/10.3.1/../../../../arm-none-eabi/lib/thumb/v7e-m+dp/hard/libc_nano.a(lib_a-init.o)
 .debug_frame   0x00000000000035a8       0x20 /opt/st/stm32cubeide_1.10.1/plugins/com.st.stm32cube.ide.mcu.externaltools.gnu-tools-for-stm32.10.3-2021.10.linux64_1.0.0.202111181127/tools/bin/../lib/gcc/arm-none-eabi/10.3.1/../../../../arm-none-eabi/lib/thumb/v7e-m+dp/hard/libc_nano.a(lib_a-memset.o)
 .debug_frame   0x00000000000035c8       0x2c /opt/st/stm32cubeide_1.10.1/plugins/com.st.stm32cube.ide.mcu.externaltools.gnu-tools-for-stm32.10.3-2021.10.linux64_1.0.0.202111181127/tools/bin/../lib/gcc/arm-none-eabi/10.3.1/thumb/v7e-m+dp/hard/libgcc.a(_aeabi_uldivmod.o)
 .debug_frame   0x00000000000035f4       0x34 /opt/st/stm32cubeide_1.10.1/plugins/com.st.stm32cube.ide.mcu.externaltools.gnu-tools-for-stm32.10.3-2021.10.linux64_1.0.0.202111181127/tools/bin/../lib/gcc/arm-none-eabi/10.3.1/thumb/v7e-m+dp/hard/libgcc.a(_udivmoddi4.o)
