Archive member included to satisfy reference by file (symbol)

/opt/st/stm32cubeide_1.10.1/plugins/com.st.stm32cube.ide.mcu.externaltools.gnu-tools-for-stm32.10.3-2021.10.linux64_1.0.0.202111181127/tools/bin/../lib/gcc/arm-none-eabi/10.3.1/../../../../arm-none-eabi/lib/thumb/v7e-m+dp/hard/libc_nano.a(lib_a-errno.o)
                              ./Core/Src/syscalls.o (__errno)
/opt/st/stm32cubeide_1.10.1/plugins/com.st.stm32cube.ide.mcu.externaltools.gnu-tools-for-stm32.10.3-2021.10.linux64_1.0.0.202111181127/tools/bin/../lib/gcc/arm-none-eabi/10.3.1/../../../../arm-none-eabi/lib/thumb/v7e-m+dp/hard/libc_nano.a(lib_a-exit.o)
                              /opt/st/stm32cubeide_1.10.1/plugins/com.st.stm32cube.ide.mcu.externaltools.gnu-tools-for-stm32.10.3-2021.10.linux64_1.0.0.202111181127/tools/bin/../lib/gcc/arm-none-eabi/10.3.1/../../../../arm-none-eabi/lib/thumb/v7e-m+dp/hard/crt0.o (exit)
/opt/st/stm32cubeide_1.10.1/plugins/com.st.stm32cube.ide.mcu.externaltools.gnu-tools-for-stm32.10.3-2021.10.linux64_1.0.0.202111181127/tools/bin/../lib/gcc/arm-none-eabi/10.3.1/../../../../arm-none-eabi/lib/thumb/v7e-m+dp/hard/libc_nano.a(lib_a-impure.o)
                              /opt/st/stm32cubeide_1.10.1/plugins/com.st.stm32cube.ide.mcu.externaltools.gnu-tools-for-stm32.10.3-2021.10.linux64_1.0.0.202111181127/tools/bin/../lib/gcc/arm-none-eabi/10.3.1/../../../../arm-none-eabi/lib/thumb/v7e-m+dp/hard/libc_nano.a(lib_a-exit.o) (_global_impure_ptr)
/opt/st/stm32cubeide_1.10.1/plugins/com.st.stm32cube.ide.mcu.externaltools.gnu-tools-for-stm32.10.3-2021.10.linux64_1.0.0.202111181127/tools/bin/../lib/gcc/arm-none-eabi/10.3.1/../../../../arm-none-eabi/lib/thumb/v7e-m+dp/hard/libc_nano.a(lib_a-init.o)
                              /opt/st/stm32cubeide_1.10.1/plugins/com.st.stm32cube.ide.mcu.externaltools.gnu-tools-for-stm32.10.3-2021.10.linux64_1.0.0.202111181127/tools/bin/../lib/gcc/arm-none-eabi/10.3.1/../../../../arm-none-eabi/lib/thumb/v7e-m+dp/hard/crt0.o (__libc_init_array)
/opt/st/stm32cubeide_1.10.1/plugins/com.st.stm32cube.ide.mcu.externaltools.gnu-tools-for-stm32.10.3-2021.10.linux64_1.0.0.202111181127/tools/bin/../lib/gcc/arm-none-eabi/10.3.1/../../../../arm-none-eabi/lib/thumb/v7e-m+dp/hard/libc_nano.a(lib_a-memset.o)
                              /opt/st/stm32cubeide_1.10.1/plugins/com.st.stm32cube.ide.mcu.externaltools.gnu-tools-for-stm32.10.3-2021.10.linux64_1.0.0.202111181127/tools/bin/../lib/gcc/arm-none-eabi/10.3.1/../../../../arm-none-eabi/lib/thumb/v7e-m+dp/hard/crt0.o (memset)
/opt/st/stm32cubeide_1.10.1/plugins/com.st.stm32cube.ide.mcu.externaltools.gnu-tools-for-stm32.10.3-2021.10.linux64_1.0.0.202111181127/tools/bin/../lib/gcc/arm-none-eabi/10.3.1/../../../../arm-none-eabi/lib/thumb/v7e-m+dp/hard/libc_nano.a(lib_a-sprintf.o)
                              ./Core/Src/main.o (sprintf)
/opt/st/stm32cubeide_1.10.1/plugins/com.st.stm32cube.ide.mcu.externaltools.gnu-tools-for-stm32.10.3-2021.10.linux64_1.0.0.202111181127/tools/bin/../lib/gcc/arm-none-eabi/10.3.1/../../../../arm-none-eabi/lib/thumb/v7e-m+dp/hard/libc_nano.a(lib_a-nano-svfprintf.o)
                              /opt/st/stm32cubeide_1.10.1/plugins/com.st.stm32cube.ide.mcu.externaltools.gnu-tools-for-stm32.10.3-2021.10.linux64_1.0.0.202111181127/tools/bin/../lib/gcc/arm-none-eabi/10.3.1/../../../../arm-none-eabi/lib/thumb/v7e-m+dp/hard/libc_nano.a(lib_a-sprintf.o) (_svfprintf_r)
/opt/st/stm32cubeide_1.10.1/plugins/com.st.stm32cube.ide.mcu.externaltools.gnu-tools-for-stm32.10.3-2021.10.linux64_1.0.0.202111181127/tools/bin/../lib/gcc/arm-none-eabi/10.3.1/../../../../arm-none-eabi/lib/thumb/v7e-m+dp/hard/libc_nano.a(lib_a-nano-vfprintf_i.o)
                              /opt/st/stm32cubeide_1.10.1/plugins/com.st.stm32cube.ide.mcu.externaltools.gnu-tools-for-stm32.10.3-2021.10.linux64_1.0.0.202111181127/tools/bin/../lib/gcc/arm-none-eabi/10.3.1/../../../../arm-none-eabi/lib/thumb/v7e-m+dp/hard/libc_nano.a(lib_a-nano-svfprintf.o) (_printf_i)
/opt/st/stm32cubeide_1.10.1/plugins/com.st.stm32cube.ide.mcu.externaltools.gnu-tools-for-stm32.10.3-2021.10.linux64_1.0.0.202111181127/tools/bin/../lib/gcc/arm-none-eabi/10.3.1/../../../../arm-none-eabi/lib/thumb/v7e-m+dp/hard/libc_nano.a(lib_a-memchr.o)
                              /opt/st/stm32cubeide_1.10.1/plugins/com.st.stm32cube.ide.mcu.externaltools.gnu-tools-for-stm32.10.3-2021.10.linux64_1.0.0.202111181127/tools/bin/../lib/gcc/arm-none-eabi/10.3.1/../../../../arm-none-eabi/lib/thumb/v7e-m+dp/hard/libc_nano.a(lib_a-nano-svfprintf.o) (memchr)
/opt/st/stm32cubeide_1.10.1/plugins/com.st.stm32cube.ide.mcu.externaltools.gnu-tools-for-stm32.10.3-2021.10.linux64_1.0.0.202111181127/tools/bin/../lib/gcc/arm-none-eabi/10.3.1/../../../../arm-none-eabi/lib/thumb/v7e-m+dp/hard/libc_nano.a(lib_a-memcpy-stub.o)
[...]
Memory Configuration

Name             Origin             Length             Attributes
RAM              0x0000000020000000 0x0000000000080000 xrw
FLASH            0x0000000008000000 0x0000000000200000 xr
*default*        0x0000000000000000 0xffffffffffffffff

Linker script and memory map

LOAD /opt/st/stm32cubeide_1.10.1/plugins/com.st.stm32cube.ide.mcu.externaltools.gnu-tools-for-stm32.10.3-2021.10.linux64_1.0.0.202111181127/tools/bin/../lib/gcc/arm-none-eabi/10.3.1/thumb/v7e-m+dp/hard/crti.o
LOAD /opt/st/stm32cubeide_1.10.1/plugins/com.st.stm32cube.ide.mcu.externaltools.gnu-tools-for-stm32.10.3-2021.10.linux64_1.0.0.202111181127/tools/bin/../lib/gcc/arm-none-eabi/10.3.1/thumb/v7e-m+dp/hard/crtbegin.o
LOAD /opt/st/stm32cubeide_1.10.1/plugins/com.st.stm32cube.ide.mcu.externaltools.gnu-tools-for-stm32.10.3-2021.10.linux64_1.0.0.202111181127/tools/bin/../lib/gcc/arm-none-eabi/10.3.1/../../../../arm-none-eabi/lib/thumb/v7e-m+dp/hard/crt0.o
LOAD ./Core/Src/main.o
LOAD ./Core/Src/stm32f7xx_hal_msp.o
LOAD ./Core/Src/stm32f7xx_it.o
LOAD ./Core/Src/syscalls.o
LOAD ./Core/Src/sysmem.o
LOAD ./Core/Src/system_stm32f7xx.o
LOAD ./Core/Startup/startup_stm32f769nihx.o
LOAD ./Drivers/STM32F7xx_HAL_Driver/Src/stm32f7xx_hal.o
LOAD ./Drivers/STM32F7xx_HAL_Driver/Src/stm32f7xx_hal_adc.o
LOAD ./Drivers/STM32F7xx_HAL_Driver/Src/stm32f7xx_hal_adc_ex.o
LOAD ./Drivers/STM32F7xx_HAL_Driver/Src/stm32f7xx_hal_cortex.o
LOAD ./Drivers/STM32F7xx_HAL_Driver/Src/stm32f7xx_hal_dma.o
LOAD ./Drivers/STM32F7xx_HAL_Driver/Src/stm32f7xx_hal_dma_ex.o
LOAD ./Drivers/STM32F7xx_HAL_Driver/Src/stm32f7xx_hal_dsi.o
LOAD ./Drivers/STM32F7xx_HAL_Driver/Src/stm32f7xx_hal_exti.o
LOAD ./Drivers/STM32F7xx_HAL_Driver/Src/stm32f7xx_hal_flash.o
LOAD ./Drivers/STM32F7xx_HAL_Driver/Src/stm32f7xx_hal_flash_ex.o
LOAD ./Drivers/STM32F7xx_HAL_Driver/Src/stm32f7xx_hal_gpio.o
LOAD ./Drivers/STM32F7xx_HAL_Driver/Src/stm32f7xx_hal_i2c.o
LOAD ./Drivers/STM32F7xx_HAL_Driver/Src/stm32f7xx_hal_i2c_ex.o
LOAD ./Drivers/STM32F7xx_HAL_Driver/Src/stm32f7xx_hal_mmc.o
LOAD ./Drivers/STM32F7xx_HAL_Driver/Src/stm32f7xx_hal_nor.o
LOAD ./Drivers/STM32F7xx_HAL_Driver/Src/stm32f7xx_hal_pcd.o
LOAD ./Drivers/STM32F7xx_HAL_Driver/Src/stm32f7xx_hal_pcd_ex.o
LOAD ./Drivers/STM32F7xx_HAL_Driver/Src/stm32f7xx_hal_pwr.o
LOAD ./Drivers/STM32F7xx_HAL_Driver/Src/stm32f7xx_hal_pwr_ex.o
LOAD ./Drivers/STM32F7xx_HAL_Driver/Src/stm32f7xx_hal_qspi.o
LOAD ./Drivers/STM32F7xx_HAL_Driver/Src/stm32f7xx_hal_rcc.o
LOAD ./Drivers/STM32F7xx_HAL_Driver/Src/stm32f7xx_hal_rcc_ex.o
LOAD ./Drivers/STM32F7xx_HAL_Driver/Src/stm32f7xx_hal_rtc.o
LOAD ./Drivers/STM32F7xx_HAL_Driver/Src/stm32f7xx_hal_rtc_ex.o
LOAD ./Drivers/STM32F7xx_HAL_Driver/Src/stm32f7xx_hal_sai.o
LOAD ./Drivers/STM32F7xx_HAL_Driver/Src/stm32f7xx_hal_sai_ex.o
LOAD ./Drivers/STM32F7xx_HAL_Driver/Src/stm32f7xx_hal_sdram.o
LOAD ./Drivers/STM32F7xx_HAL_Driver/Src/stm32f7xx_hal_spdifrx.o
LOAD ./Drivers/STM32F7xx_HAL_Driver/Src/stm32f7xx_hal_sram.o
LOAD ./Drivers/STM32F7xx_HAL_Driver/Src/stm32f7xx_hal_tim.o
LOAD ./Drivers/STM32F7xx_HAL_Driver/Src/stm32f7xx_hal_tim_ex.o
LOAD ./Drivers/STM32F7xx_HAL_Driver/Src/stm32f7xx_hal_uart.o
LOAD ./Drivers/STM32F7xx_HAL_Driver/Src/stm32f7xx_hal_uart_ex.o
LOAD ./Drivers/STM32F7xx_HAL_Driver/Src/stm32f7xx_ll_fmc.o
LOAD ./Drivers/STM32F7xx_HAL_Driver/Src/stm32f7xx_ll_sdmmc.o
LOAD ./Drivers/STM32F7xx_HAL_Driver/Src/stm32f7xx_ll_usb.o
START GROUP
LOAD /opt/st/stm32cubeide_1.10.1/plugins/com.st.stm32cube.ide.mcu.externaltools.gnu-tools-for-stm32.10.3-2021.10.linux64_1.0.0.202111181127/tools/bin/../lib/gcc/arm-none-eabi/10.3.1/../../../../arm-none-eabi/lib/thumb/v7e-m+dp/hard/libstdc++_nano.a
LOAD /opt/st/stm32cubeide_1.10.1/plugins/com.st.stm32cube.ide.mcu.externaltools.gnu-tools-for-stm32.10.3-2021.10.linux64_1.0.0.202111181127/tools/bin/../lib/gcc/arm-none-eabi/10.3.1/../../../../arm-none-eabi/lib/thumb/v7e-m+dp/hard/libsupc++_nano.a
END GROUP
LOAD /opt/st/stm32cubeide_1.10.1/plugins/com.st.stm32cube.ide.mcu.externaltools.gnu-tools-for-stm32.10.3-2021.10.linux64_1.0.0.202111181127/tools/bin/../lib/gcc/arm-none-eabi/10.3.1/../../../../arm-none-eabi/lib/thumb/v7e-m+dp/hard/libstdc++_nano.a
LOAD /opt/st/stm32cubeide_1.10.1/plugins/com.st.stm32cube.ide.mcu.externaltools.gnu-tools-for-stm32.10.3-2021.10.linux64_1.0.0.202111181127/tools/bin/../lib/gcc/arm-none-eabi/10.3.1/../../../../arm-none-eabi/lib/thumb/v7e-m+dp/hard/libm.a
LOAD /opt/st/stm32cubeide_1.10.1/plugins/com.st.stm32cube.ide.mcu.externaltools.gnu-tools-for-stm32.10.3-2021.10.linux64_1.0.0.202111181127/tools/bin/../lib/gcc/arm-none-eabi/10.3.1/../../../../arm-none-eabi/lib/thumb/v7e-m+dp/hard/libc_nano.a
START GROUP
LOAD /opt/st/stm32cubeide_1.10.1/plugins/com.st.stm32cube.ide.mcu.externaltools.gnu-tools-for-stm32.10.3-2021.10.linux64_1.0.0.202111181127/tools/bin/../lib/gcc/arm-none-eabi/10.3.1/thumb/v7e-m+dp/hard/libgcc.a
LOAD /opt/st/stm32cubeide_1.10.1/plugins/com.st.stm32cube.ide.mcu.externaltools.gnu-tools-for-stm32.10.3-2021.10.linux64_1.0.0.202111181127/tools/bin/../lib/gcc/arm-none-eabi/10.3.1/../../../../arm-none-eabi/lib/thumb/v7e-m+dp/hard/libc_nano.a
END GROUP
START GROUP
LOAD /opt/st/stm32cubeide_1.10.1/plugins/com.st.stm32cube.ide.mcu.externaltools.gnu-tools-for-stm32.10.3-2021.10.linux64_1.0.0.202111181127/tools/bin/../lib/gcc/arm-none-eabi/10.3.1/thumb/v7e-m+dp/hard/libgcc.a
LOAD /opt/st/stm32cubeide_1.10.1/plugins/com.st.stm32cube.ide.mcu.externaltools.gnu-tools-for-stm32.10.3-2021.10.linux64_1.0.0.202111181127/tools/bin/../lib/gcc/arm-none-eabi/10.3.1/../../../../arm-none-eabi/lib/thumb/v7e-m+dp/hard/libc_nano.a
LOAD /opt/st/stm32cubeide_1.10.1/plugins/com.st.stm32cube.ide.mcu.externaltools.gnu-tools-for-stm32.10.3-2021.10.linux64_1.0.0.202111181127/tools/bin/../lib/gcc/arm-none-eabi/10.3.1/../../../../arm-none-eabi/lib/thumb/v7e-m+dp/hard/libnosys.a
END GROUP
START GROUP
LOAD /opt/st/stm32cubeide_1.10.1/plugins/com.st.stm32cube.ide.mcu.externaltools.gnu-tools-for-stm32.10.3-2021.10.linux64_1.0.0.202111181127/tools/bin/../lib/gcc/arm-none-eabi/10.3.1/thumb/v7e-m+dp/hard/libgcc.a
LOAD /opt/st/stm32cubeide_1.10.1/plugins/com.st.stm32cube.ide.mcu.externaltools.gnu-tools-for-stm32.10.3-2021.10.linux64_1.0.0.202111181127/tools/bin/../lib/gcc/arm-none-eabi/10.3.1/../../../../arm-none-eabi/lib/thumb/v7e-m+dp/hard/libc_nano.a
LOAD /opt/st/stm32cubeide_1.10.1/plugins/com.st.stm32cube.ide.mcu.externaltools.gnu-tools-for-stm32.10.3-2021.10.linux64_1.0.0.202111181127/tools/bin/../lib/gcc/arm-none-eabi/10.3.1/../../../../arm-none-eabi/lib/thumb/v7e-m+dp/hard/libnosys.a
END GROUP
LOAD /opt/st/stm32cubeide_1.10.1/plugins/com.st.stm32cube.ide.mcu.externaltools.gnu-tools-for-stm32.10.3-2021.10.linux64_1.0.0.202111181127/tools/bin/../lib/gcc/arm-none-eabi/10.3.1/thumb/v7e-m+dp/hard/crtend.o
LOAD /opt/st/stm32cubeide_1.10.1/plugins/com.st.stm32cube.ide.mcu.externaltools.gnu-tools-for-stm32.10.3-2021.10.linux64_1.0.0.202111181127/tools/bin/../lib/gcc/arm-none-eabi/10.3.1/thumb/v7e-m+dp/hard/crtn.o
                0x0000000020080000                _estack = (ORIGIN (RAM) + LENGTH (RAM))
                0x0000000000000200                _Min_Heap_Size = 0x200
                0x0000000000000400                _Min_Stack_Size = 0x400

.isr_vector     0x0000000008000000      0x1f8
                0x0000000008000000                . = ALIGN (0x4)
 *(.isr_vector)
 .isr_vector    0x0000000008000000      0x1f8 ./Core/Startup/startup_stm32f769nihx.o
                0x0000000008000000                g_pfnVectors
                0x00000000080001f8                . = ALIGN (0x4)

.text           0x0000000008000200     0x6ddc
                0x0000000008000200                . = ALIGN (0x4)
 *(.text)
 .text          0x0000000008000200       0x40 /opt/st/stm32cubeide_1.10.1/plugins/com.st.stm32cube.ide.mcu.externaltools.gnu-tools-for-stm32.10.3-2021.10.linux64_1.0.0.202111181127/tools/bin/../lib/gcc/arm-none-eabi/10.3.1/thumb/v7e-m+dp/hard/crtbegin.o
 .text          0x0000000008000240       0xa0 /opt/st/stm32cubeide_1.10.1/plugins/com.st.stm32cube.ide.mcu.externaltools.gnu-tools-for-stm32.10.3-2021.10.linux64_1.0.0.202111181127/tools/bin/../lib/gcc/arm-none-eabi/10.3.1/../../../../arm-none-eabi/lib/thumb/v7e-m+dp/hard/libc_nano.a(lib_a-memchr.o)
                0x0000000008000240                memchr
 .text          0x00000000080002e0       0x30 /opt/st/stm32cubeide_1.10.1/plugins/com.st.stm32cube.ide.mcu.externaltools.gnu-tools-for-stm32.10.3-2021.10.linux64_1.0.0.202111181127/tools/bin/../lib/gcc/arm-none-eabi/10.3.1/thumb/v7e-m+dp/hard/libgcc.a(_aeabi_uldivmod.o)
                0x00000000080002e0                __aeabi_uldivmod
 .text          0x0000000008000310      0x2d0 /opt/st/stm32cubeide_1.10.1/plugins/com.st.stm32cube.ide.mcu.externaltools.gnu-tools-for-stm32.10.3-2021.10.linux64_1.0.0.202111181127/tools/bin/../lib/gcc/arm-none-eabi/10.3.1/thumb/v7e-m+dp/hard/libgcc.a(_udivmoddi4.o)
                0x0000000008000310                __udivmoddi4
 .text          0x00000000080005e0        0x4 /opt/st/stm32cubeide_1.10.1/plugins/com.st.stm32cube.ide.mcu.externaltools.gnu-tools-for-stm32.10.3-2021.10.linux64_1.0.0.202111181127/tools/bin/../lib/gcc/arm-none-eabi/10.3.1/thumb/v7e-m+dp/hard/libgcc.a(_dvmd_tls.o)
                0x00000000080005e0                __aeabi_ldiv0
                0x00000000080005e0                __aeabi_idiv0
 *(.text*)
 .text.get_time
                0x00000000080005e4       0x74 ./Core/Src/main.o
                0x00000000080005e4                get_time
 .text.main     0x0000000008000658       0xb0 ./Core/Src/main.o
                0x0000000008000658                main
 .text.SystemClock_Config
                0x0000000008000708       0xdc ./Core/Src/main.o
                0x0000000008000708                SystemClock_Config
 .text.PeriphCommonClock_Config
                0x00000000080007e4       0x52 ./Core/Src/main.o
                0x00000000080007e4                PeriphCommonClock_Config
 *fill*         0x0000000008000836        0x2 
 .text.MX_ADC3_Init
                0x0000000008000838       0xa4 ./Core/Src/main.o
 .text.MX_DSIHOST_DSI_Init
                0x00000000080008dc      0x170 ./Core/Src/main.o
 .text.MX_QUADSPI_Init
                0x0000000008000a4c       0x58 ./Core/Src/main.o
 .text.MX_RTC_Init
                0x0000000008000aa4       0x64 ./Core/Src/main.o
 .text.MX_SAI1_Init
                0x0000000008000b08       0x58 ./Core/Src/main.o
 .text.MX_SAI2_Init
                0x0000000008000b60       0xb4 ./Core/Src/main.o
 .text.MX_SPDIFRX_Init
                0x0000000008000c14       0x64 ./Core/Src/main.o
 .text.MX_USART1_UART_Init
                0x0000000008000c78       0x60 ./Core/Src/main.o
 .text.MX_USB_OTG_FS_PCD_Init
                0x0000000008000cd8       0x5c ./Core/Src/main.o
 .text.MX_FMC_Init
                0x0000000008000d34      0x1f8 ./Core/Src/main.o
 .text.MX_GPIO_Init
                0x0000000008000f2c      0x4d8 ./Core/Src/main.o
 .text.Error_Handler
                0x0000000008001404        0xa ./Core/Src/main.o
                0x0000000008001404                Error_Handler
 *fill*         0x000000000800140e        0x2 
 .text.HAL_MspInit
                0x0000000008001410       0x48 ./Core/Src/stm32f7xx_hal_msp.o
                0x0000000008001410                HAL_MspInit
 .text.HAL_ADC_MspInit
                0x0000000008001458       0x80 ./Core/Src/stm32f7xx_hal_msp.o
                0x0000000008001458                HAL_ADC_MspInit
 .text.HAL_DSI_MspInit
                0x00000000080014d8       0x88 ./Core/Src/stm32f7xx_hal_msp.o
                0x00000000080014d8                HAL_DSI_MspInit
 .text.HAL_QSPI_MspInit
                0x0000000008001560      0x104 ./Core/Src/stm32f7xx_hal_msp.o
                0x0000000008001560                HAL_QSPI_MspInit
 .text.HAL_RTC_MspInit
                0x0000000008001664       0x5c ./Core/Src/stm32f7xx_hal_msp.o
                0x0000000008001664                HAL_RTC_MspInit
 .text.HAL_SPDIFRX_MspInit
                0x00000000080016c0       0xcc ./Core/Src/stm32f7xx_hal_msp.o
                0x00000000080016c0                HAL_SPDIFRX_MspInit
 .text.HAL_UART_MspInit
                0x000000000800178c       0xbc ./Core/Src/stm32f7xx_hal_msp.o
                0x000000000800178c                HAL_UART_MspInit
 .text.HAL_PCD_MspInit
                0x0000000008001848       0xd4 ./Core/Src/stm32f7xx_hal_msp.o
                0x0000000008001848                HAL_PCD_MspInit
 .text.HAL_FMC_MspInit
                0x000000000800191c      0x148 ./Core/Src/stm32f7xx_hal_msp.o
 .text.HAL_NOR_MspInit
                0x0000000008001a64       0x14 ./Core/Src/stm32f7xx_hal_msp.o
                0x0000000008001a64                HAL_NOR_MspInit
 .text.HAL_SRAM_MspInit
                0x0000000008001a78       0x14 ./Core/Src/stm32f7xx_hal_msp.o
                0x0000000008001a78                HAL_SRAM_MspInit
 .text.HAL_SDRAM_MspInit
                0x0000000008001a8c       0x14 ./Core/Src/stm32f7xx_hal_msp.o
                0x0000000008001a8c                HAL_SDRAM_MspInit
 .text.HAL_SAI_MspInit
                0x0000000008001aa0      0x140 ./Core/Src/stm32f7xx_hal_msp.o
                0x0000000008001aa0                HAL_SAI_MspInit
 .text.NMI_Handler
                0x0000000008001be0        0x6 ./Core/Src/stm32f7xx_it.o
                0x0000000008001be0                NMI_Handler
 .text.HardFault_Handler
                0x0000000008001be6        0x6 ./Core/Src/stm32f7xx_it.o
                0x0000000008001be6                HardFault_Handler
 .text.MemManage_Handler
                0x0000000008001bec        0x6 ./Core/Src/stm32f7xx_it.o
                0x0000000008001bec                MemManage_Handler
 .text.BusFault_Handler
                0x0000000008001bf2        0x6 ./Core/Src/stm32f7xx_it.o
                0x0000000008001bf2                BusFault_Handler
 .text.UsageFault_Handler
                0x0000000008001bf8        0x6 ./Core/Src/stm32f7xx_it.o
                0x0000000008001bf8                UsageFault_Handler
 .text.SVC_Handler
                0x0000000008001bfe        0xe ./Core/Src/stm32f7xx_it.o
                0x0000000008001bfe                SVC_Handler
 .text.DebugMon_Handler
                0x0000000008001c0c        0xe ./Core/Src/stm32f7xx_it.o
                0x0000000008001c0c                DebugMon_Handler
 .text.PendSV_Handler
                0x0000000008001c1a        0xe ./Core/Src/stm32f7xx_it.o
                0x0000000008001c1a                PendSV_Handler
 .text.SysTick_Handler
                0x0000000008001c28        0xc ./Core/Src/stm32f7xx_it.o
                0x0000000008001c28                SysTick_Handler
 .text._sbrk    0x0000000008001c34       0x6c ./Core/Src/sysmem.o
                0x0000000008001c34                _sbrk
 .text.SystemInit
                0x0000000008001ca0       0x24 ./Core/Src/system_stm32f7xx.o
                0x0000000008001ca0                SystemInit
 .text.Reset_Handler
                0x0000000008001cc4       0x50 ./Core/Startup/startup_stm32f769nihx.o
                0x0000000008001cc4                Reset_Handler
 .text.Default_Handler
                0x0000000008001d14        0x2 ./Core/Startup/startup_stm32f769nihx.o
                0x0000000008001d14                RTC_Alarm_IRQHandler
                0x0000000008001d14                EXTI2_IRQHandler
                0x0000000008001d14                TIM8_CC_IRQHandler
                0x0000000008001d14                UART8_IRQHandler
                0x0000000008001d14                SPI4_IRQHandler
                0x0000000008001d14                TIM1_CC_IRQHandler
                0x0000000008001d14                DMA2_Stream5_IRQHandler
                0x0000000008001d14                JPEG_IRQHandler
                0x0000000008001d14                DMA1_Stream5_IRQHandler
                0x0000000008001d14                CAN3_RX1_IRQHandler
                0x0000000008001d14                PVD_IRQHandler
                0x0000000008001d14                TAMP_STAMP_IRQHandler
                0x0000000008001d14                CAN2_RX1_IRQHandler
                0x0000000008001d14                EXTI3_IRQHandler
                0x0000000008001d14                TIM8_TRG_COM_TIM14_IRQHandler
                0x0000000008001d14                DFSDM1_FLT1_IRQHandler
                0x0000000008001d14                TIM1_UP_TIM10_IRQHandler
                0x0000000008001d14                TIM8_UP_TIM13_IRQHandler
                0x0000000008001d14                I2C3_ER_IRQHandler
                0x0000000008001d14                DFSDM1_FLT2_IRQHandler
                0x0000000008001d14                EXTI0_IRQHandler
                0x0000000008001d14                I2C2_EV_IRQHandler
                0x0000000008001d14                DMA1_Stream2_IRQHandler
                0x0000000008001d14                CAN1_RX0_IRQHandler
                0x0000000008001d14                FPU_IRQHandler
                0x0000000008001d14                OTG_HS_WKUP_IRQHandler
                0x0000000008001d14                CAN3_SCE_IRQHandler
                0x0000000008001d14                LTDC_ER_IRQHandler
                0x0000000008001d14                CAN2_SCE_IRQHandler
                0x0000000008001d14                DMA2_Stream2_IRQHandler
                0x0000000008001d14                SPI1_IRQHandler
                0x0000000008001d14                TIM6_DAC_IRQHandler
                0x0000000008001d14                TIM1_BRK_TIM9_IRQHandler
                0x0000000008001d14                DCMI_IRQHandler
                0x0000000008001d14                CAN2_RX0_IRQHandler
                0x0000000008001d14                DMA2_Stream3_IRQHandler
                0x0000000008001d14                SAI2_IRQHandler
                0x0000000008001d14                DFSDM1_FLT3_IRQHandler
                0x0000000008001d14                USART6_IRQHandler
                0x0000000008001d14                CAN3_RX0_IRQHandler
                0x0000000008001d14                USART3_IRQHandler
                0x0000000008001d14                CAN1_RX1_IRQHandler
                0x0000000008001d14                UART5_IRQHandler
                0x0000000008001d14                DMA2_Stream0_IRQHandler
                0x0000000008001d14                TIM4_IRQHandler
                0x0000000008001d14                QUADSPI_IRQHandler
                0x0000000008001d14                I2C1_EV_IRQHandler
                0x0000000008001d14                DMA1_Stream6_IRQHandler
                0x0000000008001d14                DMA1_Stream1_IRQHandler
                0x0000000008001d14                UART4_IRQHandler
                0x0000000008001d14                TIM3_IRQHandler
                0x0000000008001d14                RCC_IRQHandler
                0x0000000008001d14                TIM8_BRK_TIM12_IRQHandler
                0x0000000008001d14                Default_Handler
                0x0000000008001d14                CEC_IRQHandler
                0x0000000008001d14                EXTI15_10_IRQHandler
                0x0000000008001d14                ADC_IRQHandler
                0x0000000008001d14                DMA1_Stream7_IRQHandler
                0x0000000008001d14                SPI5_IRQHandler
                0x0000000008001d14                TIM7_IRQHandler
                0x0000000008001d14                SDMMC1_IRQHandler
                0x0000000008001d14                CAN2_TX_IRQHandler
                0x0000000008001d14                TIM5_IRQHandler
                0x0000000008001d14                DMA2_Stream7_IRQHandler
                0x0000000008001d14                I2C3_EV_IRQHandler
                0x0000000008001d14                EXTI9_5_IRQHandler
                0x0000000008001d14                RTC_WKUP_IRQHandler
                0x0000000008001d14                LTDC_IRQHandler
                0x0000000008001d14                ETH_WKUP_IRQHandler
                0x0000000008001d14                SPDIF_RX_IRQHandler
                0x0000000008001d14                SPI2_IRQHandler
                0x0000000008001d14                OTG_HS_EP1_IN_IRQHandler
                0x0000000008001d14                DMA1_Stream0_IRQHandler
                0x0000000008001d14                CAN1_TX_IRQHandler
                0x0000000008001d14                EXTI4_IRQHandler
                0x0000000008001d14                RNG_IRQHandler
                0x0000000008001d14                DSI_IRQHandler
                0x0000000008001d14                ETH_IRQHandler
                0x0000000008001d14                OTG_HS_EP1_OUT_IRQHandler
                0x0000000008001d14                WWDG_IRQHandler
                0x0000000008001d14                SPI6_IRQHandler
                0x0000000008001d14                MDIOS_IRQHandler
                0x0000000008001d14                I2C4_EV_IRQHandler
                0x0000000008001d14                CAN3_TX_IRQHandler
                0x0000000008001d14                TIM2_IRQHandler
                0x0000000008001d14                OTG_FS_WKUP_IRQHandler
                0x0000000008001d14                TIM1_TRG_COM_TIM11_IRQHandler
                0x0000000008001d14                OTG_HS_IRQHandler
                0x0000000008001d14                DMA2D_IRQHandler
                0x0000000008001d14                EXTI1_IRQHandler
                0x0000000008001d14                SDMMC2_IRQHandler
                0x0000000008001d14                UART7_IRQHandler
                0x0000000008001d14                USART2_IRQHandler
                0x0000000008001d14                DFSDM1_FLT0_IRQHandler
                0x0000000008001d14                I2C2_ER_IRQHandler
                0x0000000008001d14                DMA2_Stream1_IRQHandler
                0x0000000008001d14                CAN1_SCE_IRQHandler
                0x0000000008001d14                FLASH_IRQHandler
                0x0000000008001d14                DMA2_Stream4_IRQHandler
                0x0000000008001d14                USART1_IRQHandler
                0x0000000008001d14                OTG_FS_IRQHandler
                0x0000000008001d14                SPI3_IRQHandler
                0x0000000008001d14                DMA1_Stream4_IRQHandler
                0x0000000008001d14                I2C1_ER_IRQHandler
                0x0000000008001d14                FMC_IRQHandler
                0x0000000008001d14                LPTIM1_IRQHandler
                0x0000000008001d14                I2C4_ER_IRQHandler
                0x0000000008001d14                DMA2_Stream6_IRQHandler
                0x0000000008001d14                SAI1_IRQHandler
                0x0000000008001d14                DMA1_Stream3_IRQHandler
 .text.HAL_Init
                0x0000000008001d16       0x1a ./Drivers/STM32F7xx_HAL_Driver/Src/stm32f7xx_hal.o
                0x0000000008001d16                HAL_Init
 .text.HAL_InitTick
                0x0000000008001d30       0x60 ./Drivers/STM32F7xx_HAL_Driver/Src/stm32f7xx_hal.o
                0x0000000008001d30                HAL_InitTick
 .text.HAL_IncTick
                0x0000000008001d90       0x28 ./Drivers/STM32F7xx_HAL_Driver/Src/stm32f7xx_hal.o
                0x0000000008001d90                HAL_IncTick
 .text.HAL_GetTick
                0x0000000008001db8       0x18 ./Drivers/STM32F7xx_HAL_Driver/Src/stm32f7xx_hal.o
                0x0000000008001db8                HAL_GetTick
 .text.HAL_Delay
                0x0000000008001dd0       0x48 ./Drivers/STM32F7xx_HAL_Driver/Src/stm32f7xx_hal.o
                0x0000000008001dd0                HAL_Delay
 .text.HAL_ADC_Init
                0x0000000008001e18       0x88 ./Drivers/STM32F7xx_HAL_Driver/Src/stm32f7xx_hal_adc.o
                0x0000000008001e18                HAL_ADC_Init
 .text.HAL_ADC_ConfigChannel
                0x0000000008001ea0      0x2ac ./Drivers/STM32F7xx_HAL_Driver/Src/stm32f7xx_hal_adc.o
                0x0000000008001ea0                HAL_ADC_ConfigChannel
 .text.ADC_Init
                0x000000000800214c      0x1f4 ./Drivers/STM32F7xx_HAL_Driver/Src/stm32f7xx_hal_adc.o
 .text.__NVIC_SetPriorityGrouping
                0x0000000008002340       0x48 ./Drivers/STM32F7xx_HAL_Driver/Src/stm32f7xx_hal_cortex.o
 .text.__NVIC_GetPriorityGrouping
                0x0000000008002388       0x1c ./Drivers/STM32F7xx_HAL_Driver/Src/stm32f7xx_hal_cortex.o
 .text.__NVIC_SetPriority
                0x00000000080023a4       0x54 ./Drivers/STM32F7xx_HAL_Driver/Src/stm32f7xx_hal_cortex.o
 .text.NVIC_EncodePriority
                0x00000000080023f8       0x66 ./Drivers/STM32F7xx_HAL_Driver/Src/stm32f7xx_hal_cortex.o
 *fill*         0x000000000800245e        0x2 
 .text.SysTick_Config
                0x0000000008002460       0x44 ./Drivers/STM32F7xx_HAL_Driver/Src/stm32f7xx_hal_cortex.o
 .text.HAL_NVIC_SetPriorityGrouping
                0x00000000080024a4       0x16 ./Drivers/STM32F7xx_HAL_Driver/Src/stm32f7xx_hal_cortex.o
                0x00000000080024a4                HAL_NVIC_SetPriorityGrouping
 .text.HAL_NVIC_SetPriority
                0x00000000080024ba       0x38 ./Drivers/STM32F7xx_HAL_Driver/Src/stm32f7xx_hal_cortex.o
                0x00000000080024ba                HAL_NVIC_SetPriority
 .text.HAL_SYSTICK_Config
                0x00000000080024f2       0x18 ./Drivers/STM32F7xx_HAL_Driver/Src/stm32f7xx_hal_cortex.o
                0x00000000080024f2                HAL_SYSTICK_Config
 *fill*         0x000000000800250a        0x2 
 .text.HAL_DSI_Init
                0x000000000800250c      0x238 ./Drivers/STM32F7xx_HAL_Driver/Src/stm32f7xx_hal_dsi.o
                0x000000000800250c                HAL_DSI_Init
 .text.HAL_DSI_ConfigErrorMonitor
                0x0000000008002744      0x178 ./Drivers/STM32F7xx_HAL_Driver/Src/stm32f7xx_hal_dsi.o
                0x0000000008002744                HAL_DSI_ConfigErrorMonitor
 .text.HAL_DSI_ConfigCommand
                0x00000000080028bc       0xbc ./Drivers/STM32F7xx_HAL_Driver/Src/stm32f7xx_hal_dsi.o
                0x00000000080028bc                HAL_DSI_ConfigCommand
 .text.HAL_DSI_ConfigFlowControl
                0x0000000008002978       0x50 ./Drivers/STM32F7xx_HAL_Driver/Src/stm32f7xx_hal_dsi.o
                0x0000000008002978                HAL_DSI_ConfigFlowControl
 .text.HAL_DSI_ConfigPhyTimer
                0x00000000080029c8       0xd4 ./Drivers/STM32F7xx_HAL_Driver/Src/stm32f7xx_hal_dsi.o
                0x00000000080029c8                HAL_DSI_ConfigPhyTimer
 .text.HAL_DSI_ConfigHostTimeouts
                0x0000000008002a9c      0x190 ./Drivers/STM32F7xx_HAL_Driver/Src/stm32f7xx_hal_dsi.o
                0x0000000008002a9c                HAL_DSI_ConfigHostTimeouts
 .text.HAL_DSI_SetLowPowerRXFilter
                0x0000000008002c2c       0x5a ./Drivers/STM32F7xx_HAL_Driver/Src/stm32f7xx_hal_dsi.o
                0x0000000008002c2c                HAL_DSI_SetLowPowerRXFilter
 *fill*         0x0000000008002c86        0x2 
 .text.HAL_GPIO_Init
                0x0000000008002c88      0x358 ./Drivers/STM32F7xx_HAL_Driver/Src/stm32f7xx_hal_gpio.o
                0x0000000008002c88                HAL_GPIO_Init
 .text.HAL_GPIO_ReadPin
                0x0000000008002fe0       0x30 ./Drivers/STM32F7xx_HAL_Driver/Src/stm32f7xx_hal_gpio.o
                0x0000000008002fe0                HAL_GPIO_ReadPin
 .text.HAL_GPIO_WritePin
                0x0000000008003010       0x32 ./Drivers/STM32F7xx_HAL_Driver/Src/stm32f7xx_hal_gpio.o
                0x0000000008003010                HAL_GPIO_WritePin
 .text.HAL_GPIO_TogglePin
                0x0000000008003042       0x34 ./Drivers/STM32F7xx_HAL_Driver/Src/stm32f7xx_hal_gpio.o
                0x0000000008003042                HAL_GPIO_TogglePin
 *fill*         0x0000000008003076        0x2 
 .text.HAL_NOR_Init
                0x0000000008003078      0x148 ./Drivers/STM32F7xx_HAL_Driver/Src/stm32f7xx_hal_nor.o
                0x0000000008003078                HAL_NOR_Init
 .text.HAL_NOR_ReturnToReadMode
                0x00000000080031c0       0xd0 ./Drivers/STM32F7xx_HAL_Driver/Src/stm32f7xx_hal_nor.o
                0x00000000080031c0                HAL_NOR_ReturnToReadMode
 .text.HAL_PCD_Init
                0x0000000008003290      0x248 ./Drivers/STM32F7xx_HAL_Driver/Src/stm32f7xx_hal_pcd.o
                0x0000000008003290                HAL_PCD_Init
 .text.HAL_PCDEx_ActivateLPM
                0x00000000080034d8       0x48 ./Drivers/STM32F7xx_HAL_Driver/Src/stm32f7xx_hal_pcd_ex.o
                0x00000000080034d8                HAL_PCDEx_ActivateLPM
 .text.HAL_PWR_EnableBkUpAccess
                0x0000000008003520       0x20 ./Drivers/STM32F7xx_HAL_Driver/Src/stm32f7xx_hal_pwr.o
                0x0000000008003520                HAL_PWR_EnableBkUpAccess
 .text.HAL_QSPI_Init
                0x0000000008003540       0xf8 ./Drivers/STM32F7xx_HAL_Driver/Src/stm32f7xx_hal_qspi.o
                0x0000000008003540                HAL_QSPI_Init
 .text.HAL_QSPI_SetTimeout
                0x0000000008003638       0x1c ./Drivers/STM32F7xx_HAL_Driver/Src/stm32f7xx_hal_qspi.o
                0x0000000008003638                HAL_QSPI_SetTimeout
 .text.QSPI_WaitFlagStateUntilTimeout
                0x0000000008003654       0x6e ./Drivers/STM32F7xx_HAL_Driver/Src/stm32f7xx_hal_qspi.o
 *fill*         0x00000000080036c2        0x2 
 .text.HAL_RCC_OscConfig
                0x00000000080036c4      0x55c ./Drivers/STM32F7xx_HAL_Driver/Src/stm32f7xx_hal_rcc.o
                0x00000000080036c4                HAL_RCC_OscConfig
 .text.HAL_RCC_ClockConfig
                0x0000000008003c20      0x1d8 ./Drivers/STM32F7xx_HAL_Driver/Src/stm32f7xx_hal_rcc.o
                0x0000000008003c20                HAL_RCC_ClockConfig
 .text.HAL_RCC_GetSysClockFreq
                0x0000000008003df8      0x18c ./Drivers/STM32F7xx_HAL_Driver/Src/stm32f7xx_hal_rcc.o
                0x0000000008003df8                HAL_RCC_GetSysClockFreq
 .text.HAL_RCC_GetHCLKFreq
                0x0000000008003f84       0x18 ./Drivers/STM32F7xx_HAL_Driver/Src/stm32f7xx_hal_rcc.o
                0x0000000008003f84                HAL_RCC_GetHCLKFreq
 .text.HAL_RCC_GetPCLK1Freq
                0x0000000008003f9c       0x28 ./Drivers/STM32F7xx_HAL_Driver/Src/stm32f7xx_hal_rcc.o
                0x0000000008003f9c                HAL_RCC_GetPCLK1Freq
 .text.HAL_RCC_GetPCLK2Freq
                0x0000000008003fc4       0x28 ./Drivers/STM32F7xx_HAL_Driver/Src/stm32f7xx_hal_rcc.o
                0x0000000008003fc4                HAL_RCC_GetPCLK2Freq
 .text.HAL_RCCEx_PeriphCLKConfig
                0x0000000008003fec      0x850 ./Drivers/STM32F7xx_HAL_Driver/Src/stm32f7xx_hal_rcc_ex.o
                0x0000000008003fec                HAL_RCCEx_PeriphCLKConfig
 .text.HAL_RCCEx_GetPeriphCLKFreq
                0x000000000800483c      0x2e4 ./Drivers/STM32F7xx_HAL_Driver/Src/stm32f7xx_hal_rcc_ex.o
                0x000000000800483c                HAL_RCCEx_GetPeriphCLKFreq
 .text.HAL_RTC_Init
                0x0000000008004b20      0x108 ./Drivers/STM32F7xx_HAL_Driver/Src/stm32f7xx_hal_rtc.o
                0x0000000008004b20                HAL_RTC_Init
 .text.HAL_RTC_GetTime
                0x0000000008004c28       0xbc ./Drivers/STM32F7xx_HAL_Driver/Src/stm32f7xx_hal_rtc.o
                0x0000000008004c28                HAL_RTC_GetTime
 .text.HAL_RTC_GetDate
                0x0000000008004ce4       0xa0 ./Drivers/STM32F7xx_HAL_Driver/Src/stm32f7xx_hal_rtc.o
                0x0000000008004ce4                HAL_RTC_GetDate
 .text.HAL_RTC_WaitForSynchro
                0x0000000008004d84       0x50 ./Drivers/STM32F7xx_HAL_Driver/Src/stm32f7xx_hal_rtc.o
                0x0000000008004d84                HAL_RTC_WaitForSynchro
 .text.RTC_EnterInitMode
                0x0000000008004dd4       0x6e ./Drivers/STM32F7xx_HAL_Driver/Src/stm32f7xx_hal_rtc.o
                0x0000000008004dd4                RTC_EnterInitMode
 .text.RTC_ExitInitMode
                0x0000000008004e42       0x4a ./Drivers/STM32F7xx_HAL_Driver/Src/stm32f7xx_hal_rtc.o
                0x0000000008004e42                RTC_ExitInitMode
 .text.RTC_Bcd2ToByte
                0x0000000008004e8c       0x3c ./Drivers/STM32F7xx_HAL_Driver/Src/stm32f7xx_hal_rtc.o
                0x0000000008004e8c                RTC_Bcd2ToByte
 .text.HAL_SAI_Init
                0x0000000008004ec8      0x2fc ./Drivers/STM32F7xx_HAL_Driver/Src/stm32f7xx_hal_sai.o
                0x0000000008004ec8                HAL_SAI_Init
 .text.SAI_Disable
                0x00000000080051c4       0x70 ./Drivers/STM32F7xx_HAL_Driver/Src/stm32f7xx_hal_sai.o
 .text.HAL_SDRAM_Init
                0x0000000008005234       0x68 ./Drivers/STM32F7xx_HAL_Driver/Src/stm32f7xx_hal_sdram.o
                0x0000000008005234                HAL_SDRAM_Init
 .text.HAL_SPDIFRX_Init
                0x000000000800529c       0xb8 ./Drivers/STM32F7xx_HAL_Driver/Src/stm32f7xx_hal_spdifrx.o
                0x000000000800529c                HAL_SPDIFRX_Init
 .text.HAL_SRAM_Init
                0x0000000008005354       0x90 ./Drivers/STM32F7xx_HAL_Driver/Src/stm32f7xx_hal_sram.o
                0x0000000008005354                HAL_SRAM_Init
 .text.HAL_UART_Init
                0x00000000080053e4       0x9c ./Drivers/STM32F7xx_HAL_Driver/Src/stm32f7xx_hal_uart.o
                0x00000000080053e4                HAL_UART_Init
 .text.UART_SetConfig
                0x0000000008005480      0x4c8 ./Drivers/STM32F7xx_HAL_Driver/Src/stm32f7xx_hal_uart.o
                0x0000000008005480                UART_SetConfig
 .text.UART_AdvFeatureConfig
                0x0000000008005948      0x144 ./Drivers/STM32F7xx_HAL_Driver/Src/stm32f7xx_hal_uart.o
                0x0000000008005948                UART_AdvFeatureConfig
 .text.UART_CheckIdleState
                0x0000000008005a8c       0x9a ./Drivers/STM32F7xx_HAL_Driver/Src/stm32f7xx_hal_uart.o
                0x0000000008005a8c                UART_CheckIdleState
 .text.UART_WaitOnFlagUntilTimeout
                0x0000000008005b26      0x18c ./Drivers/STM32F7xx_HAL_Driver/Src/stm32f7xx_hal_uart.o
                0x0000000008005b26                UART_WaitOnFlagUntilTimeout
 *fill*         0x0000000008005cb2        0x2 
 .text.FMC_NORSRAM_Init
                0x0000000008005cb4      0x120 ./Drivers/STM32F7xx_HAL_Driver/Src/stm32f7xx_ll_fmc.o
                0x0000000008005cb4                FMC_NORSRAM_Init
 .text.FMC_NORSRAM_Timing_Init
                0x0000000008005dd4       0xa0 ./Drivers/STM32F7xx_HAL_Driver/Src/stm32f7xx_ll_fmc.o
                0x0000000008005dd4                FMC_NORSRAM_Timing_Init
 .text.FMC_NORSRAM_Extended_Timing_Init
                0x0000000008005e74       0x70 ./Drivers/STM32F7xx_HAL_Driver/Src/stm32f7xx_ll_fmc.o
                0x0000000008005e74                FMC_NORSRAM_Extended_Timing_Init
 .text.FMC_NORSRAM_WriteOperation_Disable
                0x0000000008005ee4       0x2c ./Drivers/STM32F7xx_HAL_Driver/Src/stm32f7xx_ll_fmc.o
                0x0000000008005ee4                FMC_NORSRAM_WriteOperation_Disable
 .text.FMC_SDRAM_Init
                0x0000000008005f10       0xb8 ./Drivers/STM32F7xx_HAL_Driver/Src/stm32f7xx_ll_fmc.o
                0x0000000008005f10                FMC_SDRAM_Init
 .text.FMC_SDRAM_Timing_Init
                0x0000000008005fc8       0xd4 ./Drivers/STM32F7xx_HAL_Driver/Src/stm32f7xx_ll_fmc.o
                0x0000000008005fc8                FMC_SDRAM_Timing_Init
 .text.USB_CoreInit
                0x000000000800609c       0xb0 ./Drivers/STM32F7xx_HAL_Driver/Src/stm32f7xx_ll_usb.o
                0x000000000800609c                USB_CoreInit
 .text.USB_DisableGlobalInt
                0x000000000800614c       0x22 ./Drivers/STM32F7xx_HAL_Driver/Src/stm32f7xx_ll_usb.o
                0x000000000800614c                USB_DisableGlobalInt
 .text.USB_SetCurrentMode
                0x000000000800616e       0x98 ./Drivers/STM32F7xx_HAL_Driver/Src/stm32f7xx_ll_usb.o
                0x000000000800616e                USB_SetCurrentMode
 *fill*         0x0000000008006206        0x2 
 .text.USB_DevInit
                0x0000000008006208      0x2bc ./Drivers/STM32F7xx_HAL_Driver/Src/stm32f7xx_ll_usb.o
                0x0000000008006208                USB_DevInit
 .text.USB_FlushTxFifo
                0x00000000080064c4       0x68 ./Drivers/STM32F7xx_HAL_Driver/Src/stm32f7xx_ll_usb.o
                0x00000000080064c4                USB_FlushTxFifo
 .text.USB_FlushRxFifo
                0x000000000800652c       0x60 ./Drivers/STM32F7xx_HAL_Driver/Src/stm32f7xx_ll_usb.o
                0x000000000800652c                USB_FlushRxFifo
 .text.USB_SetDevSpeed
                0x000000000800658c       0x32 ./Drivers/STM32F7xx_HAL_Driver/Src/stm32f7xx_ll_usb.o
                0x000000000800658c                USB_SetDevSpeed
 .text.USB_DevDisconnect
                0x00000000080065be       0x42 ./Drivers/STM32F7xx_HAL_Driver/Src/stm32f7xx_ll_usb.o
                0x00000000080065be                USB_DevDisconnect
 .text.USB_GetMode
                0x0000000008006600       0x1c ./Drivers/STM32F7xx_HAL_Driver/Src/stm32f7xx_ll_usb.o
                0x0000000008006600                USB_GetMode
 .text.USB_CoreReset
                0x000000000800661c       0x68 ./Drivers/STM32F7xx_HAL_Driver/Src/stm32f7xx_ll_usb.o
 .text.__errno  0x0000000008006684        0xc /opt/st/stm32cubeide_1.10.1/plugins/com.st.stm32cube.ide.mcu.externaltools.gnu-tools-for-stm32.10.3-2021.10.linux64_1.0.0.202111181127/tools/bin/../lib/gcc/arm-none-eabi/10.3.1/../../../../arm-none-eabi/lib/thumb/v7e-m+dp/hard/libc_nano.a(lib_a-errno.o)
                0x0000000008006684                __errno
 .text.__libc_init_array
                0x0000000008006690       0x48 /opt/st/stm32cubeide_1.10.1/plugins/com.st.stm32cube.ide.mcu.externaltools.gnu-tools-for-stm32.10.3-2021.10.linux64_1.0.0.202111181127/tools/bin/../lib/gcc/arm-none-eabi/10.3.1/../../../../arm-none-eabi/lib/thumb/v7e-m+dp/hard/libc_nano.a(lib_a-init.o)
                0x0000000008006690                __libc_init_array
 .text.memset   0x00000000080066d8       0x10 /opt/st/stm32cubeide_1.10.1/plugins/com.st.stm32cube.ide.mcu.externaltools.gnu-tools-for-stm32.10.3-2021.10.linux64_1.0.0.202111181127/tools/bin/../lib/gcc/arm-none-eabi/10.3.1/../../../../arm-none-eabi/lib/thumb/v7e-m+dp/hard/libc_nano.a(lib_a-memset.o)
                0x00000000080066d8                memset
 .text.sprintf  0x00000000080066e8       0x40 /opt/st/stm32cubeide_1.10.1/plugins/com.st.stm32cube.ide.mcu.externaltools.gnu-tools-for-stm32.10.3-2021.10.linux64_1.0.0.202111181127/tools/bin/../lib/gcc/arm-none-eabi/10.3.1/../../../../arm-none-eabi/lib/thumb/v7e-m+dp/hard/libc_nano.a(lib_a-sprintf.o)
                0x00000000080066e8                sprintf
                0x00000000080066e8                siprintf
 .text.__ssputs_r
                0x0000000008006728       0xb6 /opt/st/stm32cubeide_1.10.1/plugins/com.st.stm32cube.ide.mcu.externaltools.gnu-tools-for-stm32.10.3-2021.10.linux64_1.0.0.202111181127/tools/bin/../lib/gcc/arm-none-eabi/10.3.1/../../../../arm-none-eabi/lib/thumb/v7e-m+dp/hard/libc_nano.a(lib_a-nano-svfprintf.o)
                0x0000000008006728                __ssputs_r
 *fill*         0x00000000080067de        0x2 
 .text._svfprintf_r
                0x00000000080067e0      0x200 /opt/st/stm32cubeide_1.10.1/plugins/com.st.stm32cube.ide.mcu.externaltools.gnu-tools-for-stm32.10.3-2021.10.linux64_1.0.0.202111181127/tools/bin/../lib/gcc/arm-none-eabi/10.3.1/../../../../arm-none-eabi/lib/thumb/v7e-m+dp/hard/libc_nano.a(lib_a-nano-svfprintf.o)
                0x00000000080067e0                _svfprintf_r
                0x00000000080067e0                _svfiprintf_r
 .text._printf_common
                0x00000000080069e0       0xda /opt/st/stm32cubeide_1.10.1/plugins/com.st.stm32cube.ide.mcu.externaltools.gnu-tools-for-stm32.10.3-2021.10.linux64_1.0.0.202111181127/tools/bin/../lib/gcc/arm-none-eabi/10.3.1/../../../../arm-none-eabi/lib/thumb/v7e-m+dp/hard/libc_nano.a(lib_a-nano-vfprintf_i.o)
                0x00000000080069e0                _printf_common
 *fill*         0x0000000008006aba        0x2 
 .text._printf_i
                0x0000000008006abc      0x24c /opt/st/stm32cubeide_1.10.1/plugins/com.st.stm32cube.ide.mcu.externaltools.gnu-tools-for-stm32.10.3-2021.10.linux64_1.0.0.202111181127/tools/bin/../lib/gcc/arm-none-eabi/10.3.1/../../../../arm-none-eabi/lib/thumb/v7e-m+dp/hard/libc_nano.a(lib_a-nano-vfprintf_i.o)
                0x0000000008006abc                _printf_i
 .text.memcpy   0x0000000008006d08       0x1c /opt/st/stm32cubeide_1.10.1/plugins/com.st.stm32cube.ide.mcu.externaltools.gnu-tools-for-stm32.10.3-2021.10.linux64_1.0.0.202111181127/tools/bin/../lib/gcc/arm-none-eabi/10.3.1/../../../../arm-none-eabi/lib/thumb/v7e-m+dp/hard/libc_nano.a(lib_a-memcpy-stub.o)
                0x0000000008006d08                memcpy
 .text.memmove  0x0000000008006d24       0x34 /opt/st/stm32cubeide_1.10.1/plugins/com.st.stm32cube.ide.mcu.externaltools.gnu-tools-for-stm32.10.3-2021.10.linux64_1.0.0.202111181127/tools/bin/../lib/gcc/arm-none-eabi/10.3.1/../../../../arm-none-eabi/lib/thumb/v7e-m+dp/hard/libc_nano.a(lib_a-memmove.o)
                0x0000000008006d24                memmove
 .text._free_r  0x0000000008006d58       0x98 /opt/st/stm32cubeide_1.10.1/plugins/com.st.stm32cube.ide.mcu.externaltools.gnu-tools-for-stm32.10.3-2021.10.linux64_1.0.0.202111181127/tools/bin/../lib/gcc/arm-none-eabi/10.3.1/../../../../arm-none-eabi/lib/thumb/v7e-m+dp/hard/libc_nano.a(lib_a-nano-freer.o)
                0x0000000008006d58                _free_r
 .text.sbrk_aligned
                0x0000000008006df0       0x40 /opt/st/stm32cubeide_1.10.1/plugins/com.st.stm32cube.ide.mcu.externaltools.gnu-tools-for-stm32.10.3-2021.10.linux64_1.0.0.202111181127/tools/bin/../lib/gcc/arm-none-eabi/10.3.1/../../../../arm-none-eabi/lib/thumb/v7e-m+dp/hard/libc_nano.a(lib_a-nano-mallocr.o)
 .text._malloc_r
                0x0000000008006e30       0xe8 /opt/st/stm32cubeide_1.10.1/plugins/com.st.stm32cube.ide.mcu.externaltools.gnu-tools-for-stm32.10.3-2021.10.linux64_1.0.0.202111181127/tools/bin/../lib/gcc/arm-none-eabi/10.3.1/../../../../arm-none-eabi/lib/thumb/v7e-m+dp/hard/libc_nano.a(lib_a-nano-mallocr.o)
                0x0000000008006e30                _malloc_r
 .text._realloc_r
                0x0000000008006f18       0x5e /opt/st/stm32cubeide_1.10.1/plugins/com.st.stm32cube.ide.mcu.externaltools.gnu-tools-for-stm32.10.3-2021.10.linux64_1.0.0.202111181127/tools/bin/../lib/gcc/arm-none-eabi/10.3.1/../../../../arm-none-eabi/lib/thumb/v7e-m+dp/hard/libc_nano.a(lib_a-nano-reallocr.o)
                0x0000000008006f18                _realloc_r
 *fill*         0x0000000008006f76        0x2 
 .text._sbrk_r  0x0000000008006f78       0x20 /opt/st/stm32cubeide_1.10.1/plugins/com.st.stm32cube.ide.mcu.externaltools.gnu-tools-for-stm32.10.3-2021.10.linux64_1.0.0.202111181127/tools/bin/../lib/gcc/arm-none-eabi/10.3.1/../../../../arm-none-eabi/lib/thumb/v7e-m+dp/hard/libc_nano.a(lib_a-sbrkr.o)
                0x0000000008006f78                _sbrk_r
 .text.__malloc_lock
                0x0000000008006f98        0xc /opt/st/stm32cubeide_1.10.1/plugins/com.st.stm32cube.ide.mcu.externaltools.gnu-tools-for-stm32.10.3-2021.10.linux64_1.0.0.202111181127/tools/bin/../lib/gcc/arm-none-eabi/10.3.1/../../../../arm-none-eabi/lib/thumb/v7e-m+dp/hard/libc_nano.a(lib_a-mlock.o)
                0x0000000008006f98                __malloc_lock
 .text.__malloc_unlock
                0x0000000008006fa4        0xc /opt/st/stm32cubeide_1.10.1/plugins/com.st.stm32cube.ide.mcu.externaltools.gnu-tools-for-stm32.10.3-2021.10.linux64_1.0.0.202111181127/tools/bin/../lib/gcc/arm-none-eabi/10.3.1/../../../../arm-none-eabi/lib/thumb/v7e-m+dp/hard/libc_nano.a(lib_a-mlock.o)
                0x0000000008006fa4                __malloc_unlock
 .text._malloc_usable_size_r
                0x0000000008006fb0       0x10 /opt/st/stm32cubeide_1.10.1/plugins/com.st.stm32cube.ide.mcu.externaltools.gnu-tools-for-stm32.10.3-2021.10.linux64_1.0.0.202111181127/tools/bin/../lib/gcc/arm-none-eabi/10.3.1/../../../../arm-none-eabi/lib/thumb/v7e-m+dp/hard/libc_nano.a(lib_a-nano-msizer.o)
                0x0000000008006fb0                _malloc_usable_size_r
 .text.__retarget_lock_acquire_recursive
                0x0000000008006fc0        0x2 /opt/st/stm32cubeide_1.10.1/plugins/com.st.stm32cube.ide.mcu.externaltools.gnu-tools-for-stm32.10.3-2021.10.linux64_1.0.0.202111181127/tools/bin/../lib/gcc/arm-none-eabi/10.3.1/../../../../arm-none-eabi/lib/thumb/v7e-m+dp/hard/libc_nano.a(lib_a-lock.o)
                0x0000000008006fc0                __retarget_lock_acquire_recursive
 .text.__retarget_lock_release_recursive
                0x0000000008006fc2        0x2 /opt/st/stm32cubeide_1.10.1/plugins/com.st.stm32cube.ide.mcu.externaltools.gnu-tools-for-stm32.10.3-2021.10.linux64_1.0.0.202111181127/tools/bin/../lib/gcc/arm-none-eabi/10.3.1/../../../../arm-none-eabi/lib/thumb/v7e-m+dp/hard/libc_nano.a(lib_a-lock.o)
                0x0000000008006fc2                __retarget_lock_release_recursive
 *(.glue_7)
 .glue_7        0x0000000008006fc4        0x0 linker stubs
 *(.glue_7t)
 .glue_7t       0x0000000008006fc4        0x0 linker stubs
 *(.eh_frame)
 .eh_frame      0x0000000008006fc4        0x0 /opt/st/stm32cubeide_1.10.1/plugins/com.st.stm32cube.ide.mcu.externaltools.gnu-tools-for-stm32.10.3-2021.10.linux64_1.0.0.202111181127/tools/bin/../lib/gcc/arm-none-eabi/10.3.1/thumb/v7e-m+dp/hard/crtbegin.o
 *(.init)
 .init          0x0000000008006fc4        0x4 /opt/st/stm32cubeide_1.10.1/plugins/com.st.stm32cube.ide.mcu.externaltools.gnu-tools-for-stm32.10.3-2021.10.linux64_1.0.0.202111181127/tools/bin/../lib/gcc/arm-none-eabi/10.3.1/thumb/v7e-m+dp/hard/crti.o
                0x0000000008006fc4                _init
 .init          0x0000000008006fc8        0x8 /opt/st/stm32cubeide_1.10.1/plugins/com.st.stm32cube.ide.mcu.externaltools.gnu-tools-for-stm32.10.3-2021.10.linux64_1.0.0.202111181127/tools/bin/../lib/gcc/arm-none-eabi/10.3.1/thumb/v7e-m+dp/hard/crtn.o
 *(.fini)
 .fini          0x0000000008006fd0        0x4 /opt/st/stm32cubeide_1.10.1/plugins/com.st.stm32cube.ide.mcu.externaltools.gnu-tools-for-stm32.10.3-2021.10.linux64_1.0.0.202111181127/tools/bin/../lib/gcc/arm-none-eabi/10.3.1/thumb/v7e-m+dp/hard/crti.o
                0x0000000008006fd0                _fini
 .fini          0x0000000008006fd4        0x8 /opt/st/stm32cubeide_1.10.1/plugins/com.st.stm32cube.ide.mcu.externaltools.gnu-tools-for-stm32.10.3-2021.10.linux64_1.0.0.202111181127/tools/bin/../lib/gcc/arm-none-eabi/10.3.1/thumb/v7e-m+dp/hard/crtn.o
                0x0000000008006fdc                . = ALIGN (0x4)
                0x0000000008006fdc                _etext = .

.vfp11_veneer   0x0000000008006fdc        0x0
 .vfp11_veneer  0x0000000008006fdc        0x0 linker stubs

.v4_bx          0x0000000008006fdc        0x0
 .v4_bx         0x0000000008006fdc        0x0 linker stubs

.iplt           0x0000000008006fdc        0x0
 .iplt          0x0000000008006fdc        0x0 /opt/st/stm32cubeide_1.10.1/plugins/com.st.stm32cube.ide.mcu.externaltools.gnu-tools-for-stm32.10.3-2021.10.linux64_1.0.0.202111181127/tools/bin/../lib/gcc/arm-none-eabi/10.3.1/thumb/v7e-m+dp/hard/crtbegin.o

.rodata         0x0000000008006fdc       0x6c
                0x0000000008006fdc                . = ALIGN (0x4)
 *(.rodata)
 .rodata        0x0000000008006fdc       0x1e ./Core/Src/main.o
 *(.rodata*)
 *fill*         0x0000000008006ffa        0x2 
 .rodata.AHBPrescTable
                0x0000000008006ffc       0x10 ./Core/Src/system_stm32f7xx.o
                0x0000000008006ffc                AHBPrescTable
 .rodata.APBPrescTable
                0x000000000800700c        0x8 ./Core/Src/system_stm32f7xx.o
                0x000000000800700c                APBPrescTable
 .rodata._svfprintf_r.str1.1
                0x0000000008007014       0x11 /opt/st/stm32cubeide_1.10.1/plugins/com.st.stm32cube.ide.mcu.externaltools.gnu-tools-for-stm32.10.3-2021.10.linux64_1.0.0.202111181127/tools/bin/../lib/gcc/arm-none-eabi/10.3.1/../../../../arm-none-eabi/lib/thumb/v7e-m+dp/hard/libc_nano.a(lib_a-nano-svfprintf.o)
 .rodata._printf_i.str1.1
                0x0000000008007025       0x22 /opt/st/stm32cubeide_1.10.1/plugins/com.st.stm32cube.ide.mcu.externaltools.gnu-tools-for-stm32.10.3-2021.10.linux64_1.0.0.202111181127/tools/bin/../lib/gcc/arm-none-eabi/10.3.1/../../../../arm-none-eabi/lib/thumb/v7e-m+dp/hard/libc_nano.a(lib_a-nano-vfprintf_i.o)
                0x0000000008007048                . = ALIGN (0x4)
 *fill*         0x0000000008007047        0x1 

.ARM.extab      0x0000000008007048        0x0
                0x0000000008007048                . = ALIGN (0x4)
 *(.ARM.extab* .gnu.linkonce.armextab.*)
                0x0000000008007048                . = ALIGN (0x4)

.ARM            0x0000000008007048        0x8
                0x0000000008007048                . = ALIGN (0x4)
                0x0000000008007048                __exidx_start = .
 *(.ARM.exidx*)
 .ARM.exidx     0x0000000008007048        0x8 /opt/st/stm32cubeide_1.10.1/plugins/com.st.stm32cube.ide.mcu.externaltools.gnu-tools-for-stm32.10.3-2021.10.linux64_1.0.0.202111181127/tools/bin/../lib/gcc/arm-none-eabi/10.3.1/thumb/v7e-m+dp/hard/libgcc.a(_udivmoddi4.o)
                0x0000000008007050                __exidx_end = .
                0x0000000008007050                . = ALIGN (0x4)

.rel.dyn        0x0000000008007050        0x0
 .rel.iplt      0x0000000008007050        0x0 /opt/st/stm32cubeide_1.10.1/plugins/com.st.stm32cube.ide.mcu.externaltools.gnu-tools-for-stm32.10.3-2021.10.linux64_1.0.0.202111181127/tools/bin/../lib/gcc/arm-none-eabi/10.3.1/thumb/v7e-m+dp/hard/crtbegin.o

.preinit_array  0x0000000008007050        0x0
                0x0000000008007050                . = ALIGN (0x4)
                0x0000000008007050                PROVIDE (__preinit_array_start = .)
 *(.preinit_array*)
                0x0000000008007050                PROVIDE (__preinit_array_end = .)
                0x0000000008007050                . = ALIGN (0x4)

.init_array     0x0000000008007050        0x4
                0x0000000008007050                . = ALIGN (0x4)
                0x0000000008007050                PROVIDE (__init_array_start = .)
 *(SORT_BY_NAME(.init_array.*))
 *(.init_array*)
 .init_array    0x0000000008007050        0x4 /opt/st/stm32cubeide_1.10.1/plugins/com.st.stm32cube.ide.mcu.externaltools.gnu-tools-for-stm32.10.3-2021.10.linux64_1.0.0.202111181127/tools/bin/../lib/gcc/arm-none-eabi/10.3.1/thumb/v7e-m+dp/hard/crtbegin.o
                0x0000000008007054                PROVIDE (__init_array_end = .)
                0x0000000008007054                . = ALIGN (0x4)

.fini_array     0x0000000008007054        0x4
                0x0000000008007054                . = ALIGN (0x4)
                [!provide]                        PROVIDE (__fini_array_start = .)
 *(SORT_BY_NAME(.fini_array.*))
 *(.fini_array*)
 .fini_array    0x0000000008007054        0x4 /opt/st/stm32cubeide_1.10.1/plugins/com.st.stm32cube.ide.mcu.externaltools.gnu-tools-for-stm32.10.3-2021.10.linux64_1.0.0.202111181127/tools/bin/../lib/gcc/arm-none-eabi/10.3.1/thumb/v7e-m+dp/hard/crtbegin.o
                [!provide]                        PROVIDE (__fini_array_end = .)
                0x0000000008007058                . = ALIGN (0x4)
                0x0000000008007058                _sidata = LOADADDR (.data)

.data           0x0000000020000000       0x70 load address 0x0000000008007058
                0x0000000020000000                . = ALIGN (0x4)
                0x0000000020000000                _sdata = .
 *(.data)
 *(.data*)
 .data.SystemCoreClock
                0x0000000020000000        0x4 ./Core/Src/system_stm32f7xx.o
                0x0000000020000000                SystemCoreClock
 .data.uwTickPrio
                0x0000000020000004        0x4 ./Drivers/STM32F7xx_HAL_Driver/Src/stm32f7xx_hal.o
                0x0000000020000004                uwTickPrio
 .data.uwTickFreq
                0x0000000020000008        0x1 ./Drivers/STM32F7xx_HAL_Driver/Src/stm32f7xx_hal.o
                0x0000000020000008                uwTickFreq
 *fill*         0x0000000020000009        0x3 
 .data._impure_ptr
                0x000000002000000c        0x4 /opt/st/stm32cubeide_1.10.1/plugins/com.st.stm32cube.ide.mcu.externaltools.gnu-tools-for-stm32.10.3-2021.10.linux64_1.0.0.202111181127/tools/bin/../lib/gcc/arm-none-eabi/10.3.1/../../../../arm-none-eabi/lib/thumb/v7e-m+dp/hard/libc_nano.a(lib_a-impure.o)
                0x000000002000000c                _impure_ptr
 .data.impure_data
                0x0000000020000010       0x60 /opt/st/stm32cubeide_1.10.1/plugins/com.st.stm32cube.ide.mcu.externaltools.gnu-tools-for-stm32.10.3-2021.10.linux64_1.0.0.202111181127/tools/bin/../lib/gcc/arm-none-eabi/10.3.1/../../../../arm-none-eabi/lib/thumb/v7e-m+dp/hard/libc_nano.a(lib_a-impure.o)
 *(.RamFunc)
 *(.RamFunc*)
                0x0000000020000070                . = ALIGN (0x4)
                0x0000000020000070                _edata = .

.igot.plt       0x0000000020000070        0x0 load address 0x00000000080070c8
 .igot.plt      0x0000000020000070        0x0 /opt/st/stm32cubeide_1.10.1/plugins/com.st.stm32cube.ide.mcu.externaltools.gnu-tools-for-stm32.10.3-2021.10.linux64_1.0.0.202111181127/tools/bin/../lib/gcc/arm-none-eabi/10.3.1/thumb/v7e-m+dp/hard/crtbegin.o
                0x0000000020000070                . = ALIGN (0x4)

.bss            0x0000000020000070      0x8cc load address 0x00000000080070c8
                0x0000000020000070                _sbss = .
                0x0000000020000070                __bss_start__ = _sbss
 *(.bss)
 .bss           0x0000000020000070       0x1c /opt/st/stm32cubeide_1.10.1/plugins/com.st.stm32cube.ide.mcu.externaltools.gnu-tools-for-stm32.10.3-2021.10.linux64_1.0.0.202111181127/tools/bin/../lib/gcc/arm-none-eabi/10.3.1/thumb/v7e-m+dp/hard/crtbegin.o
 *(.bss*)
 .bss.hadc3     0x000000002000008c       0x48 ./Core/Src/main.o
                0x000000002000008c                hadc3
 .bss.hdsi      0x00000000200000d4       0x1c ./Core/Src/main.o
                0x00000000200000d4                hdsi
 .bss.hqspi     0x00000000200000f0       0x4c ./Core/Src/main.o
                0x00000000200000f0                hqspi
 .bss.hrtc      0x000000002000013c       0x20 ./Core/Src/main.o
                0x000000002000013c                hrtc
 .bss.hsai_BlockA1
                0x000000002000015c       0x84 ./Core/Src/main.o
                0x000000002000015c                hsai_BlockA1
 .bss.hsai_BlockB2
                0x00000000200001e0       0x84 ./Core/Src/main.o
                0x00000000200001e0                hsai_BlockB2
 .bss.hspdif    0x0000000020000264       0x4c ./Core/Src/main.o
                0x0000000020000264                hspdif
 .bss.huart1    0x00000000200002b0       0x88 ./Core/Src/main.o
                0x00000000200002b0                huart1
 .bss.hpcd_USB_OTG_FS
                0x0000000020000338      0x508 ./Core/Src/main.o
                0x0000000020000338                hpcd_USB_OTG_FS
 .bss.hnor1     0x0000000020000840       0x4c ./Core/Src/main.o
                0x0000000020000840                hnor1
 .bss.hsram2    0x000000002000088c       0x4c ./Core/Src/main.o
                0x000000002000088c                hsram2
 .bss.hsdram1   0x00000000200008d8       0x34 ./Core/Src/main.o
                0x00000000200008d8                hsdram1
 .bss.time      0x000000002000090c        0x4 ./Core/Src/main.o
                0x000000002000090c                time
 .bss.date      0x0000000020000910        0x1 ./Core/Src/main.o
                0x0000000020000910                date
 *fill*         0x0000000020000911        0x3 
 .bss.FMC_Initialized
                0x0000000020000914        0x4 ./Core/Src/stm32f7xx_hal_msp.o
 .bss.SAI1_client
                0x0000000020000918        0x4 ./Core/Src/stm32f7xx_hal_msp.o
 .bss.SAI2_client
                0x000000002000091c        0x4 ./Core/Src/stm32f7xx_hal_msp.o
 .bss.__sbrk_heap_end
                0x0000000020000920        0x4 ./Core/Src/sysmem.o
 .bss.uwTick    0x0000000020000924        0x4 ./Drivers/STM32F7xx_HAL_Driver/Src/stm32f7xx_hal.o
                0x0000000020000924                uwTick
 .bss.uwNORMemoryDataWidth
                0x0000000020000928        0x4 ./Drivers/STM32F7xx_HAL_Driver/Src/stm32f7xx_hal_nor.o
 .bss.__malloc_free_list
                0x000000002000092c        0x4 /opt/st/stm32cubeide_1.10.1/plugins/com.st.stm32cube.ide.mcu.externaltools.gnu-tools-for-stm32.10.3-2021.10.linux64_1.0.0.202111181127/tools/bin/../lib/gcc/arm-none-eabi/10.3.1/../../../../arm-none-eabi/lib/thumb/v7e-m+dp/hard/libc_nano.a(lib_a-nano-mallocr.o)
                0x000000002000092c                __malloc_free_list
 .bss.__malloc_sbrk_start
                0x0000000020000930        0x4 /opt/st/stm32cubeide_1.10.1/plugins/com.st.stm32cube.ide.mcu.externaltools.gnu-tools-for-stm32.10.3-2021.10.linux64_1.0.0.202111181127/tools/bin/../lib/gcc/arm-none-eabi/10.3.1/../../../../arm-none-eabi/lib/thumb/v7e-m+dp/hard/libc_nano.a(lib_a-nano-mallocr.o)
                0x0000000020000930                __malloc_sbrk_start
 .bss.errno     0x0000000020000934        0x4 /opt/st/stm32cubeide_1.10.1/plugins/com.st.stm32cube.ide.mcu.externaltools.gnu-tools-for-stm32.10.3-2021.10.linux64_1.0.0.202111181127/tools/bin/../lib/gcc/arm-none-eabi/10.3.1/../../../../arm-none-eabi/lib/thumb/v7e-m+dp/hard/libc_nano.a(lib_a-reent.o)
                0x0000000020000934                errno
 .bss.__lock___malloc_recursive_mutex
                0x0000000020000938        0x1 /opt/st/stm32cubeide_1.10.1/plugins/com.st.stm32cube.ide.mcu.externaltools.gnu-tools-for-stm32.10.3-2021.10.linux64_1.0.0.202111181127/tools/bin/../lib/gcc/arm-none-eabi/10.3.1/../../../../arm-none-eabi/lib/thumb/v7e-m+dp/hard/libc_nano.a(lib_a-lock.o)
                0x0000000020000938                __lock___malloc_recursive_mutex
 *(COMMON)
                0x000000002000093c                . = ALIGN (0x4)
 *fill*         0x0000000020000939        0x3 
                0x000000002000093c                _ebss = .
                0x000000002000093c                __bss_end__ = _ebss

._user_heap_stack
                0x000000002000093c      0x604 load address 0x00000000080070c8
                0x0000000020000940                . = ALIGN (0x8)
 *fill*         0x000000002000093c        0x4 
                [!provide]                        PROVIDE (end = .)
                0x0000000020000940                PROVIDE (_end = .)
                0x0000000020000b40                . = (. + _Min_Heap_Size)
 *fill*         0x0000000020000940      0x200 
                0x0000000020000f40                . = (. + _Min_Stack_Size)
 *fill*         0x0000000020000b40      0x400 
                0x0000000020000f40                . = ALIGN (0x8)

/DISCARD/
 libc.a(*)
 libm.a(*)
 libgcc.a(*)

.ARM.attributes
                0x0000000000000000       0x2e
 *(.ARM.attributes)
 .ARM.attributes
                0x0000000000000000       0x1e /opt/st/stm32cubeide_1.10.1/plugins/com.st.stm32cube.ide.mcu.externaltools.gnu-tools-for-stm32.10.3-2021.10.linux64_1.0.0.202111181127/tools/bin/../lib/gcc/arm-none-eabi/10.3.1/thumb/v7e-m+dp/hard/crti.o
 .ARM.attributes
                0x000000000000001e       0x32 /opt/st/stm32cubeide_1.10.1/plugins/com.st.stm32cube.ide.mcu.externaltools.gnu-tools-for-stm32.10.3-2021.10.linux64_1.0.0.202111181127/tools/bin/../lib/gcc/arm-none-eabi/10.3.1/thumb/v7e-m+dp/hard/crtbegin.o
 .ARM.attributes
                0x0000000000000050       0x32 ./Core/Src/main.o
 .ARM.attributes
                0x0000000000000082       0x32 ./Core/Src/stm32f7xx_hal_msp.o
 .ARM.attributes
                0x00000000000000b4       0x32 ./Core/Src/stm32f7xx_it.o
 .ARM.attributes
                0x00000000000000e6       0x32 ./Core/Src/sysmem.o
 .ARM.attributes
                0x0000000000000118       0x32 ./Core/Src/system_stm32f7xx.o
 .ARM.attributes
                0x000000000000014a       0x21 ./Core/Startup/startup_stm32f769nihx.o
 .ARM.attributes
                0x000000000000016b       0x32 ./Drivers/STM32F7xx_HAL_Driver/Src/stm32f7xx_hal.o
 .ARM.attributes
                0x000000000000019d       0x32 ./Drivers/STM32F7xx_HAL_Driver/Src/stm32f7xx_hal_adc.o
 .ARM.attributes
                0x00000000000001cf       0x32 ./Drivers/STM32F7xx_HAL_Driver/Src/stm32f7xx_hal_cortex.o
 .ARM.attributes
                0x0000000000000201       0x32 ./Drivers/STM32F7xx_HAL_Driver/Src/stm32f7xx_hal_dsi.o
 .ARM.attributes
                0x0000000000000233       0x32 ./Drivers/STM32F7xx_HAL_Driver/Src/stm32f7xx_hal_gpio.o
 .ARM.attributes
                0x0000000000000265       0x32 ./Drivers/STM32F7xx_HAL_Driver/Src/stm32f7xx_hal_nor.o
 .ARM.attributes
                0x0000000000000297       0x32 ./Drivers/STM32F7xx_HAL_Driver/Src/stm32f7xx_hal_pcd.o
 .ARM.attributes
                0x00000000000002c9       0x32 ./Drivers/STM32F7xx_HAL_Driver/Src/stm32f7xx_hal_pcd_ex.o
 .ARM.attributes
                0x00000000000002fb       0x32 ./Drivers/STM32F7xx_HAL_Driver/Src/stm32f7xx_hal_pwr.o
 .ARM.attributes
                0x000000000000032d       0x32 ./Drivers/STM32F7xx_HAL_Driver/Src/stm32f7xx_hal_qspi.o
 .ARM.attributes
                0x000000000000035f       0x32 ./Drivers/STM32F7xx_HAL_Driver/Src/stm32f7xx_hal_rcc.o
 .ARM.attributes
                0x0000000000000391       0x32 ./Drivers/STM32F7xx_HAL_Driver/Src/stm32f7xx_hal_rcc_ex.o
 .ARM.attributes
                0x00000000000003c3       0x32 ./Drivers/STM32F7xx_HAL_Driver/Src/stm32f7xx_hal_rtc.o
 .ARM.attributes
                0x00000000000003f5       0x32 ./Drivers/STM32F7xx_HAL_Driver/Src/stm32f7xx_hal_sai.o
 .ARM.attributes
                0x0000000000000427       0x32 ./Drivers/STM32F7xx_HAL_Driver/Src/stm32f7xx_hal_sdram.o
 .ARM.attributes
                0x0000000000000459       0x32 ./Drivers/STM32F7xx_HAL_Driver/Src/stm32f7xx_hal_spdifrx.o
 .ARM.attributes
                0x000000000000048b       0x32 ./Drivers/STM32F7xx_HAL_Driver/Src/stm32f7xx_hal_sram.o
 .ARM.attributes
                0x00000000000004bd       0x32 ./Drivers/STM32F7xx_HAL_Driver/Src/stm32f7xx_hal_uart.o
 .ARM.attributes
                0x00000000000004ef       0x32 ./Drivers/STM32F7xx_HAL_Driver/Src/stm32f7xx_ll_fmc.o
 .ARM.attributes
                0x0000000000000521       0x32 ./Drivers/STM32F7xx_HAL_Driver/Src/stm32f7xx_ll_usb.o
 .ARM.attributes
                0x0000000000000553       0x32 /opt/st/stm32cubeide_1.10.1/plugins/com.st.stm32cube.ide.mcu.externaltools.gnu-tools-for-stm32.10.3-2021.10.linux64_1.0.0.202111181127/tools/bin/../lib/gcc/arm-none-eabi/10.3.1/../../../../arm-none-eabi/lib/thumb/v7e-m+dp/hard/libc_nano.a(lib_a-errno.o)
 .ARM.attributes
                0x0000000000000585       0x32 /opt/st/stm32cubeide_1.10.1/plugins/com.st.stm32cube.ide.mcu.externaltools.gnu-tools-for-stm32.10.3-2021.10.linux64_1.0.0.202111181127/tools/bin/../lib/gcc/arm-none-eabi/10.3.1/../../../../arm-none-eabi/lib/thumb/v7e-m+dp/hard/libc_nano.a(lib_a-impure.o)
 .ARM.attributes
                0x00000000000005b7       0x32 /opt/st/stm32cubeide_1.10.1/plugins/com.st.stm32cube.ide.mcu.externaltools.gnu-tools-for-stm32.10.3-2021.10.linux64_1.0.0.202111181127/tools/bin/../lib/gcc/arm-none-eabi/10.3.1/../../../../arm-none-eabi/lib/thumb/v7e-m+dp/hard/libc_nano.a(lib_a-init.o)
 .ARM.attributes
                0x00000000000005e9       0x32 /opt/st/stm32cubeide_1.10.1/plugins/com.st.stm32cube.ide.mcu.externaltools.gnu-tools-for-stm32.10.3-2021.10.linux64_1.0.0.202111181127/tools/bin/../lib/gcc/arm-none-eabi/10.3.1/../../../../arm-none-eabi/lib/thumb/v7e-m+dp/hard/libc_nano.a(lib_a-memset.o)
 .ARM.attributes
                0x000000000000061b       0x32 /opt/st/stm32cubeide_1.10.1/plugins/com.st.stm32cube.ide.mcu.externaltools.gnu-tools-for-stm32.10.3-2021.10.linux64_1.0.0.202111181127/tools/bin/../lib/gcc/arm-none-eabi/10.3.1/../../../../arm-none-eabi/lib/thumb/v7e-m+dp/hard/libc_nano.a(lib_a-sprintf.o)
 .ARM.attributes
                0x000000000000064d       0x32 /opt/st/stm32cubeide_1.10.1/plugins/com.st.stm32cube.ide.mcu.externaltools.gnu-tools-for-stm32.10.3-2021.10.linux64_1.0.0.202111181127/tools/bin/../lib/gcc/arm-none-eabi/10.3.1/../../../../arm-none-eabi/lib/thumb/v7e-m+dp/hard/libc_nano.a(lib_a-nano-svfprintf.o)
 .ARM.attributes
                0x000000000000067f       0x32 /opt/st/stm32cubeide_1.10.1/plugins/com.st.stm32cube.ide.mcu.externaltools.gnu-tools-for-stm32.10.3-2021.10.linux64_1.0.0.202111181127/tools/bin/../lib/gcc/arm-none-eabi/10.3.1/../../../../arm-none-eabi/lib/thumb/v7e-m+dp/hard/libc_nano.a(lib_a-nano-vfprintf_i.o)
 .ARM.attributes
                0x00000000000006b1       0x1c /opt/st/stm32cubeide_1.10.1/plugins/com.st.stm32cube.ide.mcu.externaltools.gnu-tools-for-stm32.10.3-2021.10.linux64_1.0.0.202111181127/tools/bin/../lib/gcc/arm-none-eabi/10.3.1/../../../../arm-none-eabi/lib/thumb/v7e-m+dp/hard/libc_nano.a(lib_a-memchr.o)
 .ARM.attributes
                0x00000000000006cd       0x32 /opt/st/stm32cubeide_1.10.1/plugins/com.st.stm32cube.ide.mcu.externaltools.gnu-tools-for-stm32.10.3-2021.10.linux64_1.0.0.202111181127/tools/bin/../lib/gcc/arm-none-eabi/10.3.1/../../../../arm-none-eabi/lib/thumb/v7e-m+dp/hard/libc_nano.a(lib_a-memcpy-stub.o)
 .ARM.attributes
                0x00000000000006ff       0x32 /opt/st/stm32cubeide_1.10.1/plugins/com.st.stm32cube.ide.mcu.externaltools.gnu-tools-for-stm32.10.3-2021.10.linux64_1.0.0.202111181127/tools/bin/../lib/gcc/arm-none-eabi/10.3.1/../../../../arm-none-eabi/lib/thumb/v7e-m+dp/hard/libc_nano.a(lib_a-memmove.o)
 .ARM.attributes
                0x0000000000000731       0x32 /opt/st/stm32cubeide_1.10.1/plugins/com.st.stm32cube.ide.mcu.externaltools.gnu-tools-for-stm32.10.3-2021.10.linux64_1.0.0.202111181127/tools/bin/../lib/gcc/arm-none-eabi/10.3.1/../../../../arm-none-eabi/lib/thumb/v7e-m+dp/hard/libc_nano.a(lib_a-nano-freer.o)
 .ARM.attributes
                0x0000000000000763       0x32 /opt/st/stm32cubeide_1.10.1/plugins/com.st.stm32cube.ide.mcu.externaltools.gnu-tools-for-stm32.10.3-2021.10.linux64_1.0.0.202111181127/tools/bin/../lib/gcc/arm-none-eabi/10.3.1/../../../../arm-none-eabi/lib/thumb/v7e-m+dp/hard/libc_nano.a(lib_a-nano-mallocr.o)
 .ARM.attributes
                0x0000000000000795       0x32 /opt/st/stm32cubeide_1.10.1/plugins/com.st.stm32cube.ide.mcu.externaltools.gnu-tools-for-stm32.10.3-2021.10.linux64_1.0.0.202111181127/tools/bin/../lib/gcc/arm-none-eabi/10.3.1/../../../../arm-none-eabi/lib/thumb/v7e-m+dp/hard/libc_nano.a(lib_a-nano-reallocr.o)
 .ARM.attributes
                0x00000000000007c7       0x32 /opt/st/stm32cubeide_1.10.1/plugins/com.st.stm32cube.ide.mcu.externaltools.gnu-tools-for-stm32.10.3-2021.10.linux64_1.0.0.202111181127/tools/bin/../lib/gcc/arm-none-eabi/10.3.1/../../../../arm-none-eabi/lib/thumb/v7e-m+dp/hard/libc_nano.a(lib_a-sbrkr.o)
 .ARM.attributes
                0x00000000000007f9       0x32 /opt/st/stm32cubeide_1.10.1/plugins/com.st.stm32cube.ide.mcu.externaltools.gnu-tools-for-stm32.10.3-2021.10.linux64_1.0.0.202111181127/tools/bin/../lib/gcc/arm-none-eabi/10.3.1/../../../../arm-none-eabi/lib/thumb/v7e-m+dp/hard/libc_nano.a(lib_a-mlock.o)
 .ARM.attributes
                0x000000000000082b       0x32 /opt/st/stm32cubeide_1.10.1/plugins/com.st.stm32cube.ide.mcu.externaltools.gnu-tools-for-stm32.10.3-2021.10.linux64_1.0.0.202111181127/tools/bin/../lib/gcc/arm-none-eabi/10.3.1/../../../../arm-none-eabi/lib/thumb/v7e-m+dp/hard/libc_nano.a(lib_a-nano-msizer.o)
 .ARM.attributes
                0x000000000000085d       0x32 /opt/st/stm32cubeide_1.10.1/plugins/com.st.stm32cube.ide.mcu.externaltools.gnu-tools-for-stm32.10.3-2021.10.linux64_1.0.0.202111181127/tools/bin/../lib/gcc/arm-none-eabi/10.3.1/../../../../arm-none-eabi/lib/thumb/v7e-m+dp/hard/libc_nano.a(lib_a-reent.o)
 .ARM.attributes
                0x000000000000088f       0x32 /opt/st/stm32cubeide_1.10.1/plugins/com.st.stm32cube.ide.mcu.externaltools.gnu-tools-for-stm32.10.3-2021.10.linux64_1.0.0.202111181127/tools/bin/../lib/gcc/arm-none-eabi/10.3.1/../../../../arm-none-eabi/lib/thumb/v7e-m+dp/hard/libc_nano.a(lib_a-lock.o)
 .ARM.attributes
                0x00000000000008c1       0x1e /opt/st/stm32cubeide_1.10.1/plugins/com.st.stm32cube.ide.mcu.externaltools.gnu-tools-for-stm32.10.3-2021.10.linux64_1.0.0.202111181127/tools/bin/../lib/gcc/arm-none-eabi/10.3.1/thumb/v7e-m+dp/hard/libgcc.a(_aeabi_uldivmod.o)
 .ARM.attributes
                0x00000000000008df       0x32 /opt/st/stm32cubeide_1.10.1/plugins/com.st.stm32cube.ide.mcu.externaltools.gnu-tools-for-stm32.10.3-2021.10.linux64_1.0.0.202111181127/tools/bin/../lib/gcc/arm-none-eabi/10.3.1/thumb/v7e-m+dp/hard/libgcc.a(_udivmoddi4.o)
 .ARM.attributes
                0x0000000000000911       0x1e /opt/st/stm32cubeide_1.10.1/plugins/com.st.stm32cube.ide.mcu.externaltools.gnu-tools-for-stm32.10.3-2021.10.linux64_1.0.0.202111181127/tools/bin/../lib/gcc/arm-none-eabi/10.3.1/thumb/v7e-m+dp/hard/libgcc.a(_dvmd_tls.o)
 .ARM.attributes
                0x000000000000092f       0x1e /opt/st/stm32cubeide_1.10.1/plugins/com.st.stm32cube.ide.mcu.externaltools.gnu-tools-for-stm32.10.3-2021.10.linux64_1.0.0.202111181127/tools/bin/../lib/gcc/arm-none-eabi/10.3.1/thumb/v7e-m+dp/hard/crtn.o
OUTPUT(Test LEDS.elf elf32-littlearm)
LOAD linker stubs
LOAD /opt/st/stm32cubeide_1.10.1/plugins/com.st.stm32cube.ide.mcu.externaltools.gnu-tools-for-stm32.10.3-2021.10.linux64_1.0.0.202111181127/tools/bin/../lib/gcc/arm-none-eabi/10.3.1/../../../../arm-none-eabi/lib/thumb/v7e-m+dp/hard/libc.a
LOAD /opt/st/stm32cubeide_1.10.1/plugins/com.st.stm32cube.ide.mcu.externaltools.gnu-tools-for-stm32.10.3-2021.10.linux64_1.0.0.202111181127/tools/bin/../lib/gcc/arm-none-eabi/10.3.1/../../../../arm-none-eabi/lib/thumb/v7e-m+dp/hard/libm.a
LOAD /opt/st/stm32cubeide_1.10.1/plugins/com.st.stm32cube.ide.mcu.externaltools.gnu-tools-for-stm32.10.3-2021.10.linux64_1.0.0.202111181127/tools/bin/../lib/gcc/arm-none-eabi/10.3.1/thumb/v7e-m+dp/hard/libgcc.a

.debug_info     0x0000000000000000    0x1ce85
 .debug_info    0x0000000000000000     0x3aa3 ./Core/Src/main.o
 .debug_info    0x0000000000003aa3     0x3430 ./Core/Src/stm32f7xx_hal_msp.o
 .debug_info    0x0000000000006ed3      0x121 ./Core/Src/stm32f7xx_it.o
 .debug_info    0x0000000000006ff4      0x171 ./Core/Src/sysmem.o
 .debug_info    0x0000000000007165      0x72c ./Core/Src/system_stm32f7xx.o
 .debug_info    0x0000000000007891       0x22 ./Core/Startup/startup_stm32f769nihx.o
 .debug_info    0x00000000000078b3      0xa88 ./Drivers/STM32F7xx_HAL_Driver/Src/stm32f7xx_hal.o
 .debug_info    0x000000000000833b      0xd19 ./Drivers/STM32F7xx_HAL_Driver/Src/stm32f7xx_hal_adc.o
 .debug_info    0x0000000000009054     0x10a2 ./Drivers/STM32F7xx_HAL_Driver/Src/stm32f7xx_hal_cortex.o
 .debug_info    0x000000000000a0f6     0x1af9 ./Drivers/STM32F7xx_HAL_Driver/Src/stm32f7xx_hal_dsi.o
 .debug_info    0x000000000000bbef      0x7a2 ./Drivers/STM32F7xx_HAL_Driver/Src/stm32f7xx_hal_gpio.o
 .debug_info    0x000000000000c391      0xf1a ./Drivers/STM32F7xx_HAL_Driver/Src/stm32f7xx_hal_nor.o
 .debug_info    0x000000000000d2ab     0x16c1 ./Drivers/STM32F7xx_HAL_Driver/Src/stm32f7xx_hal_pcd.o
 .debug_info    0x000000000000e96c      0x7df ./Drivers/STM32F7xx_HAL_Driver/Src/stm32f7xx_hal_pcd_ex.o
 .debug_info    0x000000000000f14b      0x978 ./Drivers/STM32F7xx_HAL_Driver/Src/stm32f7xx_hal_pwr.o
 .debug_info    0x000000000000fac3     0x135e ./Drivers/STM32F7xx_HAL_Driver/Src/stm32f7xx_hal_qspi.o
 .debug_info    0x0000000000010e21      0x9f8 ./Drivers/STM32F7xx_HAL_Driver/Src/stm32f7xx_hal_rcc.o
 .debug_info    0x0000000000011819      0x78b ./Drivers/STM32F7xx_HAL_Driver/Src/stm32f7xx_hal_rcc_ex.o
 .debug_info    0x0000000000011fa4      0xda0 ./Drivers/STM32F7xx_HAL_Driver/Src/stm32f7xx_hal_rtc.o
 .debug_info    0x0000000000012d44     0x1220 ./Drivers/STM32F7xx_HAL_Driver/Src/stm32f7xx_hal_sai.o
 .debug_info    0x0000000000013f64      0xf46 ./Drivers/STM32F7xx_HAL_Driver/Src/stm32f7xx_hal_sdram.o
 .debug_info    0x0000000000014eaa      0xd95 ./Drivers/STM32F7xx_HAL_Driver/Src/stm32f7xx_hal_spdifrx.o
 .debug_info    0x0000000000015c3f      0xdb8 ./Drivers/STM32F7xx_HAL_Driver/Src/stm32f7xx_hal_sram.o
 .debug_info    0x00000000000169f7     0x3cf4 ./Drivers/STM32F7xx_HAL_Driver/Src/stm32f7xx_hal_uart.o
 .debug_info    0x000000000001a6eb      0xc35 ./Drivers/STM32F7xx_HAL_Driver/Src/stm32f7xx_ll_fmc.o
 .debug_info    0x000000000001b320     0x1b65 ./Drivers/STM32F7xx_HAL_Driver/Src/stm32f7xx_ll_usb.o

.debug_abbrev   0x0000000000000000     0x344b
 .debug_abbrev  0x0000000000000000      0x2e6 ./Core/Src/main.o
 .debug_abbrev  0x00000000000002e6      0x2bc ./Core/Src/stm32f7xx_hal_msp.o
 .debug_abbrev  0x00000000000005a2       0x74 ./Core/Src/stm32f7xx_it.o
 .debug_abbrev  0x0000000000000616       0xbb ./Core/Src/sysmem.o
 .debug_abbrev  0x00000000000006d1      0x136 ./Core/Src/system_stm32f7xx.o
 .debug_abbrev  0x0000000000000807       0x12 ./Core/Startup/startup_stm32f769nihx.o
 .debug_abbrev  0x0000000000000819      0x20d ./Drivers/STM32F7xx_HAL_Driver/Src/stm32f7xx_hal.o
 .debug_abbrev  0x0000000000000a26      0x244 ./Drivers/STM32F7xx_HAL_Driver/Src/stm32f7xx_hal_adc.o
 .debug_abbrev  0x0000000000000c6a      0x316 ./Drivers/STM32F7xx_HAL_Driver/Src/stm32f7xx_hal_cortex.o
 .debug_abbrev  0x0000000000000f80      0x24f ./Drivers/STM32F7xx_HAL_Driver/Src/stm32f7xx_hal_dsi.o
 .debug_abbrev  0x00000000000011cf      0x1c4 ./Drivers/STM32F7xx_HAL_Driver/Src/stm32f7xx_hal_gpio.o
 .debug_abbrev  0x0000000000001393      0x1df ./Drivers/STM32F7xx_HAL_Driver/Src/stm32f7xx_hal_nor.o
 .debug_abbrev  0x0000000000001572      0x2d2 ./Drivers/STM32F7xx_HAL_Driver/Src/stm32f7xx_hal_pcd.o
 .debug_abbrev  0x0000000000001844      0x1bd ./Drivers/STM32F7xx_HAL_Driver/Src/stm32f7xx_hal_pcd_ex.o
 .debug_abbrev  0x0000000000001a01      0x1b8 ./Drivers/STM32F7xx_HAL_Driver/Src/stm32f7xx_hal_pwr.o
 .debug_abbrev  0x0000000000001bb9      0x267 ./Drivers/STM32F7xx_HAL_Driver/Src/stm32f7xx_hal_qspi.o
 .debug_abbrev  0x0000000000001e20      0x2d1 ./Drivers/STM32F7xx_HAL_Driver/Src/stm32f7xx_hal_rcc.o
 .debug_abbrev  0x00000000000020f1      0x1b9 ./Drivers/STM32F7xx_HAL_Driver/Src/stm32f7xx_hal_rcc_ex.o
 .debug_abbrev  0x00000000000022aa      0x1cf ./Drivers/STM32F7xx_HAL_Driver/Src/stm32f7xx_hal_rtc.o
 .debug_abbrev  0x0000000000002479      0x269 ./Drivers/STM32F7xx_HAL_Driver/Src/stm32f7xx_hal_sai.o
 .debug_abbrev  0x00000000000026e2      0x230 ./Drivers/STM32F7xx_HAL_Driver/Src/stm32f7xx_hal_sdram.o
 .debug_abbrev  0x0000000000002912      0x249 ./Drivers/STM32F7xx_HAL_Driver/Src/stm32f7xx_hal_spdifrx.o
 .debug_abbrev  0x0000000000002b5b      0x214 ./Drivers/STM32F7xx_HAL_Driver/Src/stm32f7xx_hal_sram.o
 .debug_abbrev  0x0000000000002d6f      0x2ce ./Drivers/STM32F7xx_HAL_Driver/Src/stm32f7xx_hal_uart.o
 .debug_abbrev  0x000000000000303d      0x196 ./Drivers/STM32F7xx_HAL_Driver/Src/stm32f7xx_ll_fmc.o
 .debug_abbrev  0x00000000000031d3      0x278 ./Drivers/STM32F7xx_HAL_Driver/Src/stm32f7xx_ll_usb.o

.debug_aranges  0x0000000000000000     0x15f8
 .debug_aranges
                0x0000000000000000       0xa0 ./Core/Src/main.o
 .debug_aranges
                0x00000000000000a0       0xf0 ./Core/Src/stm32f7xx_hal_msp.o
 .debug_aranges
                0x0000000000000190       0x60 ./Core/Src/stm32f7xx_it.o
 .debug_aranges
                0x00000000000001f0       0x20 ./Core/Src/sysmem.o
 .debug_aranges
                0x0000000000000210       0x28 ./Core/Src/system_stm32f7xx.o
 .debug_aranges
                0x0000000000000238       0x28 ./Core/Startup/startup_stm32f769nihx.o
 .debug_aranges
                0x0000000000000260      0x110 ./Drivers/STM32F7xx_HAL_Driver/Src/stm32f7xx_hal.o
 .debug_aranges
                0x0000000000000370       0xe8 ./Drivers/STM32F7xx_HAL_Driver/Src/stm32f7xx_hal_adc.o
 .debug_aranges
                0x0000000000000458      0x118 ./Drivers/STM32F7xx_HAL_Driver/Src/stm32f7xx_hal_cortex.o
 .debug_aranges
                0x0000000000000570      0x178 ./Drivers/STM32F7xx_HAL_Driver/Src/stm32f7xx_hal_dsi.o
 .debug_aranges
                0x00000000000006e8       0x58 ./Drivers/STM32F7xx_HAL_Driver/Src/stm32f7xx_hal_gpio.o
 .debug_aranges
                0x0000000000000740       0xa8 ./Drivers/STM32F7xx_HAL_Driver/Src/stm32f7xx_hal_nor.o
 .debug_aranges
                0x00000000000007e8      0x148 ./Drivers/STM32F7xx_HAL_Driver/Src/stm32f7xx_hal_pcd.o
 .debug_aranges
                0x0000000000000930       0x48 ./Drivers/STM32F7xx_HAL_Driver/Src/stm32f7xx_hal_pcd_ex.o
 .debug_aranges
                0x0000000000000978       0xa0 ./Drivers/STM32F7xx_HAL_Driver/Src/stm32f7xx_hal_pwr.o
 .debug_aranges
                0x0000000000000a18      0x170 ./Drivers/STM32F7xx_HAL_Driver/Src/stm32f7xx_hal_qspi.o
 .debug_aranges
                0x0000000000000b88       0x88 ./Drivers/STM32F7xx_HAL_Driver/Src/stm32f7xx_hal_rcc.o
 .debug_aranges
                0x0000000000000c10       0x50 ./Drivers/STM32F7xx_HAL_Driver/Src/stm32f7xx_hal_rcc_ex.o
 .debug_aranges
                0x0000000000000c60       0xe8 ./Drivers/STM32F7xx_HAL_Driver/Src/stm32f7xx_hal_rtc.o
 .debug_aranges
                0x0000000000000d48      0x178 ./Drivers/STM32F7xx_HAL_Driver/Src/stm32f7xx_hal_sai.o
 .debug_aranges
                0x0000000000000ec0       0xe8 ./Drivers/STM32F7xx_HAL_Driver/Src/stm32f7xx_hal_sdram.o
 .debug_aranges
                0x0000000000000fa8       0xf8 ./Drivers/STM32F7xx_HAL_Driver/Src/stm32f7xx_hal_spdifrx.o
 .debug_aranges
                0x00000000000010a0       0xb8 ./Drivers/STM32F7xx_HAL_Driver/Src/stm32f7xx_hal_sram.o
 .debug_aranges
                0x0000000000001158      0x230 ./Drivers/STM32F7xx_HAL_Driver/Src/stm32f7xx_hal_uart.o
 .debug_aranges
                0x0000000000001388       0xc8 ./Drivers/STM32F7xx_HAL_Driver/Src/stm32f7xx_ll_fmc.o
 .debug_aranges
                0x0000000000001450      0x1a8 ./Drivers/STM32F7xx_HAL_Driver/Src/stm32f7xx_ll_usb.o

.debug_ranges   0x0000000000000000     0x14a8
 .debug_ranges  0x0000000000000000       0x90 ./Core/Src/main.o
 .debug_ranges  0x0000000000000090       0xe0 ./Core/Src/stm32f7xx_hal_msp.o
 .debug_ranges  0x0000000000000170       0x50 ./Core/Src/stm32f7xx_it.o
 .debug_ranges  0x00000000000001c0       0x10 ./Core/Src/sysmem.o
 .debug_ranges  0x00000000000001d0       0x18 ./Core/Src/system_stm32f7xx.o
 .debug_ranges  0x00000000000001e8       0x20 ./Core/Startup/startup_stm32f769nihx.o
 .debug_ranges  0x0000000000000208      0x100 ./Drivers/STM32F7xx_HAL_Driver/Src/stm32f7xx_hal.o
 .debug_ranges  0x0000000000000308       0xd8 ./Drivers/STM32F7xx_HAL_Driver/Src/stm32f7xx_hal_adc.o
 .debug_ranges  0x00000000000003e0      0x108 ./Drivers/STM32F7xx_HAL_Driver/Src/stm32f7xx_hal_cortex.o
 .debug_ranges  0x00000000000004e8      0x168 ./Drivers/STM32F7xx_HAL_Driver/Src/stm32f7xx_hal_dsi.o
 .debug_ranges  0x0000000000000650       0x48 ./Drivers/STM32F7xx_HAL_Driver/Src/stm32f7xx_hal_gpio.o
 .debug_ranges  0x0000000000000698       0x98 ./Drivers/STM32F7xx_HAL_Driver/Src/stm32f7xx_hal_nor.o
 .debug_ranges  0x0000000000000730      0x138 ./Drivers/STM32F7xx_HAL_Driver/Src/stm32f7xx_hal_pcd.o
 .debug_ranges  0x0000000000000868       0x38 ./Drivers/STM32F7xx_HAL_Driver/Src/stm32f7xx_hal_pcd_ex.o
 .debug_ranges  0x00000000000008a0       0x90 ./Drivers/STM32F7xx_HAL_Driver/Src/stm32f7xx_hal_pwr.o
 .debug_ranges  0x0000000000000930      0x160 ./Drivers/STM32F7xx_HAL_Driver/Src/stm32f7xx_hal_qspi.o
 .debug_ranges  0x0000000000000a90       0x78 ./Drivers/STM32F7xx_HAL_Driver/Src/stm32f7xx_hal_rcc.o
 .debug_ranges  0x0000000000000b08       0x40 ./Drivers/STM32F7xx_HAL_Driver/Src/stm32f7xx_hal_rcc_ex.o
 .debug_ranges  0x0000000000000b48       0xd8 ./Drivers/STM32F7xx_HAL_Driver/Src/stm32f7xx_hal_rtc.o
 .debug_ranges  0x0000000000000c20      0x180 ./Drivers/STM32F7xx_HAL_Driver/Src/stm32f7xx_hal_sai.o
 .debug_ranges  0x0000000000000da0       0xd8 ./Drivers/STM32F7xx_HAL_Driver/Src/stm32f7xx_hal_sdram.o
 .debug_ranges  0x0000000000000e78       0xe8 ./Drivers/STM32F7xx_HAL_Driver/Src/stm32f7xx_hal_spdifrx.o
 .debug_ranges  0x0000000000000f60       0xa8 ./Drivers/STM32F7xx_HAL_Driver/Src/stm32f7xx_hal_sram.o
 .debug_ranges  0x0000000000001008      0x250 ./Drivers/STM32F7xx_HAL_Driver/Src/stm32f7xx_hal_uart.o
 .debug_ranges  0x0000000000001258       0xb8 ./Drivers/STM32F7xx_HAL_Driver/Src/stm32f7xx_ll_fmc.o
 .debug_ranges  0x0000000000001310      0x198 ./Drivers/STM32F7xx_HAL_Driver/Src/stm32f7xx_ll_usb.o

.debug_macro    0x0000000000000000    0x32e70
 .debug_macro   0x0000000000000000      0x402 ./Core/Src/main.o
 .debug_macro   0x0000000000000402      0xa90 ./Core/Src/main.o
 .debug_macro   0x0000000000000e92      0x2cf ./Core/Src/main.o
 .debug_macro   0x0000000000001161       0x2e ./Core/Src/main.o
 .debug_macro   0x000000000000118f       0x3b ./Core/Src/main.o
 .debug_macro   0x00000000000011ca       0x22 ./Core/Src/main.o
 .debug_macro   0x00000000000011ec       0x8e ./Core/Src/main.o
 .debug_macro   0x000000000000127a       0x51 ./Core/Src/main.o
 .debug_macro   0x00000000000012cb      0x103 ./Core/Src/main.o
 .debug_macro   0x00000000000013ce       0x6a ./Core/Src/main.o
 .debug_macro   0x0000000000001438      0x1df ./Core/Src/main.o
 .debug_macro   0x0000000000001617       0x1c ./Core/Src/main.o
 .debug_macro   0x0000000000001633       0x22 ./Core/Src/main.o
 .debug_macro   0x0000000000001655       0xd9 ./Core/Src/main.o
 .debug_macro   0x000000000000172e     0x12cd ./Core/Src/main.o
 .debug_macro   0x00000000000029fb      0x11f ./Core/Src/main.o
 .debug_macro   0x0000000000002b1a       0x19 ./Core/Src/main.o
 .debug_macro   0x0000000000002b33    0x204b6 ./Core/Src/main.o
 .debug_macro   0x0000000000022fe9       0x6d ./Core/Src/main.o
 .debug_macro   0x0000000000023056     0x3749 ./Core/Src/main.o
 .debug_macro   0x000000000002679f      0x174 ./Core/Src/main.o
 .debug_macro   0x0000000000026913       0x63 ./Core/Src/main.o
 .debug_macro   0x0000000000026976     0x1b3f ./Core/Src/main.o
 .debug_macro   0x00000000000284b5      0x6c4 ./Core/Src/main.o
 .debug_macro   0x0000000000028b79      0x18b ./Core/Src/main.o
 .debug_macro   0x0000000000028d04      0x115 ./Core/Src/main.o
 .debug_macro   0x0000000000028e19      0x275 ./Core/Src/main.o
 .debug_macro   0x000000000002908e       0xa5 ./Core/Src/main.o
 .debug_macro   0x0000000000029133      0x24f ./Core/Src/main.o
 .debug_macro   0x0000000000029382       0x71 ./Core/Src/main.o
 .debug_macro   0x00000000000293f3       0x58 ./Core/Src/main.o
 .debug_macro   0x000000000002944b      0x236 ./Core/Src/main.o
 .debug_macro   0x0000000000029681      0x416 ./Core/Src/main.o
 .debug_macro   0x0000000000029a97      0x153 ./Core/Src/main.o
 .debug_macro   0x0000000000029bea      0x107 ./Core/Src/main.o
 .debug_macro   0x0000000000029cf1      0x14e ./Core/Src/main.o
 .debug_macro   0x0000000000029e3f      0x3db ./Core/Src/main.o
 .debug_macro   0x000000000002a21a       0x12 ./Core/Src/main.o
 .debug_macro   0x000000000002a22c      0x504 ./Core/Src/main.o
 .debug_macro   0x000000000002a730       0x88 ./Core/Src/main.o
 .debug_macro   0x000000000002a7b8       0x11 ./Core/Src/main.o
 .debug_macro   0x000000000002a7c9      0x22c ./Core/Src/main.o
 .debug_macro   0x000000000002a9f5       0x61 ./Core/Src/main.o
 .debug_macro   0x000000000002aa56       0xa5 ./Core/Src/main.o
 .debug_macro   0x000000000002aafb      0x12e ./Core/Src/main.o
 .debug_macro   0x000000000002ac29      0x108 ./Core/Src/main.o
 .debug_macro   0x000000000002ad31       0x35 ./Core/Src/main.o
 .debug_macro   0x000000000002ad66      0x2d4 ./Core/Src/main.o
 .debug_macro   0x000000000002b03a      0x31a ./Core/Src/main.o
 .debug_macro   0x000000000002b354      0x4f2 ./Core/Src/main.o
 .debug_macro   0x000000000002b846       0xe4 ./Core/Src/main.o
 .debug_macro   0x000000000002b92a      0x447 ./Core/Src/main.o
 .debug_macro   0x000000000002bd71      0x773 ./Core/Src/main.o
 .debug_macro   0x000000000002c4e4      0x1f1 ./Core/Src/main.o
 .debug_macro   0x000000000002c6d5      0x1ed ./Core/Src/main.o
 .debug_macro   0x000000000002c8c2      0x5ba ./Core/Src/main.o
 .debug_macro   0x000000000002ce7c       0x44 ./Core/Src/main.o
 .debug_macro   0x000000000002cec0      0x256 ./Core/Src/main.o
 .debug_macro   0x000000000002d116       0xba ./Core/Src/main.o
 .debug_macro   0x000000000002d1d0      0x6fc ./Core/Src/main.o
 .debug_macro   0x000000000002d8cc      0x15b ./Core/Src/main.o
 .debug_macro   0x000000000002da27      0x872 ./Core/Src/main.o
 .debug_macro   0x000000000002e299       0x52 ./Core/Src/main.o
 .debug_macro   0x000000000002e2eb       0x1d ./Core/Src/main.o
 .debug_macro   0x000000000002e308       0x3c ./Core/Src/main.o
 .debug_macro   0x000000000002e344       0x34 ./Core/Src/main.o
 .debug_macro   0x000000000002e378       0x16 ./Core/Src/main.o
 .debug_macro   0x000000000002e38e       0x35 ./Core/Src/main.o
 .debug_macro   0x000000000002e3c3      0x341 ./Core/Src/main.o
 .debug_macro   0x000000000002e704       0x10 ./Core/Src/main.o
 .debug_macro   0x000000000002e714       0x16 ./Core/Src/main.o
 .debug_macro   0x000000000002e72a       0x43 ./Core/Src/main.o
 .debug_macro   0x000000000002e76d       0x34 ./Core/Src/main.o
 .debug_macro   0x000000000002e7a1       0x10 ./Core/Src/main.o
 .debug_macro   0x000000000002e7b1       0x58 ./Core/Src/main.o
 .debug_macro   0x000000000002e809       0x71 ./Core/Src/main.o
 .debug_macro   0x000000000002e87a       0x1c ./Core/Src/main.o
 .debug_macro   0x000000000002e896      0x12a ./Core/Src/main.o
 .debug_macro   0x000000000002e9c0       0x10 ./Core/Src/main.o
 .debug_macro   0x000000000002e9d0       0x1c ./Core/Src/main.o
 .debug_macro   0x000000000002e9ec       0x52 ./Core/Src/main.o
 .debug_macro   0x000000000002ea3e       0x22 ./Core/Src/main.o
 .debug_macro   0x000000000002ea60       0x10 ./Core/Src/main.o
 .debug_macro   0x000000000002ea70       0x52 ./Core/Src/main.o
 .debug_macro   0x000000000002eac2       0xd5 ./Core/Src/main.o
 .debug_macro   0x000000000002eb97       0x1c ./Core/Src/main.o
 .debug_macro   0x000000000002ebb3       0x3d ./Core/Src/main.o
 .debug_macro   0x000000000002ebf0       0x16 ./Core/Src/main.o
 .debug_macro   0x000000000002ec06      0x145 ./Core/Src/main.o
 .debug_macro   0x000000000002ed4b      0x2a3 ./Core/Src/stm32f7xx_hal_msp.o
 .debug_macro   0x000000000002efee      0x2ad ./Core/Src/stm32f7xx_it.o
 .debug_macro   0x000000000002f29b       0xff ./Core/Src/sysmem.o
 .debug_macro   0x000000000002f39a      0x23b ./Core/Src/sysmem.o
 .debug_macro   0x000000000002f5d5      0x294 ./Core/Src/system_stm32f7xx.o
 .debug_macro   0x000000000002f869      0x2b8 ./Drivers/STM32F7xx_HAL_Driver/Src/stm32f7xx_hal.o
 .debug_macro   0x000000000002fb21      0x295 ./Drivers/STM32F7xx_HAL_Driver/Src/stm32f7xx_hal_adc.o
 .debug_macro   0x000000000002fdb6      0x294 ./Drivers/STM32F7xx_HAL_Driver/Src/stm32f7xx_hal_cortex.o
 .debug_macro   0x000000000003004a      0x2e2 ./Drivers/STM32F7xx_HAL_Driver/Src/stm32f7xx_hal_dsi.o
 .debug_macro   0x000000000003032c      0x29a ./Drivers/STM32F7xx_HAL_Driver/Src/stm32f7xx_hal_gpio.o
 .debug_macro   0x00000000000305c6      0x3c1 ./Drivers/STM32F7xx_HAL_Driver/Src/stm32f7xx_hal_nor.o
 .debug_macro   0x0000000000030987      0x2a0 ./Drivers/STM32F7xx_HAL_Driver/Src/stm32f7xx_hal_pcd.o
 .debug_macro   0x0000000000030c27      0x294 ./Drivers/STM32F7xx_HAL_Driver/Src/stm32f7xx_hal_pcd_ex.o
 .debug_macro   0x0000000000030ebb      0x2b2 ./Drivers/STM32F7xx_HAL_Driver/Src/stm32f7xx_hal_pwr.o
 .debug_macro   0x000000000003116d      0x2b8 ./Drivers/STM32F7xx_HAL_Driver/Src/stm32f7xx_hal_qspi.o
 .debug_macro   0x0000000000031425      0x2b8 ./Drivers/STM32F7xx_HAL_Driver/Src/stm32f7xx_hal_rcc.o
 .debug_macro   0x00000000000316dd      0x294 ./Drivers/STM32F7xx_HAL_Driver/Src/stm32f7xx_hal_rcc_ex.o
 .debug_macro   0x0000000000031971      0x295 ./Drivers/STM32F7xx_HAL_Driver/Src/stm32f7xx_hal_rtc.o
 .debug_macro   0x0000000000031c06      0x2a3 ./Drivers/STM32F7xx_HAL_Driver/Src/stm32f7xx_hal_sai.o
 .debug_macro   0x0000000000031ea9      0x294 ./Drivers/STM32F7xx_HAL_Driver/Src/stm32f7xx_hal_sdram.o
 .debug_macro   0x000000000003213d      0x29c ./Drivers/STM32F7xx_HAL_Driver/Src/stm32f7xx_hal_spdifrx.o
 .debug_macro   0x00000000000323d9      0x294 ./Drivers/STM32F7xx_HAL_Driver/Src/stm32f7xx_hal_sram.o
 .debug_macro   0x000000000003266d      0x2b1 ./Drivers/STM32F7xx_HAL_Driver/Src/stm32f7xx_hal_uart.o
 .debug_macro   0x000000000003291e      0x2be ./Drivers/STM32F7xx_HAL_Driver/Src/stm32f7xx_ll_fmc.o
 .debug_macro   0x0000000000032bdc      0x294 ./Drivers/STM32F7xx_HAL_Driver/Src/stm32f7xx_ll_usb.o

.debug_line     0x0000000000000000    0x1c452
 .debug_line    0x0000000000000000     0x10c3 ./Core/Src/main.o
 .debug_line    0x00000000000010c3      0xd59 ./Core/Src/stm32f7xx_hal_msp.o
 .debug_line    0x0000000000001e1c      0x8eb ./Core/Src/stm32f7xx_it.o
 .debug_line    0x0000000000002707      0x4bd ./Core/Src/sysmem.o
 .debug_line    0x0000000000002bc4      0x8a8 ./Core/Src/system_stm32f7xx.o
 .debug_line    0x000000000000346c       0x88 ./Core/Startup/startup_stm32f769nihx.o
 .debug_line    0x00000000000034f4      0xb69 ./Drivers/STM32F7xx_HAL_Driver/Src/stm32f7xx_hal.o
 .debug_line    0x000000000000405d     0x1371 ./Drivers/STM32F7xx_HAL_Driver/Src/stm32f7xx_hal_adc.o
 .debug_line    0x00000000000053ce      0xdbf ./Drivers/STM32F7xx_HAL_Driver/Src/stm32f7xx_hal_cortex.o
 .debug_line    0x000000000000618d     0x2c83 ./Drivers/STM32F7xx_HAL_Driver/Src/stm32f7xx_hal_dsi.o
 .debug_line    0x0000000000008e10      0xcad ./Drivers/STM32F7xx_HAL_Driver/Src/stm32f7xx_hal_gpio.o
 .debug_line    0x0000000000009abd     0x1708 ./Drivers/STM32F7xx_HAL_Driver/Src/stm32f7xx_hal_nor.o
 .debug_line    0x000000000000b1c5     0x1584 ./Drivers/STM32F7xx_HAL_Driver/Src/stm32f7xx_hal_pcd.o
 .debug_line    0x000000000000c749      0x93a ./Drivers/STM32F7xx_HAL_Driver/Src/stm32f7xx_hal_pcd_ex.o
 .debug_line    0x000000000000d083      0xa3d ./Drivers/STM32F7xx_HAL_Driver/Src/stm32f7xx_hal_pwr.o
 .debug_line    0x000000000000dac0     0x1596 ./Drivers/STM32F7xx_HAL_Driver/Src/stm32f7xx_hal_qspi.o
 .debug_line    0x000000000000f056      0xfa9 ./Drivers/STM32F7xx_HAL_Driver/Src/stm32f7xx_hal_rcc.o
 .debug_line    0x000000000000ffff      0xf87 ./Drivers/STM32F7xx_HAL_Driver/Src/stm32f7xx_hal_rcc_ex.o
 .debug_line    0x0000000000010f86     0x11f4 ./Drivers/STM32F7xx_HAL_Driver/Src/stm32f7xx_hal_rtc.o
 .debug_line    0x000000000001217a     0x1a99 ./Drivers/STM32F7xx_HAL_Driver/Src/stm32f7xx_hal_sai.o
 .debug_line    0x0000000000013c13      0xf10 ./Drivers/STM32F7xx_HAL_Driver/Src/stm32f7xx_hal_sdram.o
 .debug_line    0x0000000000014b23     0x1132 ./Drivers/STM32F7xx_HAL_Driver/Src/stm32f7xx_hal_spdifrx.o
 .debug_line    0x0000000000015c55      0xe39 ./Drivers/STM32F7xx_HAL_Driver/Src/stm32f7xx_hal_sram.o
 .debug_line    0x0000000000016a8e     0x322c ./Drivers/STM32F7xx_HAL_Driver/Src/stm32f7xx_hal_uart.o
 .debug_line    0x0000000000019cba      0xba7 ./Drivers/STM32F7xx_HAL_Driver/Src/stm32f7xx_ll_fmc.o
 .debug_line    0x000000000001a861     0x1bf1 ./Drivers/STM32F7xx_HAL_Driver/Src/stm32f7xx_ll_usb.o

.debug_str      0x0000000000000000   0x131ddd
 .debug_str     0x0000000000000000   0x12b717 ./Core/Src/main.o
                                     0x12c086 (size before relaxing)
 .debug_str     0x000000000012b717      0x277 ./Core/Src/stm32f7xx_hal_msp.o
                                     0x127c1c (size before relaxing)
 .debug_str     0x000000000012b98e       0xc9 ./Core/Src/stm32f7xx_it.o
                                     0x125c0a (size before relaxing)
 .debug_str     0x000000000012ba57      0x4da ./Core/Src/sysmem.o
                                       0x5df8 (size before relaxing)
 .debug_str     0x000000000012bf31      0x190 ./Core/Src/system_stm32f7xx.o
                                     0x1241d1 (size before relaxing)
 .debug_str     0x000000000012c0c1       0x36 ./Core/Startup/startup_stm32f769nihx.o
                                         0x71 (size before relaxing)
 .debug_str     0x000000000012c0f7      0xa99 ./Drivers/STM32F7xx_HAL_Driver/Src/stm32f7xx_hal.o
                                     0x124c1a (size before relaxing)
 .debug_str     0x000000000012cb90      0x2a5 ./Drivers/STM32F7xx_HAL_Driver/Src/stm32f7xx_hal_adc.o
                                     0x1246ca (size before relaxing)
 .debug_str     0x000000000012ce35      0x343 ./Drivers/STM32F7xx_HAL_Driver/Src/stm32f7xx_hal_cortex.o
                                     0x124bca (size before relaxing)
 .debug_str     0x000000000012d178      0x991 ./Drivers/STM32F7xx_HAL_Driver/Src/stm32f7xx_hal_dsi.o
                                     0x1250be (size before relaxing)
 .debug_str     0x000000000012db09       0xe1 ./Drivers/STM32F7xx_HAL_Driver/Src/stm32f7xx_hal_gpio.o
                                     0x12428f (size before relaxing)
 .debug_str     0x000000000012dbea      0xa20 ./Drivers/STM32F7xx_HAL_Driver/Src/stm32f7xx_hal_nor.o
                                     0x124cf3 (size before relaxing)
 .debug_str     0x000000000012e60a      0x82d ./Drivers/STM32F7xx_HAL_Driver/Src/stm32f7xx_hal_pcd.o
                                     0x124bee (size before relaxing)
 .debug_str     0x000000000012ee37      0x12d ./Drivers/STM32F7xx_HAL_Driver/Src/stm32f7xx_hal_pcd_ex.o
                                     0x1244ef (size before relaxing)
 .debug_str     0x000000000012ef64      0x2ac ./Drivers/STM32F7xx_HAL_Driver/Src/stm32f7xx_hal_pwr.o
                                     0x124472 (size before relaxing)
 .debug_str     0x000000000012f210      0x729 ./Drivers/STM32F7xx_HAL_Driver/Src/stm32f7xx_hal_qspi.o
                                     0x124b6c (size before relaxing)
 .debug_str     0x000000000012f939      0x241 ./Drivers/STM32F7xx_HAL_Driver/Src/stm32f7xx_hal_rcc.o
                                     0x12454c (size before relaxing)
 .debug_str     0x000000000012fb7a      0x14f ./Drivers/STM32F7xx_HAL_Driver/Src/stm32f7xx_hal_rcc_ex.o
                                     0x1244af (size before relaxing)
 .debug_str     0x000000000012fcc9      0x2a5 ./Drivers/STM32F7xx_HAL_Driver/Src/stm32f7xx_hal_rtc.o
                                     0x1245a7 (size before relaxing)
 .debug_str     0x000000000012ff6e      0x3f4 ./Drivers/STM32F7xx_HAL_Driver/Src/stm32f7xx_hal_sai.o
                                     0x124906 (size before relaxing)