Archive member included to satisfy reference by file (symbol)

/opt/st/stm32cubeide_1.10.1/plugins/com.st.stm32cube.ide.mcu.externaltools.gnu-tools-for-stm32.10.3-2021.10.linux64_1.0.0.202111181127/tools/bin/../lib/gcc/arm-none-eabi/10.3.1/../../../../arm-none-eabi/lib/thumb/v7e-m+dp/hard/libc_nano.a(lib_a-errno.o)
                              ./Core/Src/syscalls.o (__errno)
/opt/st/stm32cubeide_1.10.1/plugins/com.st.stm32cube.ide.mcu.externaltools.gnu-tools-for-stm32.10.3-2021.10.linux64_1.0.0.202111181127/tools/bin/../lib/gcc/arm-none-eabi/10.3.1/../../../../arm-none-eabi/lib/thumb/v7e-m+dp/hard/libc_nano.a(lib_a-exit.o)
                              /opt/st/stm32cubeide_1.10.1/plugins/com.st.stm32cube.ide.mcu.externaltools.gnu-tools-for-stm32.10.3-2021.10.linux64_1.0.0.202111181127/tools/bin/../lib/gcc/arm-none-eabi/10.3.1/../../../../arm-none-eabi/lib/thumb/v7e-m+dp/hard/crt0.o (exit)
/opt/st/stm32cubeide_1.10.1/plugins/com.st.stm32cube.ide.mcu.externaltools.gnu-tools-for-stm32.10.3-2021.10.linux64_1.0.0.202111181127/tools/bin/../lib/gcc/arm-none-eabi/10.3.1/../../../../arm-none-eabi/lib/thumb/v7e-m+dp/hard/libc_nano.a(lib_a-impure.o)
                              /opt/st/stm32cubeide_1.10.1/plugins/com.st.stm32cube.ide.mcu.externaltools.gnu-tools-for-stm32.10.3-2021.10.linux64_1.0.0.202111181127/tools/bin/../lib/gcc/arm-none-eabi/10.3.1/../../../../arm-none-eabi/lib/thumb/v7e-m+dp/hard/libc_nano.a(lib_a-exit.o) (_global_impure_ptr)
/opt/st/stm32cubeide_1.10.1/plugins/com.st.stm32cube.ide.mcu.externaltools.gnu-tools-for-stm32.10.3-2021.10.linux64_1.0.0.202111181127/tools/bin/../lib/gcc/arm-none-eabi/10.3.1/../../../../arm-none-eabi/lib/thumb/v7e-m+dp/hard/libc_nano.a(lib_a-init.o)
                              /opt/st/stm32cubeide_1.10.1/plugins/com.st.stm32cube.ide.mcu.externaltools.gnu-tools-for-stm32.10.3-2021.10.linux64_1.0.0.202111181127/tools/bin/../lib/gcc/arm-none-eabi/10.3.1/../../../../arm-none-eabi/lib/thumb/v7e-m+dp/hard/crt0.o (__libc_init_array)
/opt/st/stm32cubeide_1.10.1/plugins/com.st.stm32cube.ide.mcu.externaltools.gnu-tools-for-stm32.10.3-2021.10.linux64_1.0.0.202111181127/tools/bin/../lib/gcc/arm-none-eabi/10.3.1/../../../../arm-none-eabi/lib/thumb/v7e-m+dp/hard/libc_nano.a(lib_a-memset.o)
                              /opt/st/stm32cubeide_1.10.1/plugins/com.st.stm32cube.ide.mcu.externaltools.gnu-tools-for-stm32.10.3-2021.10.linux64_1.0.0.202111181127/tools/bin/../lib/gcc/arm-none-eabi/10.3.1/../../../../arm-none-eabi/lib/thumb/v7e-m+dp/hard/crt0.o (memset)
/opt/st/stm32cubeide_1.10.1/plugins/com.st.stm32cube.ide.mcu.externaltools.gnu-tools-for-stm32.10.3-2021.10.linux64_1.0.0.202111181127/tools/bin/../lib/gcc/arm-none-eabi/10.3.1/../../../../arm-none-eabi/lib/thumb/v7e-m+dp/hard/libc_nano.a(lib_a-sprintf.o)
                              ./Core/Src/main.o (sprintf)
/opt/st/stm32cubeide_1.10.1/plugins/com.st.stm32cube.ide.mcu.externaltools.gnu-tools-for-stm32.10.3-2021.10.linux64_1.0.0.202111181127/tools/bin/../lib/gcc/arm-none-eabi/10.3.1/../../../../arm-none-eabi/lib/thumb/v7e-m+dp/hard/libc_nano.a(lib_a-strlen.o)
                              ./Core/Src/main.o (strlen)
/opt/st/stm32cubeide_1.10.1/plugins/com.st.stm32cube.ide.mcu.externaltools.gnu-tools-for-stm32.10.3-2021.10.linux64_1.0.0.202111181127/tools/bin/../lib/gcc/arm-none-eabi/10.3.1/../../../../arm-none-eabi/lib/thumb/v7e-m+dp/hard/libc_nano.a(lib_a-nano-svfprintf.o)
                              /opt/st/stm32cubeide_1.10.1/plugins/com.st.stm32cube.ide.mcu.externaltools.gnu-tools-for-stm32.10.3-2021.10.linux64_1.0.0.202111181127/tools/bin/../lib/gcc/arm-none-eabi/10.3.1/../../../../arm-none-eabi/lib/thumb/v7e-m+dp/hard/libc_nano.a(lib_a-sprintf.o) (_svfprintf_r)
/opt/st/stm32cubeide_1.10.1/plugins/com.st.stm32cube.ide.mcu.externaltools.gnu-tools-for-stm32.10.3-2021.10.linux64_1.0.0.202111181127/tools/bin/../lib/gcc/arm-none-eabi/10.3.1/../../../../arm-none-eabi/lib/thumb/v7e-m+dp/hard/libc_nano.a(lib_a-nano-vfprintf_i.o)
                              /opt/st/stm32cubeide_1.10.1/plugins/com.st.stm32cube.ide.mcu.externaltools.gnu-tools-for-stm32.10.3-2021.10.linux64_1.0.0.202111181127/tools/bin/../lib/gcc/arm-none-eabi/10.3.1/../../../../arm-none-eabi/lib/thumb/v7e-m+dp/hard/libc_nano.a(lib_a-nano-svfprintf.o) (_printf_i)
/opt/st/stm32cubeide_1.10.1/plugins/com.st.stm32cube.ide.mcu.externaltools.gnu-tools-for-stm32.10.3-2021.10.linux64_1.0.0.202111181127/tools/bin/../lib/gcc/arm-none-eabi/10.3.1/../../../../arm-none-eabi/lib/thumb/v7e-m+dp/hard/libc_nano.a(lib_a-memchr.o)
                              /opt/st/stm32cubeide_1.10.1/plugins/com.st.stm32cube.ide.mcu.externaltools.gnu-tools-for-stm32.10.3-2021.10.linux64_1.0.0.202111181127/tools/bin/../lib/gcc/arm-none-eabi/10.3.1/../../../../arm-none-eabi/lib/thumb/v7e-m+dp/hard/libc_nano.a(lib_a-nano-svfprintf.o) (memchr)
[...]
Memory Configuration

Name             Origin             Length             Attributes
RAM              0x0000000020000000 0x0000000000080000 xrw
FLASH            0x0000000008000000 0x0000000000200000 xr
*default*        0x0000000000000000 0xffffffffffffffff

Linker script and memory map

LOAD /opt/st/stm32cubeide_1.10.1/plugins/com.st.stm32cube.ide.mcu.externaltools.gnu-tools-for-stm32.10.3-2021.10.linux64_1.0.0.202111181127/tools/bin/../lib/gcc/arm-none-eabi/10.3.1/thumb/v7e-m+dp/hard/crti.o
LOAD /opt/st/stm32cubeide_1.10.1/plugins/com.st.stm32cube.ide.mcu.externaltools.gnu-tools-for-stm32.10.3-2021.10.linux64_1.0.0.202111181127/tools/bin/../lib/gcc/arm-none-eabi/10.3.1/thumb/v7e-m+dp/hard/crtbegin.o
LOAD /opt/st/stm32cubeide_1.10.1/plugins/com.st.stm32cube.ide.mcu.externaltools.gnu-tools-for-stm32.10.3-2021.10.linux64_1.0.0.202111181127/tools/bin/../lib/gcc/arm-none-eabi/10.3.1/../../../../arm-none-eabi/lib/thumb/v7e-m+dp/hard/crt0.o
LOAD ./Core/Src/main.o
LOAD ./Core/Src/stm32f7xx_hal_msp.o
LOAD ./Core/Src/stm32f7xx_it.o
LOAD ./Core/Src/syscalls.o
LOAD ./Core/Src/sysmem.o
LOAD ./Core/Src/system_stm32f7xx.o
LOAD ./Core/Startup/startup_stm32f769nihx.o
LOAD ./Drivers/BSP/Components/adv7533/adv7533.o
LOAD ./Drivers/BSP/Components/dp83848/dp83848.o
LOAD ./Drivers/BSP/Components/exc7200/exc7200.o
LOAD ./Drivers/BSP/Components/ft3x67/ft3x67.o
LOAD ./Drivers/BSP/Components/ft5336/ft5336.o
LOAD ./Drivers/BSP/Components/ft6x06/ft6x06.o
LOAD ./Drivers/BSP/Components/lan8742/lan8742.o
LOAD ./Drivers/BSP/Components/mfxstm32l152/mfxstm32l152.o
LOAD ./Drivers/BSP/Components/otm8009a/otm8009a.o
LOAD ./Drivers/BSP/Components/ov5640/ov5640.o
LOAD ./Drivers/BSP/Components/ov9655/ov9655.o
LOAD ./Drivers/BSP/Components/s5k5cag/s5k5cag.o
LOAD ./Drivers/BSP/Components/st7735/st7735.o
LOAD ./Drivers/BSP/Components/st7789h2/st7789h2.o
LOAD ./Drivers/BSP/Components/stmpe811/stmpe811.o
LOAD ./Drivers/BSP/Components/ts3510/ts3510.o
LOAD ./Drivers/BSP/Components/wm8994/wm8994.o
LOAD ./Drivers/BSP/STM32F769I_EVAL/stm32f769i_eval.o
LOAD ./Drivers/STM32F7xx_HAL_Driver/Src/stm32f7xx_hal.o
LOAD ./Drivers/STM32F7xx_HAL_Driver/Src/stm32f7xx_hal_adc.o
LOAD ./Drivers/STM32F7xx_HAL_Driver/Src/stm32f7xx_hal_adc_ex.o
LOAD ./Drivers/STM32F7xx_HAL_Driver/Src/stm32f7xx_hal_cortex.o
LOAD ./Drivers/STM32F7xx_HAL_Driver/Src/stm32f7xx_hal_dfsdm.o
LOAD ./Drivers/STM32F7xx_HAL_Driver/Src/stm32f7xx_hal_dma.o
LOAD ./Drivers/STM32F7xx_HAL_Driver/Src/stm32f7xx_hal_dma_ex.o
LOAD ./Drivers/STM32F7xx_HAL_Driver/Src/stm32f7xx_hal_dsi.o
LOAD ./Drivers/STM32F7xx_HAL_Driver/Src/stm32f7xx_hal_exti.o
LOAD ./Drivers/STM32F7xx_HAL_Driver/Src/stm32f7xx_hal_flash.o
LOAD ./Drivers/STM32F7xx_HAL_Driver/Src/stm32f7xx_hal_flash_ex.o
LOAD ./Drivers/STM32F7xx_HAL_Driver/Src/stm32f7xx_hal_gpio.o
LOAD ./Drivers/STM32F7xx_HAL_Driver/Src/stm32f7xx_hal_i2c.o
LOAD ./Drivers/STM32F7xx_HAL_Driver/Src/stm32f7xx_hal_i2c_ex.o
LOAD ./Drivers/STM32F7xx_HAL_Driver/Src/stm32f7xx_hal_pcd.o
LOAD ./Drivers/STM32F7xx_HAL_Driver/Src/stm32f7xx_hal_pcd_ex.o
LOAD ./Drivers/STM32F7xx_HAL_Driver/Src/stm32f7xx_hal_pwr.o
LOAD ./Drivers/STM32F7xx_HAL_Driver/Src/stm32f7xx_hal_pwr_ex.o
LOAD ./Drivers/STM32F7xx_HAL_Driver/Src/stm32f7xx_hal_rcc.o
LOAD ./Drivers/STM32F7xx_HAL_Driver/Src/stm32f7xx_hal_rcc_ex.o
LOAD ./Drivers/STM32F7xx_HAL_Driver/Src/stm32f7xx_hal_rtc.o
LOAD ./Drivers/STM32F7xx_HAL_Driver/Src/stm32f7xx_hal_rtc_ex.o
LOAD ./Drivers/STM32F7xx_HAL_Driver/Src/stm32f7xx_hal_sai.o
LOAD ./Drivers/STM32F7xx_HAL_Driver/Src/stm32f7xx_hal_sai_ex.o
LOAD ./Drivers/STM32F7xx_HAL_Driver/Src/stm32f7xx_hal_sd.o
LOAD ./Drivers/STM32F7xx_HAL_Driver/Src/stm32f7xx_hal_sdram.o
LOAD ./Drivers/STM32F7xx_HAL_Driver/Src/stm32f7xx_hal_spdifrx.o
LOAD ./Drivers/STM32F7xx_HAL_Driver/Src/stm32f7xx_hal_tim.o
LOAD ./Drivers/STM32F7xx_HAL_Driver/Src/stm32f7xx_hal_tim_ex.o
LOAD ./Drivers/STM32F7xx_HAL_Driver/Src/stm32f7xx_hal_uart.o
LOAD ./Drivers/STM32F7xx_HAL_Driver/Src/stm32f7xx_hal_uart_ex.o
LOAD ./Drivers/STM32F7xx_HAL_Driver/Src/stm32f7xx_ll_fmc.o
LOAD ./Drivers/STM32F7xx_HAL_Driver/Src/stm32f7xx_ll_sdmmc.o
LOAD ./Drivers/STM32F7xx_HAL_Driver/Src/stm32f7xx_ll_usb.o
LOAD ./FATFS/App/fatfs.o
LOAD ./FATFS/Target/bsp_driver_sd.o
LOAD ./FATFS/Target/fatfs_platform.o
LOAD ./FATFS/Target/sd_diskio.o
LOAD ./Middlewares/Third_Party/FatFs/src/diskio.o
LOAD ./Middlewares/Third_Party/FatFs/src/ff.o
LOAD ./Middlewares/Third_Party/FatFs/src/ff_gen_drv.o
LOAD ./Middlewares/Third_Party/FatFs/src/option/syscall.o
START GROUP
LOAD /opt/st/stm32cubeide_1.10.1/plugins/com.st.stm32cube.ide.mcu.externaltools.gnu-tools-for-stm32.10.3-2021.10.linux64_1.0.0.202111181127/tools/bin/../lib/gcc/arm-none-eabi/10.3.1/../../../../arm-none-eabi/lib/thumb/v7e-m+dp/hard/libc_nano.a
LOAD /opt/st/stm32cubeide_1.10.1/plugins/com.st.stm32cube.ide.mcu.externaltools.gnu-tools-for-stm32.10.3-2021.10.linux64_1.0.0.202111181127/tools/bin/../lib/gcc/arm-none-eabi/10.3.1/../../../../arm-none-eabi/lib/thumb/v7e-m+dp/hard/libm.a
END GROUP
START GROUP
LOAD /opt/st/stm32cubeide_1.10.1/plugins/com.st.stm32cube.ide.mcu.externaltools.gnu-tools-for-stm32.10.3-2021.10.linux64_1.0.0.202111181127/tools/bin/../lib/gcc/arm-none-eabi/10.3.1/thumb/v7e-m+dp/hard/libgcc.a
LOAD /opt/st/stm32cubeide_1.10.1/plugins/com.st.stm32cube.ide.mcu.externaltools.gnu-tools-for-stm32.10.3-2021.10.linux64_1.0.0.202111181127/tools/bin/../lib/gcc/arm-none-eabi/10.3.1/../../../../arm-none-eabi/lib/thumb/v7e-m+dp/hard/libc_nano.a
END GROUP
START GROUP
LOAD /opt/st/stm32cubeide_1.10.1/plugins/com.st.stm32cube.ide.mcu.externaltools.gnu-tools-for-stm32.10.3-2021.10.linux64_1.0.0.202111181127/tools/bin/../lib/gcc/arm-none-eabi/10.3.1/thumb/v7e-m+dp/hard/libgcc.a
LOAD /opt/st/stm32cubeide_1.10.1/plugins/com.st.stm32cube.ide.mcu.externaltools.gnu-tools-for-stm32.10.3-2021.10.linux64_1.0.0.202111181127/tools/bin/../lib/gcc/arm-none-eabi/10.3.1/../../../../arm-none-eabi/lib/thumb/v7e-m+dp/hard/libc_nano.a
LOAD /opt/st/stm32cubeide_1.10.1/plugins/com.st.stm32cube.ide.mcu.externaltools.gnu-tools-for-stm32.10.3-2021.10.linux64_1.0.0.202111181127/tools/bin/../lib/gcc/arm-none-eabi/10.3.1/../../../../arm-none-eabi/lib/thumb/v7e-m+dp/hard/libnosys.a
END GROUP
START GROUP
LOAD /opt/st/stm32cubeide_1.10.1/plugins/com.st.stm32cube.ide.mcu.externaltools.gnu-tools-for-stm32.10.3-2021.10.linux64_1.0.0.202111181127/tools/bin/../lib/gcc/arm-none-eabi/10.3.1/thumb/v7e-m+dp/hard/libgcc.a
LOAD /opt/st/stm32cubeide_1.10.1/plugins/com.st.stm32cube.ide.mcu.externaltools.gnu-tools-for-stm32.10.3-2021.10.linux64_1.0.0.202111181127/tools/bin/../lib/gcc/arm-none-eabi/10.3.1/../../../../arm-none-eabi/lib/thumb/v7e-m+dp/hard/libc_nano.a
LOAD /opt/st/stm32cubeide_1.10.1/plugins/com.st.stm32cube.ide.mcu.externaltools.gnu-tools-for-stm32.10.3-2021.10.linux64_1.0.0.202111181127/tools/bin/../lib/gcc/arm-none-eabi/10.3.1/../../../../arm-none-eabi/lib/thumb/v7e-m+dp/hard/libnosys.a
END GROUP
LOAD /opt/st/stm32cubeide_1.10.1/plugins/com.st.stm32cube.ide.mcu.externaltools.gnu-tools-for-stm32.10.3-2021.10.linux64_1.0.0.202111181127/tools/bin/../lib/gcc/arm-none-eabi/10.3.1/thumb/v7e-m+dp/hard/crtend.o
LOAD /opt/st/stm32cubeide_1.10.1/plugins/com.st.stm32cube.ide.mcu.externaltools.gnu-tools-for-stm32.10.3-2021.10.linux64_1.0.0.202111181127/tools/bin/../lib/gcc/arm-none-eabi/10.3.1/thumb/v7e-m+dp/hard/crtn.o
                0x0000000020080000                _estack = (ORIGIN (RAM) + LENGTH (RAM))
                0x0000000000000400                _Min_Heap_Size = 0x400
                0x0000000000000800                _Min_Stack_Size = 0x800

.isr_vector     0x0000000008000000      0x1f8
                0x0000000008000000                . = ALIGN (0x4)
 *(.isr_vector)
 .isr_vector    0x0000000008000000      0x1f8 ./Core/Startup/startup_stm32f769nihx.o
                0x0000000008000000                g_pfnVectors
                0x00000000080001f8                . = ALIGN (0x4)

.text           0x00000000080001f8     0xea24
                0x00000000080001f8                . = ALIGN (0x4)
 *(.text)
 .text          0x00000000080001f8       0x40 /opt/st/stm32cubeide_1.10.1/plugins/com.st.stm32cube.ide.mcu.externaltools.gnu-tools-for-stm32.10.3-2021.10.linux64_1.0.0.202111181127/tools/bin/../lib/gcc/arm-none-eabi/10.3.1/thumb/v7e-m+dp/hard/crtbegin.o
 .text          0x0000000008000238       0x10 /opt/st/stm32cubeide_1.10.1/plugins/com.st.stm32cube.ide.mcu.externaltools.gnu-tools-for-stm32.10.3-2021.10.linux64_1.0.0.202111181127/tools/bin/../lib/gcc/arm-none-eabi/10.3.1/../../../../arm-none-eabi/lib/thumb/v7e-m+dp/hard/libc_nano.a(lib_a-strlen.o)
                0x0000000008000238                strlen
 .text          0x0000000008000248       0x30 /opt/st/stm32cubeide_1.10.1/plugins/com.st.stm32cube.ide.mcu.externaltools.gnu-tools-for-stm32.10.3-2021.10.linux64_1.0.0.202111181127/tools/bin/../lib/gcc/arm-none-eabi/10.3.1/thumb/v7e-m+dp/hard/libgcc.a(_aeabi_uldivmod.o)
                0x0000000008000248                __aeabi_uldivmod
 .text          0x0000000008000278      0x2d0 /opt/st/stm32cubeide_1.10.1/plugins/com.st.stm32cube.ide.mcu.externaltools.gnu-tools-for-stm32.10.3-2021.10.linux64_1.0.0.202111181127/tools/bin/../lib/gcc/arm-none-eabi/10.3.1/thumb/v7e-m+dp/hard/libgcc.a(_udivmoddi4.o)
                0x0000000008000278                __udivmoddi4
 .text          0x0000000008000548        0x4 /opt/st/stm32cubeide_1.10.1/plugins/com.st.stm32cube.ide.mcu.externaltools.gnu-tools-for-stm32.10.3-2021.10.linux64_1.0.0.202111181127/tools/bin/../lib/gcc/arm-none-eabi/10.3.1/thumb/v7e-m+dp/hard/libgcc.a(_dvmd_tls.o)
                0x0000000008000548                __aeabi_ldiv0
                0x0000000008000548                __aeabi_idiv0
 *(.text*)
 .text.main     0x000000000800054c      0x328 ./Core/Src/main.o
                0x000000000800054c                main
 .text.SystemClock_Config
                0x0000000008000874       0xdc ./Core/Src/main.o
                0x0000000008000874                SystemClock_Config
 .text.PeriphCommonClock_Config
                0x0000000008000950       0x5c ./Core/Src/main.o
                0x0000000008000950                PeriphCommonClock_Config
 .text.MX_ADC3_Init
                0x00000000080009ac       0xa4 ./Core/Src/main.o
 .text.MX_DFSDM1_Init
                0x0000000008000a50      0x1b8 ./Core/Src/main.o
 .text.MX_DSIHOST_DSI_Init
                0x0000000008000c08      0x170 ./Core/Src/main.o
 .text.MX_RTC_Init
                0x0000000008000d78       0x60 ./Core/Src/main.o
 .text.MX_SAI1_Init
                0x0000000008000dd8      0x100 ./Core/Src/main.o
 .text.MX_SDMMC1_SD_Init
                0x0000000008000ed8       0x40 ./Core/Src/main.o
 .text.MX_SPDIFRX_Init
                0x0000000008000f18       0x64 ./Core/Src/main.o
 .text.MX_USART1_UART_Init
                0x0000000008000f7c       0x60 ./Core/Src/main.o
 .text.MX_USB_OTG_FS_PCD_Init
                0x0000000008000fdc       0x5c ./Core/Src/main.o
 .text.MX_USB_OTG_HS_PCD_Init
                0x0000000008001038       0x64 ./Core/Src/main.o
 .text.MX_DMA_Init
                0x000000000800109c       0x6c ./Core/Src/main.o
 .text.MX_FMC_Init
                0x0000000008001108       0x9c ./Core/Src/main.o
 .text.MX_GPIO_Init
                0x00000000080011a4      0x500 ./Core/Src/main.o
 .text.Error_Handler
                0x00000000080016a4        0xa ./Core/Src/main.o
                0x00000000080016a4                Error_Handler
 *fill*         0x00000000080016ae        0x2 
 .text.HAL_MspInit
                0x00000000080016b0       0x48 ./Core/Src/stm32f7xx_hal_msp.o
                0x00000000080016b0                HAL_MspInit
 .text.HAL_ADC_MspInit
                0x00000000080016f8       0x80 ./Core/Src/stm32f7xx_hal_msp.o
                0x00000000080016f8                HAL_ADC_MspInit
 .text.HAL_DFSDM_FilterMspInit
                0x0000000008001778      0x1d0 ./Core/Src/stm32f7xx_hal_msp.o
                0x0000000008001778                HAL_DFSDM_FilterMspInit
 .text.HAL_DFSDM_ChannelMspInit
                0x0000000008001948       0xc4 ./Core/Src/stm32f7xx_hal_msp.o
                0x0000000008001948                HAL_DFSDM_ChannelMspInit
 .text.HAL_DSI_MspInit
                0x0000000008001a0c       0x88 ./Core/Src/stm32f7xx_hal_msp.o
                0x0000000008001a0c                HAL_DSI_MspInit
 .text.HAL_RTC_MspInit
                0x0000000008001a94       0x5c ./Core/Src/stm32f7xx_hal_msp.o
                0x0000000008001a94                HAL_RTC_MspInit
 .text.HAL_SD_MspInit
                0x0000000008001af0      0x21c ./Core/Src/stm32f7xx_hal_msp.o
                0x0000000008001af0                HAL_SD_MspInit
 .text.HAL_SPDIFRX_MspInit
                0x0000000008001d0c       0xcc ./Core/Src/stm32f7xx_hal_msp.o
                0x0000000008001d0c                HAL_SPDIFRX_MspInit
 .text.HAL_UART_MspInit
                0x0000000008001dd8       0xbc ./Core/Src/stm32f7xx_hal_msp.o
                0x0000000008001dd8                HAL_UART_MspInit
 .text.HAL_PCD_MspInit
                0x0000000008001e94      0x2a0 ./Core/Src/stm32f7xx_hal_msp.o
                0x0000000008001e94                HAL_PCD_MspInit
 .text.HAL_FMC_MspInit
                0x0000000008002134      0x148 ./Core/Src/stm32f7xx_hal_msp.o
 .text.HAL_SDRAM_MspInit
                0x000000000800227c       0x14 ./Core/Src/stm32f7xx_hal_msp.o
                0x000000000800227c                HAL_SDRAM_MspInit
 .text.HAL_SAI_MspInit
                0x0000000008002290       0xe0 ./Core/Src/stm32f7xx_hal_msp.o
                0x0000000008002290                HAL_SAI_MspInit
 .text.NMI_Handler
                0x0000000008002370        0x6 ./Core/Src/stm32f7xx_it.o
                0x0000000008002370                NMI_Handler
 .text.HardFault_Handler
                0x0000000008002376        0x6 ./Core/Src/stm32f7xx_it.o
                0x0000000008002376                HardFault_Handler
 .text.MemManage_Handler
                0x000000000800237c        0x6 ./Core/Src/stm32f7xx_it.o
                0x000000000800237c                MemManage_Handler
 .text.BusFault_Handler
                0x0000000008002382        0x6 ./Core/Src/stm32f7xx_it.o
                0x0000000008002382                BusFault_Handler
 .text.UsageFault_Handler
                0x0000000008002388        0x6 ./Core/Src/stm32f7xx_it.o
                0x0000000008002388                UsageFault_Handler
 .text.SVC_Handler
                0x000000000800238e        0xe ./Core/Src/stm32f7xx_it.o
                0x000000000800238e                SVC_Handler
 .text.DebugMon_Handler
                0x000000000800239c        0xe ./Core/Src/stm32f7xx_it.o
                0x000000000800239c                DebugMon_Handler
 .text.PendSV_Handler
                0x00000000080023aa        0xe ./Core/Src/stm32f7xx_it.o
                0x00000000080023aa                PendSV_Handler
 .text.SysTick_Handler
                0x00000000080023b8        0xc ./Core/Src/stm32f7xx_it.o
                0x00000000080023b8                SysTick_Handler
 .text.SDMMC1_IRQHandler
                0x00000000080023c4       0x14 ./Core/Src/stm32f7xx_it.o
                0x00000000080023c4                SDMMC1_IRQHandler
 .text.DMA2_Stream0_IRQHandler
                0x00000000080023d8       0x14 ./Core/Src/stm32f7xx_it.o
                0x00000000080023d8                DMA2_Stream0_IRQHandler
 .text.DMA2_Stream1_IRQHandler
                0x00000000080023ec       0x14 ./Core/Src/stm32f7xx_it.o
                0x00000000080023ec                DMA2_Stream1_IRQHandler
 .text.DMA2_Stream3_IRQHandler
                0x0000000008002400       0x14 ./Core/Src/stm32f7xx_it.o
                0x0000000008002400                DMA2_Stream3_IRQHandler
 .text.DMA2_Stream6_IRQHandler
                0x0000000008002414       0x14 ./Core/Src/stm32f7xx_it.o
                0x0000000008002414                DMA2_Stream6_IRQHandler
 .text.SystemInit
                0x0000000008002428       0x24 ./Core/Src/system_stm32f7xx.o
                0x0000000008002428                SystemInit
 .text.Reset_Handler
                0x000000000800244c       0x50 ./Core/Startup/startup_stm32f769nihx.o
                0x000000000800244c                Reset_Handler
 .text.Default_Handler
                0x000000000800249c        0x2 ./Core/Startup/startup_stm32f769nihx.o
                0x000000000800249c                RTC_Alarm_IRQHandler
                0x000000000800249c                EXTI2_IRQHandler
                0x000000000800249c                TIM8_CC_IRQHandler
                0x000000000800249c                UART8_IRQHandler
                0x000000000800249c                SPI4_IRQHandler
                0x000000000800249c                TIM1_CC_IRQHandler
                0x000000000800249c                DMA2_Stream5_IRQHandler
                0x000000000800249c                JPEG_IRQHandler
                0x000000000800249c                DMA1_Stream5_IRQHandler
                0x000000000800249c                CAN3_RX1_IRQHandler
                0x000000000800249c                PVD_IRQHandler
                0x000000000800249c                TAMP_STAMP_IRQHandler
                0x000000000800249c                CAN2_RX1_IRQHandler
                0x000000000800249c                EXTI3_IRQHandler
                0x000000000800249c                TIM8_TRG_COM_TIM14_IRQHandler
                0x000000000800249c                DFSDM1_FLT1_IRQHandler
                0x000000000800249c                TIM1_UP_TIM10_IRQHandler
                0x000000000800249c                TIM8_UP_TIM13_IRQHandler
                0x000000000800249c                I2C3_ER_IRQHandler
                0x000000000800249c                DFSDM1_FLT2_IRQHandler
                0x000000000800249c                EXTI0_IRQHandler
                0x000000000800249c                I2C2_EV_IRQHandler
                0x000000000800249c                DMA1_Stream2_IRQHandler
                0x000000000800249c                CAN1_RX0_IRQHandler
                0x000000000800249c                FPU_IRQHandler
                0x000000000800249c                OTG_HS_WKUP_IRQHandler
                0x000000000800249c                CAN3_SCE_IRQHandler
                0x000000000800249c                LTDC_ER_IRQHandler
                0x000000000800249c                CAN2_SCE_IRQHandler
                0x000000000800249c                DMA2_Stream2_IRQHandler
                0x000000000800249c                SPI1_IRQHandler
                0x000000000800249c                TIM6_DAC_IRQHandler
                0x000000000800249c                TIM1_BRK_TIM9_IRQHandler
                0x000000000800249c                DCMI_IRQHandler
                0x000000000800249c                CAN2_RX0_IRQHandler
                0x000000000800249c                SAI2_IRQHandler
                0x000000000800249c                DFSDM1_FLT3_IRQHandler
                0x000000000800249c                USART6_IRQHandler
                0x000000000800249c                CAN3_RX0_IRQHandler
                0x000000000800249c                USART3_IRQHandler
                0x000000000800249c                CAN1_RX1_IRQHandler
                0x000000000800249c                UART5_IRQHandler
                0x000000000800249c                TIM4_IRQHandler
                0x000000000800249c                QUADSPI_IRQHandler
                0x000000000800249c                I2C1_EV_IRQHandler
                0x000000000800249c                DMA1_Stream6_IRQHandler
                0x000000000800249c                DMA1_Stream1_IRQHandler
                0x000000000800249c                UART4_IRQHandler
                0x000000000800249c                TIM3_IRQHandler
                0x000000000800249c                RCC_IRQHandler
                0x000000000800249c                TIM8_BRK_TIM12_IRQHandler
                0x000000000800249c                Default_Handler
                0x000000000800249c                CEC_IRQHandler
                0x000000000800249c                EXTI15_10_IRQHandler
                0x000000000800249c                ADC_IRQHandler
                0x000000000800249c                DMA1_Stream7_IRQHandler
                0x000000000800249c                SPI5_IRQHandler
                0x000000000800249c                TIM7_IRQHandler
                0x000000000800249c                CAN2_TX_IRQHandler
                0x000000000800249c                TIM5_IRQHandler
                0x000000000800249c                DMA2_Stream7_IRQHandler
                0x000000000800249c                I2C3_EV_IRQHandler
                0x000000000800249c                EXTI9_5_IRQHandler
                0x000000000800249c                RTC_WKUP_IRQHandler
                0x000000000800249c                LTDC_IRQHandler
                0x000000000800249c                ETH_WKUP_IRQHandler
                0x000000000800249c                SPDIF_RX_IRQHandler
                0x000000000800249c                SPI2_IRQHandler
                0x000000000800249c                OTG_HS_EP1_IN_IRQHandler
                0x000000000800249c                DMA1_Stream0_IRQHandler
                0x000000000800249c                CAN1_TX_IRQHandler
                0x000000000800249c                EXTI4_IRQHandler
                0x000000000800249c                RNG_IRQHandler
                0x000000000800249c                DSI_IRQHandler
                0x000000000800249c                ETH_IRQHandler
                0x000000000800249c                OTG_HS_EP1_OUT_IRQHandler
                0x000000000800249c                WWDG_IRQHandler
                0x000000000800249c                SPI6_IRQHandler
                0x000000000800249c                MDIOS_IRQHandler
                0x000000000800249c                I2C4_EV_IRQHandler
                0x000000000800249c                CAN3_TX_IRQHandler
                0x000000000800249c                TIM2_IRQHandler
                0x000000000800249c                OTG_FS_WKUP_IRQHandler
                0x000000000800249c                TIM1_TRG_COM_TIM11_IRQHandler
                0x000000000800249c                OTG_HS_IRQHandler
                0x000000000800249c                DMA2D_IRQHandler
                0x000000000800249c                EXTI1_IRQHandler
                0x000000000800249c                SDMMC2_IRQHandler
                0x000000000800249c                UART7_IRQHandler
                0x000000000800249c                USART2_IRQHandler
                0x000000000800249c                DFSDM1_FLT0_IRQHandler
                0x000000000800249c                I2C2_ER_IRQHandler
                0x000000000800249c                CAN1_SCE_IRQHandler
                0x000000000800249c                FLASH_IRQHandler
                0x000000000800249c                DMA2_Stream4_IRQHandler
                0x000000000800249c                USART1_IRQHandler
                0x000000000800249c                OTG_FS_IRQHandler
                0x000000000800249c                SPI3_IRQHandler
                0x000000000800249c                DMA1_Stream4_IRQHandler
                0x000000000800249c                I2C1_ER_IRQHandler
                0x000000000800249c                FMC_IRQHandler
                0x000000000800249c                LPTIM1_IRQHandler
                0x000000000800249c                I2C4_ER_IRQHandler
                0x000000000800249c                SAI1_IRQHandler
                0x000000000800249c                DMA1_Stream3_IRQHandler
 *fill*         0x000000000800249e        0x2 
 .text.wm8994_Init
                0x00000000080024a0      0xd78 ./Drivers/BSP/Components/wm8994/wm8994.o
                0x00000000080024a0                wm8994_Init
 .text.wm8994_DeInit
                0x0000000008003218        0xc ./Drivers/BSP/Components/wm8994/wm8994.o
                0x0000000008003218                wm8994_DeInit
 .text.wm8994_ReadID
                0x0000000008003224       0x24 ./Drivers/BSP/Components/wm8994/wm8994.o
                0x0000000008003224                wm8994_ReadID
 .text.wm8994_Play
                0x0000000008003248       0x30 ./Drivers/BSP/Components/wm8994/wm8994.o
                0x0000000008003248                wm8994_Play
 .text.wm8994_Pause
                0x0000000008003278       0x42 ./Drivers/BSP/Components/wm8994/wm8994.o
                0x0000000008003278                wm8994_Pause
 .text.wm8994_Resume
                0x00000000080032ba       0x2a ./Drivers/BSP/Components/wm8994/wm8994.o
                0x00000000080032ba                wm8994_Resume
 .text.wm8994_Stop
                0x00000000080032e4       0xdc ./Drivers/BSP/Components/wm8994/wm8994.o
                0x00000000080032e4                wm8994_Stop
 .text.wm8994_SetVolume
                0x00000000080033c0      0x248 ./Drivers/BSP/Components/wm8994/wm8994.o
                0x00000000080033c0                wm8994_SetVolume
 .text.wm8994_SetMute
                0x0000000008003608       0x9c ./Drivers/BSP/Components/wm8994/wm8994.o
                0x0000000008003608                wm8994_SetMute
 .text.wm8994_SetOutputMode
                0x00000000080036a4      0x246 ./Drivers/BSP/Components/wm8994/wm8994.o
                0x00000000080036a4                wm8994_SetOutputMode
 *fill*         0x00000000080038ea        0x2 
 .text.wm8994_SetFrequency
                0x00000000080038ec      0x1a8 ./Drivers/BSP/Components/wm8994/wm8994.o
                0x00000000080038ec                wm8994_SetFrequency
 .text.wm8994_Reset
                0x0000000008003a94       0x40 ./Drivers/BSP/Components/wm8994/wm8994.o
                0x0000000008003a94                wm8994_Reset
 .text.CODEC_IO_Write
                0x0000000008003ad4       0x2e ./Drivers/BSP/Components/wm8994/wm8994.o
 *fill*         0x0000000008003b02        0x2 
 .text.I2Cx_MspInit
                0x0000000008003b04       0xb4 ./Drivers/BSP/STM32F769I_EVAL/stm32f769i_eval.o
 .text.I2Cx_Init
                0x0000000008003bb8       0x5c ./Drivers/BSP/STM32F769I_EVAL/stm32f769i_eval.o
 .text.I2Cx_ReadMultiple
                0x0000000008003c14       0x58 ./Drivers/BSP/STM32F769I_EVAL/stm32f769i_eval.o
 .text.I2Cx_WriteMultiple
                0x0000000008003c6c       0x58 ./Drivers/BSP/STM32F769I_EVAL/stm32f769i_eval.o
 .text.I2Cx_Error
                0x0000000008003cc4       0x20 ./Drivers/BSP/STM32F769I_EVAL/stm32f769i_eval.o
 .text.AUDIO_IO_Init
                0x0000000008003ce4        0xc ./Drivers/BSP/STM32F769I_EVAL/stm32f769i_eval.o
                0x0000000008003ce4                AUDIO_IO_Init
 .text.AUDIO_IO_DeInit
                0x0000000008003cf0        0xe ./Drivers/BSP/STM32F769I_EVAL/stm32f769i_eval.o
                0x0000000008003cf0                AUDIO_IO_DeInit
 .text.AUDIO_IO_Write
                0x0000000008003cfe       0x4a ./Drivers/BSP/STM32F769I_EVAL/stm32f769i_eval.o
                0x0000000008003cfe                AUDIO_IO_Write
 .text.AUDIO_IO_Read
                0x0000000008003d48       0x50 ./Drivers/BSP/STM32F769I_EVAL/stm32f769i_eval.o
                0x0000000008003d48                AUDIO_IO_Read
 .text.AUDIO_IO_Delay
                0x0000000008003d98       0x16 ./Drivers/BSP/STM32F769I_EVAL/stm32f769i_eval.o
                0x0000000008003d98                AUDIO_IO_Delay
 .text.HAL_Init
                0x0000000008003dae       0x1a ./Drivers/STM32F7xx_HAL_Driver/Src/stm32f7xx_hal.o
                0x0000000008003dae                HAL_Init
 .text.HAL_InitTick
                0x0000000008003dc8       0x60 ./Drivers/STM32F7xx_HAL_Driver/Src/stm32f7xx_hal.o
                0x0000000008003dc8                HAL_InitTick
 .text.HAL_IncTick
                0x0000000008003e28       0x28 ./Drivers/STM32F7xx_HAL_Driver/Src/stm32f7xx_hal.o
                0x0000000008003e28                HAL_IncTick
 .text.HAL_GetTick
                0x0000000008003e50       0x18 ./Drivers/STM32F7xx_HAL_Driver/Src/stm32f7xx_hal.o
                0x0000000008003e50                HAL_GetTick
 .text.HAL_Delay
                0x0000000008003e68       0x48 ./Drivers/STM32F7xx_HAL_Driver/Src/stm32f7xx_hal.o
                0x0000000008003e68                HAL_Delay
 .text.HAL_ADC_Init
                0x0000000008003eb0       0x88 ./Drivers/STM32F7xx_HAL_Driver/Src/stm32f7xx_hal_adc.o
                0x0000000008003eb0                HAL_ADC_Init
 .text.HAL_ADC_ConfigChannel
                0x0000000008003f38      0x2ac ./Drivers/STM32F7xx_HAL_Driver/Src/stm32f7xx_hal_adc.o
                0x0000000008003f38                HAL_ADC_ConfigChannel
 .text.ADC_Init
                0x00000000080041e4      0x1f4 ./Drivers/STM32F7xx_HAL_Driver/Src/stm32f7xx_hal_adc.o
 .text.__NVIC_SetPriorityGrouping
                0x00000000080043d8       0x48 ./Drivers/STM32F7xx_HAL_Driver/Src/stm32f7xx_hal_cortex.o
 .text.__NVIC_GetPriorityGrouping
                0x0000000008004420       0x1c ./Drivers/STM32F7xx_HAL_Driver/Src/stm32f7xx_hal_cortex.o
 .text.__NVIC_EnableIRQ
                0x000000000800443c       0x3c ./Drivers/STM32F7xx_HAL_Driver/Src/stm32f7xx_hal_cortex.o
 .text.__NVIC_SetPriority
                0x0000000008004478       0x54 ./Drivers/STM32F7xx_HAL_Driver/Src/stm32f7xx_hal_cortex.o
 .text.NVIC_EncodePriority
                0x00000000080044cc       0x66 ./Drivers/STM32F7xx_HAL_Driver/Src/stm32f7xx_hal_cortex.o
 *fill*         0x0000000008004532        0x2 
 .text.SysTick_Config
                0x0000000008004534       0x44 ./Drivers/STM32F7xx_HAL_Driver/Src/stm32f7xx_hal_cortex.o
 .text.HAL_NVIC_SetPriorityGrouping
                0x0000000008004578       0x16 ./Drivers/STM32F7xx_HAL_Driver/Src/stm32f7xx_hal_cortex.o
                0x0000000008004578                HAL_NVIC_SetPriorityGrouping
 .text.HAL_NVIC_SetPriority
                0x000000000800458e       0x38 ./Drivers/STM32F7xx_HAL_Driver/Src/stm32f7xx_hal_cortex.o
                0x000000000800458e                HAL_NVIC_SetPriority
 .text.HAL_NVIC_EnableIRQ
                0x00000000080045c6       0x1c ./Drivers/STM32F7xx_HAL_Driver/Src/stm32f7xx_hal_cortex.o
                0x00000000080045c6                HAL_NVIC_EnableIRQ
 .text.HAL_SYSTICK_Config
                0x00000000080045e2       0x18 ./Drivers/STM32F7xx_HAL_Driver/Src/stm32f7xx_hal_cortex.o
                0x00000000080045e2                HAL_SYSTICK_Config
 *fill*         0x00000000080045fa        0x2 
 .text.HAL_DFSDM_ChannelInit
                0x00000000080045fc      0x180 ./Drivers/STM32F7xx_HAL_Driver/Src/stm32f7xx_hal_dfsdm.o
                0x00000000080045fc                HAL_DFSDM_ChannelInit
 .text.HAL_DFSDM_FilterInit
                0x000000000800477c      0x1b4 ./Drivers/STM32F7xx_HAL_Driver/Src/stm32f7xx_hal_dfsdm.o
                0x000000000800477c                HAL_DFSDM_FilterInit
 .text.HAL_DFSDM_FilterConfigRegChannel
                0x0000000008004930       0x8c ./Drivers/STM32F7xx_HAL_Driver/Src/stm32f7xx_hal_dfsdm.o
                0x0000000008004930                HAL_DFSDM_FilterConfigRegChannel
 .text.HAL_DFSDM_FilterConfigInjChannel
                0x00000000080049bc       0x5e ./Drivers/STM32F7xx_HAL_Driver/Src/stm32f7xx_hal_dfsdm.o
                0x00000000080049bc                HAL_DFSDM_FilterConfigInjChannel
 .text.DFSDM_GetInjChannelsNbr
                0x0000000008004a1a       0x3e ./Drivers/STM32F7xx_HAL_Driver/Src/stm32f7xx_hal_dfsdm.o
 .text.DFSDM_GetChannelFromInstance
                0x0000000008004a58       0x98 ./Drivers/STM32F7xx_HAL_Driver/Src/stm32f7xx_hal_dfsdm.o
 .text.HAL_DMA_Init
                0x0000000008004af0      0x15c ./Drivers/STM32F7xx_HAL_Driver/Src/stm32f7xx_hal_dma.o
                0x0000000008004af0                HAL_DMA_Init
 .text.HAL_DMA_Start_IT
                0x0000000008004c4c       0xc0 ./Drivers/STM32F7xx_HAL_Driver/Src/stm32f7xx_hal_dma.o
                0x0000000008004c4c                HAL_DMA_Start_IT
 .text.HAL_DMA_Abort_IT
                0x0000000008004d0c       0x44 ./Drivers/STM32F7xx_HAL_Driver/Src/stm32f7xx_hal_dma.o
                0x0000000008004d0c                HAL_DMA_Abort_IT
 .text.HAL_DMA_IRQHandler
                0x0000000008004d50      0x314 ./Drivers/STM32F7xx_HAL_Driver/Src/stm32f7xx_hal_dma.o
                0x0000000008004d50                HAL_DMA_IRQHandler
 .text.HAL_DMA_GetError
                0x0000000008005064       0x18 ./Drivers/STM32F7xx_HAL_Driver/Src/stm32f7xx_hal_dma.o
                0x0000000008005064                HAL_DMA_GetError
 .text.DMA_SetConfig
                0x000000000800507c       0x5c ./Drivers/STM32F7xx_HAL_Driver/Src/stm32f7xx_hal_dma.o
 .text.DMA_CalcBaseAndBitshift
                0x00000000080050d8       0x6c ./Drivers/STM32F7xx_HAL_Driver/Src/stm32f7xx_hal_dma.o
 .text.DMA_CheckFifoParam
                0x0000000008005144       0xf8 ./Drivers/STM32F7xx_HAL_Driver/Src/stm32f7xx_hal_dma.o
 .text.HAL_DSI_Init
                0x000000000800523c      0x238 ./Drivers/STM32F7xx_HAL_Driver/Src/stm32f7xx_hal_dsi.o
                0x000000000800523c                HAL_DSI_Init
 .text.HAL_DSI_ConfigErrorMonitor
                0x0000000008005474      0x178 ./Drivers/STM32F7xx_HAL_Driver/Src/stm32f7xx_hal_dsi.o
                0x0000000008005474                HAL_DSI_ConfigErrorMonitor
 .text.HAL_DSI_ConfigCommand
                0x00000000080055ec       0xbc ./Drivers/STM32F7xx_HAL_Driver/Src/stm32f7xx_hal_dsi.o
                0x00000000080055ec                HAL_DSI_ConfigCommand
 .text.HAL_DSI_ConfigFlowControl
                0x00000000080056a8       0x50 ./Drivers/STM32F7xx_HAL_Driver/Src/stm32f7xx_hal_dsi.o
                0x00000000080056a8                HAL_DSI_ConfigFlowControl
 .text.HAL_DSI_ConfigPhyTimer
                0x00000000080056f8       0xd4 ./Drivers/STM32F7xx_HAL_Driver/Src/stm32f7xx_hal_dsi.o
                0x00000000080056f8                HAL_DSI_ConfigPhyTimer
 .text.HAL_DSI_ConfigHostTimeouts
                0x00000000080057cc      0x190 ./Drivers/STM32F7xx_HAL_Driver/Src/stm32f7xx_hal_dsi.o
                0x00000000080057cc                HAL_DSI_ConfigHostTimeouts
 .text.HAL_DSI_SetLowPowerRXFilter
                0x000000000800595c       0x5a ./Drivers/STM32F7xx_HAL_Driver/Src/stm32f7xx_hal_dsi.o
                0x000000000800595c                HAL_DSI_SetLowPowerRXFilter
 *fill*         0x00000000080059b6        0x2 
 .text.HAL_GPIO_Init
                0x00000000080059b8      0x358 ./Drivers/STM32F7xx_HAL_Driver/Src/stm32f7xx_hal_gpio.o
                0x00000000080059b8                HAL_GPIO_Init
 .text.HAL_GPIO_ReadPin
                0x0000000008005d10       0x30 ./Drivers/STM32F7xx_HAL_Driver/Src/stm32f7xx_hal_gpio.o
                0x0000000008005d10                HAL_GPIO_ReadPin
 .text.HAL_GPIO_WritePin
                0x0000000008005d40       0x32 ./Drivers/STM32F7xx_HAL_Driver/Src/stm32f7xx_hal_gpio.o
                0x0000000008005d40                HAL_GPIO_WritePin
 .text.HAL_GPIO_TogglePin
                0x0000000008005d72       0x34 ./Drivers/STM32F7xx_HAL_Driver/Src/stm32f7xx_hal_gpio.o
                0x0000000008005d72                HAL_GPIO_TogglePin
 *fill*         0x0000000008005da6        0x2 
 .text.HAL_I2C_Init
                0x0000000008005da8      0x120 ./Drivers/STM32F7xx_HAL_Driver/Src/stm32f7xx_hal_i2c.o
                0x0000000008005da8                HAL_I2C_Init
 .text.HAL_I2C_DeInit
                0x0000000008005ec8       0x5e ./Drivers/STM32F7xx_HAL_Driver/Src/stm32f7xx_hal_i2c.o
                0x0000000008005ec8                HAL_I2C_DeInit
 .text.HAL_I2C_MspInit
                0x0000000008005f26       0x14 ./Drivers/STM32F7xx_HAL_Driver/Src/stm32f7xx_hal_i2c.o
                0x0000000008005f26                HAL_I2C_MspInit
 .text.HAL_I2C_MspDeInit
                0x0000000008005f3a       0x14 ./Drivers/STM32F7xx_HAL_Driver/Src/stm32f7xx_hal_i2c.o
                0x0000000008005f3a                HAL_I2C_MspDeInit
 *fill*         0x0000000008005f4e        0x2 
 .text.HAL_I2C_Mem_Write
                0x0000000008005f50      0x228 ./Drivers/STM32F7xx_HAL_Driver/Src/stm32f7xx_hal_i2c.o
                0x0000000008005f50                HAL_I2C_Mem_Write
 .text.HAL_I2C_Mem_Read
                0x0000000008006178      0x234 ./Drivers/STM32F7xx_HAL_Driver/Src/stm32f7xx_hal_i2c.o
                0x0000000008006178                HAL_I2C_Mem_Read
 .text.HAL_I2C_GetState
                0x00000000080063ac       0x1c ./Drivers/STM32F7xx_HAL_Driver/Src/stm32f7xx_hal_i2c.o
                0x00000000080063ac                HAL_I2C_GetState
 .text.I2C_RequestMemoryWrite
                0x00000000080063c8       0xa8 ./Drivers/STM32F7xx_HAL_Driver/Src/stm32f7xx_hal_i2c.o
 .text.I2C_RequestMemoryRead
                0x0000000008006470       0xa8 ./Drivers/STM32F7xx_HAL_Driver/Src/stm32f7xx_hal_i2c.o
 .text.I2C_Flush_TXDR
                0x0000000008006518       0x48 ./Drivers/STM32F7xx_HAL_Driver/Src/stm32f7xx_hal_i2c.o
 .text.I2C_WaitOnFlagUntilTimeout
                0x0000000008006560       0x80 ./Drivers/STM32F7xx_HAL_Driver/Src/stm32f7xx_hal_i2c.o
 .text.I2C_WaitOnTXISFlagUntilTimeout
                0x00000000080065e0       0x80 ./Drivers/STM32F7xx_HAL_Driver/Src/stm32f7xx_hal_i2c.o
 .text.I2C_WaitOnSTOPFlagUntilTimeout
                0x0000000008006660       0x78 ./Drivers/STM32F7xx_HAL_Driver/Src/stm32f7xx_hal_i2c.o
 .text.I2C_IsErrorOccurred
                0x00000000080066d8      0x1c0 ./Drivers/STM32F7xx_HAL_Driver/Src/stm32f7xx_hal_i2c.o
 .text.I2C_TransferConfig
                0x0000000008006898       0x64 ./Drivers/STM32F7xx_HAL_Driver/Src/stm32f7xx_hal_i2c.o
 .text.HAL_PCD_Init
                0x00000000080068fc      0x248 ./Drivers/STM32F7xx_HAL_Driver/Src/stm32f7xx_hal_pcd.o
                0x00000000080068fc                HAL_PCD_Init
 .text.HAL_PCDEx_ActivateLPM
                0x0000000008006b44       0x48 ./Drivers/STM32F7xx_HAL_Driver/Src/stm32f7xx_hal_pcd_ex.o
                0x0000000008006b44                HAL_PCDEx_ActivateLPM
 .text.HAL_PWR_EnableBkUpAccess
                0x0000000008006b8c       0x20 ./Drivers/STM32F7xx_HAL_Driver/Src/stm32f7xx_hal_pwr.o
                0x0000000008006b8c                HAL_PWR_EnableBkUpAccess
 .text.HAL_RCC_OscConfig
                0x0000000008006bac      0x55c ./Drivers/STM32F7xx_HAL_Driver/Src/stm32f7xx_hal_rcc.o
                0x0000000008006bac                HAL_RCC_OscConfig
 .text.HAL_RCC_ClockConfig
                0x0000000008007108      0x1d8 ./Drivers/STM32F7xx_HAL_Driver/Src/stm32f7xx_hal_rcc.o
                0x0000000008007108                HAL_RCC_ClockConfig
 .text.HAL_RCC_GetSysClockFreq
                0x00000000080072e0      0x18c ./Drivers/STM32F7xx_HAL_Driver/Src/stm32f7xx_hal_rcc.o
                0x00000000080072e0                HAL_RCC_GetSysClockFreq
 .text.HAL_RCC_GetHCLKFreq
                0x000000000800746c       0x18 ./Drivers/STM32F7xx_HAL_Driver/Src/stm32f7xx_hal_rcc.o
                0x000000000800746c                HAL_RCC_GetHCLKFreq
 .text.HAL_RCC_GetPCLK1Freq
                0x0000000008007484       0x28 ./Drivers/STM32F7xx_HAL_Driver/Src/stm32f7xx_hal_rcc.o
                0x0000000008007484                HAL_RCC_GetPCLK1Freq
 .text.HAL_RCC_GetPCLK2Freq
                0x00000000080074ac       0x28 ./Drivers/STM32F7xx_HAL_Driver/Src/stm32f7xx_hal_rcc.o
                0x00000000080074ac                HAL_RCC_GetPCLK2Freq
 .text.HAL_RCCEx_PeriphCLKConfig
                0x00000000080074d4      0x850 ./Drivers/STM32F7xx_HAL_Driver/Src/stm32f7xx_hal_rcc_ex.o
                0x00000000080074d4                HAL_RCCEx_PeriphCLKConfig
 .text.HAL_RCCEx_GetPeriphCLKFreq
                0x0000000008007d24      0x2e4 ./Drivers/STM32F7xx_HAL_Driver/Src/stm32f7xx_hal_rcc_ex.o
                0x0000000008007d24                HAL_RCCEx_GetPeriphCLKFreq
 .text.HAL_RTC_Init
                0x0000000008008008      0x108 ./Drivers/STM32F7xx_HAL_Driver/Src/stm32f7xx_hal_rtc.o
                0x0000000008008008                HAL_RTC_Init
 .text.HAL_RTC_WaitForSynchro
                0x0000000008008110       0x50 ./Drivers/STM32F7xx_HAL_Driver/Src/stm32f7xx_hal_rtc.o
                0x0000000008008110                HAL_RTC_WaitForSynchro
 .text.RTC_EnterInitMode
                0x0000000008008160       0x6e ./Drivers/STM32F7xx_HAL_Driver/Src/stm32f7xx_hal_rtc.o
                0x0000000008008160                RTC_EnterInitMode
 .text.RTC_ExitInitMode
                0x00000000080081ce       0x4a ./Drivers/STM32F7xx_HAL_Driver/Src/stm32f7xx_hal_rtc.o
                0x00000000080081ce                RTC_ExitInitMode
 .text.HAL_SAI_Init
                0x0000000008008218      0x2fc ./Drivers/STM32F7xx_HAL_Driver/Src/stm32f7xx_hal_sai.o
                0x0000000008008218                HAL_SAI_Init
 .text.HAL_SAI_Transmit_DMA
                0x0000000008008514      0x160 ./Drivers/STM32F7xx_HAL_Driver/Src/stm32f7xx_hal_sai.o
                0x0000000008008514                HAL_SAI_Transmit_DMA
 .text.HAL_SAI_TxCpltCallback
                0x0000000008008674       0x14 ./Drivers/STM32F7xx_HAL_Driver/Src/stm32f7xx_hal_sai.o
                0x0000000008008674                HAL_SAI_TxCpltCallback
 .text.HAL_SAI_TxHalfCpltCallback
                0x0000000008008688       0x14 ./Drivers/STM32F7xx_HAL_Driver/Src/stm32f7xx_hal_sai.o
                0x0000000008008688                HAL_SAI_TxHalfCpltCallback
 .text.HAL_SAI_ErrorCallback
                0x000000000800869c       0x14 ./Drivers/STM32F7xx_HAL_Driver/Src/stm32f7xx_hal_sai.o
                0x000000000800869c                HAL_SAI_ErrorCallback
 .text.SAI_InterruptFlag
                0x00000000080086b0       0x6c ./Drivers/STM32F7xx_HAL_Driver/Src/stm32f7xx_hal_sai.o
 .text.SAI_Disable
                0x000000000800871c       0x70 ./Drivers/STM32F7xx_HAL_Driver/Src/stm32f7xx_hal_sai.o
 .text.SAI_DMATxCplt
                0x000000000800878c       0x60 ./Drivers/STM32F7xx_HAL_Driver/Src/stm32f7xx_hal_sai.o
 .text.SAI_DMATxHalfCplt
                0x00000000080087ec       0x1c ./Drivers/STM32F7xx_HAL_Driver/Src/stm32f7xx_hal_sai.o
 .text.SAI_DMAError
                0x0000000008008808       0x66 ./Drivers/STM32F7xx_HAL_Driver/Src/stm32f7xx_hal_sai.o
 .text.HAL_SD_Init
                0x000000000800886e       0x60 ./Drivers/STM32F7xx_HAL_Driver/Src/stm32f7xx_hal_sd.o
                0x000000000800886e                HAL_SD_Init
 *fill*         0x00000000080088ce        0x2 
 .text.HAL_SD_InitCard
                0x00000000080088d0      0x110 ./Drivers/STM32F7xx_HAL_Driver/Src/stm32f7xx_hal_sd.o
                0x00000000080088d0                HAL_SD_InitCard
 .text.HAL_SD_ReadBlocks_DMA
                0x00000000080089e0      0x1c4 ./Drivers/STM32F7xx_HAL_Driver/Src/stm32f7xx_hal_sd.o
                0x00000000080089e0                HAL_SD_ReadBlocks_DMA
 .text.HAL_SD_WriteBlocks_DMA
                0x0000000008008ba4      0x1cc ./Drivers/STM32F7xx_HAL_Driver/Src/stm32f7xx_hal_sd.o
                0x0000000008008ba4                HAL_SD_WriteBlocks_DMA
 .text.HAL_SD_IRQHandler
                0x0000000008008d70      0x2ec ./Drivers/STM32F7xx_HAL_Driver/Src/stm32f7xx_hal_sd.o
                0x0000000008008d70                HAL_SD_IRQHandler
 .text.HAL_SD_ErrorCallback
                0x000000000800905c       0x14 ./Drivers/STM32F7xx_HAL_Driver/Src/stm32f7xx_hal_sd.o
                0x000000000800905c                HAL_SD_ErrorCallback
 .text.HAL_SD_GetCardCSD
                0x0000000008009070      0x348 ./Drivers/STM32F7xx_HAL_Driver/Src/stm32f7xx_hal_sd.o
                0x0000000008009070                HAL_SD_GetCardCSD
 .text.HAL_SD_GetCardInfo
                0x00000000080093b8       0x58 ./Drivers/STM32F7xx_HAL_Driver/Src/stm32f7xx_hal_sd.o
                0x00000000080093b8                HAL_SD_GetCardInfo
 .text.HAL_SD_ConfigWideBusOperation
                0x0000000008009410      0x134 ./Drivers/STM32F7xx_HAL_Driver/Src/stm32f7xx_hal_sd.o
                0x0000000008009410                HAL_SD_ConfigWideBusOperation
 .text.HAL_SD_GetCardState
                0x0000000008009544       0x40 ./Drivers/STM32F7xx_HAL_Driver/Src/stm32f7xx_hal_sd.o
                0x0000000008009544                HAL_SD_GetCardState
 .text.SD_DMATransmitCplt
                0x0000000008009584       0x2a ./Drivers/STM32F7xx_HAL_Driver/Src/stm32f7xx_hal_sd.o
 .text.SD_DMAReceiveCplt
                0x00000000080095ae       0x70 ./Drivers/STM32F7xx_HAL_Driver/Src/stm32f7xx_hal_sd.o
 *fill*         0x000000000800961e        0x2 
 .text.SD_DMAError
                0x0000000008009620       0xa4 ./Drivers/STM32F7xx_HAL_Driver/Src/stm32f7xx_hal_sd.o
 .text.SD_DMATxAbort
                0x00000000080096c4       0x6e ./Drivers/STM32F7xx_HAL_Driver/Src/stm32f7xx_hal_sd.o
 .text.SD_DMARxAbort
                0x0000000008009732       0x6e ./Drivers/STM32F7xx_HAL_Driver/Src/stm32f7xx_hal_sd.o
 .text.SD_InitCard
                0x00000000080097a0      0x19c ./Drivers/STM32F7xx_HAL_Driver/Src/stm32f7xx_hal_sd.o
 .text.SD_PowerON
                0x000000000800993c      0x11c ./Drivers/STM32F7xx_HAL_Driver/Src/stm32f7xx_hal_sd.o
 .text.SD_SendStatus
                0x0000000008009a58       0x50 ./Drivers/STM32F7xx_HAL_Driver/Src/stm32f7xx_hal_sd.o
 .text.SD_WideBus_Enable
                0x0000000008009aa8       0x96 ./Drivers/STM32F7xx_HAL_Driver/Src/stm32f7xx_hal_sd.o
 .text.SD_WideBus_Disable
                0x0000000008009b3e       0x96 ./Drivers/STM32F7xx_HAL_Driver/Src/stm32f7xx_hal_sd.o
 .text.SD_FindSCR
                0x0000000008009bd4      0x1a6 ./Drivers/STM32F7xx_HAL_Driver/Src/stm32f7xx_hal_sd.o
 .text.SD_Read_IT
                0x0000000008009d7a       0xa2 ./Drivers/STM32F7xx_HAL_Driver/Src/stm32f7xx_hal_sd.o
 .text.SD_Write_IT
                0x0000000008009e1c       0xaa ./Drivers/STM32F7xx_HAL_Driver/Src/stm32f7xx_hal_sd.o
 .text.HAL_SDRAM_Init
                0x0000000008009ec6       0x68 ./Drivers/STM32F7xx_HAL_Driver/Src/stm32f7xx_hal_sdram.o
                0x0000000008009ec6                HAL_SDRAM_Init
 *fill*         0x0000000008009f2e        0x2 
 .text.HAL_SPDIFRX_Init
                0x0000000008009f30       0xb8 ./Drivers/STM32F7xx_HAL_Driver/Src/stm32f7xx_hal_spdifrx.o
                0x0000000008009f30                HAL_SPDIFRX_Init
 .text.HAL_UART_Init
                0x0000000008009fe8       0x9c ./Drivers/STM32F7xx_HAL_Driver/Src/stm32f7xx_hal_uart.o
                0x0000000008009fe8                HAL_UART_Init
 .text.UART_SetConfig
                0x000000000800a084      0x4c8 ./Drivers/STM32F7xx_HAL_Driver/Src/stm32f7xx_hal_uart.o
                0x000000000800a084                UART_SetConfig
 .text.UART_AdvFeatureConfig
                0x000000000800a54c      0x144 ./Drivers/STM32F7xx_HAL_Driver/Src/stm32f7xx_hal_uart.o
                0x000000000800a54c                UART_AdvFeatureConfig
 .text.UART_CheckIdleState
                0x000000000800a690       0x9a ./Drivers/STM32F7xx_HAL_Driver/Src/stm32f7xx_hal_uart.o
                0x000000000800a690                UART_CheckIdleState
 .text.UART_WaitOnFlagUntilTimeout
                0x000000000800a72a      0x18c ./Drivers/STM32F7xx_HAL_Driver/Src/stm32f7xx_hal_uart.o
                0x000000000800a72a                UART_WaitOnFlagUntilTimeout
 *fill*         0x000000000800a8b6        0x2 
 .text.FMC_SDRAM_Init
                0x000000000800a8b8       0xb8 ./Drivers/STM32F7xx_HAL_Driver/Src/stm32f7xx_ll_fmc.o
                0x000000000800a8b8                FMC_SDRAM_Init
 .text.FMC_SDRAM_Timing_Init
                0x000000000800a970       0xd4 ./Drivers/STM32F7xx_HAL_Driver/Src/stm32f7xx_ll_fmc.o
                0x000000000800a970                FMC_SDRAM_Timing_Init
 .text.SDMMC_Init
                0x000000000800aa44       0x58 ./Drivers/STM32F7xx_HAL_Driver/Src/stm32f7xx_ll_sdmmc.o
                0x000000000800aa44                SDMMC_Init
 .text.SDMMC_ReadFIFO
                0x000000000800aa9c       0x1a ./Drivers/STM32F7xx_HAL_Driver/Src/stm32f7xx_ll_sdmmc.o
                0x000000000800aa9c                SDMMC_ReadFIFO
 .text.SDMMC_WriteFIFO
                0x000000000800aab6       0x22 ./Drivers/STM32F7xx_HAL_Driver/Src/stm32f7xx_ll_sdmmc.o
                0x000000000800aab6                SDMMC_WriteFIFO
 .text.SDMMC_PowerState_ON
                0x000000000800aad8       0x1c ./Drivers/STM32F7xx_HAL_Driver/Src/stm32f7xx_ll_sdmmc.o
                0x000000000800aad8                SDMMC_PowerState_ON
 .text.SDMMC_GetPowerState
                0x000000000800aaf4       0x1c ./Drivers/STM32F7xx_HAL_Driver/Src/stm32f7xx_ll_sdmmc.o
                0x000000000800aaf4                SDMMC_GetPowerState
 .text.SDMMC_SendCommand
                0x000000000800ab10       0x54 ./Drivers/STM32F7xx_HAL_Driver/Src/stm32f7xx_ll_sdmmc.o
                0x000000000800ab10                SDMMC_SendCommand
 .text.SDMMC_GetCommandResponse
                0x000000000800ab64       0x1a ./Drivers/STM32F7xx_HAL_Driver/Src/stm32f7xx_ll_sdmmc.o
                0x000000000800ab64                SDMMC_GetCommandResponse
 .text.SDMMC_GetResponse
                0x000000000800ab7e       0x26 ./Drivers/STM32F7xx_HAL_Driver/Src/stm32f7xx_ll_sdmmc.o
                0x000000000800ab7e                SDMMC_GetResponse
 .text.SDMMC_ConfigData
                0x000000000800aba4       0x58 ./Drivers/STM32F7xx_HAL_Driver/Src/stm32f7xx_ll_sdmmc.o
                0x000000000800aba4                SDMMC_ConfigData
 .text.SDMMC_CmdBlockLength
                0x000000000800abfc       0x44 ./Drivers/STM32F7xx_HAL_Driver/Src/stm32f7xx_ll_sdmmc.o
                0x000000000800abfc                SDMMC_CmdBlockLength
 .text.SDMMC_CmdReadSingleBlock
                0x000000000800ac40       0x44 ./Drivers/STM32F7xx_HAL_Driver/Src/stm32f7xx_ll_sdmmc.o
                0x000000000800ac40                SDMMC_CmdReadSingleBlock
 .text.SDMMC_CmdReadMultiBlock
                0x000000000800ac84       0x44 ./Drivers/STM32F7xx_HAL_Driver/Src/stm32f7xx_ll_sdmmc.o
                0x000000000800ac84                SDMMC_CmdReadMultiBlock
 .text.SDMMC_CmdWriteSingleBlock
                0x000000000800acc8       0x44 ./Drivers/STM32F7xx_HAL_Driver/Src/stm32f7xx_ll_sdmmc.o
                0x000000000800acc8                SDMMC_CmdWriteSingleBlock
 .text.SDMMC_CmdWriteMultiBlock
                0x000000000800ad0c       0x44 ./Drivers/STM32F7xx_HAL_Driver/Src/stm32f7xx_ll_sdmmc.o
                0x000000000800ad0c                SDMMC_CmdWriteMultiBlock
 .text.SDMMC_CmdStopTransfer
                0x000000000800ad50       0x44 ./Drivers/STM32F7xx_HAL_Driver/Src/stm32f7xx_ll_sdmmc.o
                0x000000000800ad50                SDMMC_CmdStopTransfer
 .text.SDMMC_CmdSelDesel
                0x000000000800ad94       0x46 ./Drivers/STM32F7xx_HAL_Driver/Src/stm32f7xx_ll_sdmmc.o
                0x000000000800ad94                SDMMC_CmdSelDesel
 .text.SDMMC_CmdGoIdleState
                0x000000000800adda       0x3c ./Drivers/STM32F7xx_HAL_Driver/Src/stm32f7xx_ll_sdmmc.o
                0x000000000800adda                SDMMC_CmdGoIdleState
 .text.SDMMC_CmdOperCond
                0x000000000800ae16       0x3e ./Drivers/STM32F7xx_HAL_Driver/Src/stm32f7xx_ll_sdmmc.o
                0x000000000800ae16                SDMMC_CmdOperCond
 .text.SDMMC_CmdAppCommand
                0x000000000800ae54       0x44 ./Drivers/STM32F7xx_HAL_Driver/Src/stm32f7xx_ll_sdmmc.o
                0x000000000800ae54                SDMMC_CmdAppCommand
 .text.SDMMC_CmdAppOperCommand
                0x000000000800ae98       0x48 ./Drivers/STM32F7xx_HAL_Driver/Src/stm32f7xx_ll_sdmmc.o
                0x000000000800ae98                SDMMC_CmdAppOperCommand
 .text.SDMMC_CmdBusWidth
                0x000000000800aee0       0x44 ./Drivers/STM32F7xx_HAL_Driver/Src/stm32f7xx_ll_sdmmc.o
                0x000000000800aee0                SDMMC_CmdBusWidth
 .text.SDMMC_CmdSendSCR
                0x000000000800af24       0x42 ./Drivers/STM32F7xx_HAL_Driver/Src/stm32f7xx_ll_sdmmc.o
                0x000000000800af24                SDMMC_CmdSendSCR
 .text.SDMMC_CmdSendCID
                0x000000000800af66       0x3c ./Drivers/STM32F7xx_HAL_Driver/Src/stm32f7xx_ll_sdmmc.o
                0x000000000800af66                SDMMC_CmdSendCID
 .text.SDMMC_CmdSendCSD
                0x000000000800afa2       0x3e ./Drivers/STM32F7xx_HAL_Driver/Src/stm32f7xx_ll_sdmmc.o
                0x000000000800afa2                SDMMC_CmdSendCSD
 .text.SDMMC_CmdSetRelAdd
                0x000000000800afe0       0x42 ./Drivers/STM32F7xx_HAL_Driver/Src/stm32f7xx_ll_sdmmc.o
                0x000000000800afe0                SDMMC_CmdSetRelAdd
 .text.SDMMC_CmdSendStatus
                0x000000000800b022       0x44 ./Drivers/STM32F7xx_HAL_Driver/Src/stm32f7xx_ll_sdmmc.o
                0x000000000800b022                SDMMC_CmdSendStatus
 *fill*         0x000000000800b066        0x2 
 .text.SDMMC_GetCmdResp1
                0x000000000800b068      0x1dc ./Drivers/STM32F7xx_HAL_Driver/Src/stm32f7xx_ll_sdmmc.o
                0x000000000800b068                SDMMC_GetCmdResp1
 .text.SDMMC_GetCmdResp2
                0x000000000800b244       0x90 ./Drivers/STM32F7xx_HAL_Driver/Src/stm32f7xx_ll_sdmmc.o
                0x000000000800b244                SDMMC_GetCmdResp2
 .text.SDMMC_GetCmdResp3
                0x000000000800b2d4       0x7c ./Drivers/STM32F7xx_HAL_Driver/Src/stm32f7xx_ll_sdmmc.o
                0x000000000800b2d4                SDMMC_GetCmdResp3
 .text.SDMMC_GetCmdResp6
                0x000000000800b350       0xec ./Drivers/STM32F7xx_HAL_Driver/Src/stm32f7xx_ll_sdmmc.o
                0x000000000800b350                SDMMC_GetCmdResp6
 .text.SDMMC_GetCmdResp7
                0x000000000800b43c       0x9c ./Drivers/STM32F7xx_HAL_Driver/Src/stm32f7xx_ll_sdmmc.o
                0x000000000800b43c                SDMMC_GetCmdResp7
 .text.SDMMC_GetCmdError
                0x000000000800b4d8       0x58 ./Drivers/STM32F7xx_HAL_Driver/Src/stm32f7xx_ll_sdmmc.o
 .text.USB_CoreInit
                0x000000000800b530       0xb0 ./Drivers/STM32F7xx_HAL_Driver/Src/stm32f7xx_ll_usb.o
                0x000000000800b530                USB_CoreInit
 .text.USB_DisableGlobalInt
                0x000000000800b5e0       0x22 ./Drivers/STM32F7xx_HAL_Driver/Src/stm32f7xx_ll_usb.o
                0x000000000800b5e0                USB_DisableGlobalInt
 .text.USB_SetCurrentMode
                0x000000000800b602       0x98 ./Drivers/STM32F7xx_HAL_Driver/Src/stm32f7xx_ll_usb.o
                0x000000000800b602                USB_SetCurrentMode
 *fill*         0x000000000800b69a        0x2 
 .text.USB_DevInit
                0x000000000800b69c      0x2bc ./Drivers/STM32F7xx_HAL_Driver/Src/stm32f7xx_ll_usb.o
                0x000000000800b69c                USB_DevInit
 .text.USB_FlushTxFifo
                0x000000000800b958       0x68 ./Drivers/STM32F7xx_HAL_Driver/Src/stm32f7xx_ll_usb.o
                0x000000000800b958                USB_FlushTxFifo
 .text.USB_FlushRxFifo
                0x000000000800b9c0       0x60 ./Drivers/STM32F7xx_HAL_Driver/Src/stm32f7xx_ll_usb.o
                0x000000000800b9c0                USB_FlushRxFifo
 .text.USB_SetDevSpeed
                0x000000000800ba20       0x32 ./Drivers/STM32F7xx_HAL_Driver/Src/stm32f7xx_ll_usb.o
                0x000000000800ba20                USB_SetDevSpeed
 .text.USB_DevDisconnect
                0x000000000800ba52       0x42 ./Drivers/STM32F7xx_HAL_Driver/Src/stm32f7xx_ll_usb.o
                0x000000000800ba52                USB_DevDisconnect
 .text.USB_GetMode
                0x000000000800ba94       0x1c ./Drivers/STM32F7xx_HAL_Driver/Src/stm32f7xx_ll_usb.o
                0x000000000800ba94                USB_GetMode
 .text.USB_CoreReset
                0x000000000800bab0       0x68 ./Drivers/STM32F7xx_HAL_Driver/Src/stm32f7xx_ll_usb.o
 .text.MX_FATFS_Init
                0x000000000800bb18       0x24 ./FATFS/App/fatfs.o
                0x000000000800bb18                MX_FATFS_Init
 .text.get_fattime
                0x000000000800bb3c       0x10 ./FATFS/App/fatfs.o
                0x000000000800bb3c                get_fattime
 .text.BSP_SD_Init
                0x000000000800bb4c       0x4c ./FATFS/Target/bsp_driver_sd.o
                0x000000000800bb4c                BSP_SD_Init
 .text.BSP_SD_ReadBlocks_DMA
                0x000000000800bb98       0x34 ./FATFS/Target/bsp_driver_sd.o
                0x000000000800bb98                BSP_SD_ReadBlocks_DMA
 .text.BSP_SD_WriteBlocks_DMA
                0x000000000800bbcc       0x34 ./FATFS/Target/bsp_driver_sd.o
                0x000000000800bbcc                BSP_SD_WriteBlocks_DMA
 .text.BSP_SD_GetCardState
                0x000000000800bc00       0x20 ./FATFS/Target/bsp_driver_sd.o
                0x000000000800bc00                BSP_SD_GetCardState
 .text.BSP_SD_GetCardInfo
                0x000000000800bc20       0x1c ./FATFS/Target/bsp_driver_sd.o
                0x000000000800bc20                BSP_SD_GetCardInfo
 .text.HAL_SD_AbortCallback
                0x000000000800bc3c       0x14 ./FATFS/Target/bsp_driver_sd.o
                0x000000000800bc3c                HAL_SD_AbortCallback
 .text.HAL_SD_TxCpltCallback
                0x000000000800bc50       0x14 ./FATFS/Target/bsp_driver_sd.o
                0x000000000800bc50                HAL_SD_TxCpltCallback
 .text.HAL_SD_RxCpltCallback
                0x000000000800bc64       0x14 ./FATFS/Target/bsp_driver_sd.o
                0x000000000800bc64                HAL_SD_RxCpltCallback
 .text.BSP_SD_AbortCallback
                0x000000000800bc78        0xe ./FATFS/Target/bsp_driver_sd.o
                0x000000000800bc78                BSP_SD_AbortCallback
 .text.BSP_SD_IsDetected
                0x000000000800bc86       0x24 ./FATFS/Target/bsp_driver_sd.o
                0x000000000800bc86                BSP_SD_IsDetected
 *fill*         0x000000000800bcaa        0x2 
 .text.BSP_PlatformIsDetected
                0x000000000800bcac       0x2c ./FATFS/Target/fatfs_platform.o
                0x000000000800bcac                BSP_PlatformIsDetected
 .text.SD_CheckStatusWithTimeout
                0x000000000800bcd8       0x3a ./FATFS/Target/sd_diskio.o
 *fill*         0x000000000800bd12        0x2 
 .text.SD_CheckStatus
                0x000000000800bd14       0x3c ./FATFS/Target/sd_diskio.o
 .text.SD_initialize
                0x000000000800bd50       0x38 ./FATFS/Target/sd_diskio.o
                0x000000000800bd50                SD_initialize
 .text.SD_status
                0x000000000800bd88       0x1c ./FATFS/Target/sd_diskio.o
                0x000000000800bd88                SD_status
 .text.SD_read  0x000000000800bda4       0xac ./FATFS/Target/sd_diskio.o
                0x000000000800bda4                SD_read
 .text.SD_write
                0x000000000800be50       0xac ./FATFS/Target/sd_diskio.o
                0x000000000800be50                SD_write
 .text.SD_ioctl
                0x000000000800befc       0xb0 ./FATFS/Target/sd_diskio.o
                0x000000000800befc                SD_ioctl
 .text.BSP_SD_WriteCpltCallback
                0x000000000800bfac       0x18 ./FATFS/Target/sd_diskio.o
                0x000000000800bfac                BSP_SD_WriteCpltCallback
 .text.BSP_SD_ReadCpltCallback
                0x000000000800bfc4       0x18 ./FATFS/Target/sd_diskio.o
                0x000000000800bfc4                BSP_SD_ReadCpltCallback
 .text.disk_status
                0x000000000800bfdc       0x34 ./Middlewares/Third_Party/FatFs/src/diskio.o
                0x000000000800bfdc                disk_status
 .text.disk_initialize
                0x000000000800c010       0x4c ./Middlewares/Third_Party/FatFs/src/diskio.o
                0x000000000800c010                disk_initialize
 .text.disk_read
                0x000000000800c05c       0x40 ./Middlewares/Third_Party/FatFs/src/diskio.o
                0x000000000800c05c                disk_read
 .text.disk_write
                0x000000000800c09c       0x40 ./Middlewares/Third_Party/FatFs/src/diskio.o
                0x000000000800c09c                disk_write
 .text.disk_ioctl
                0x000000000800c0dc       0x3c ./Middlewares/Third_Party/FatFs/src/diskio.o
                0x000000000800c0dc                disk_ioctl
 .text.ld_word  0x000000000800c118       0x30 ./Middlewares/Third_Party/FatFs/src/ff.o
 .text.ld_dword
                0x000000000800c148       0x46 ./Middlewares/Third_Party/FatFs/src/ff.o
 .text.st_word  0x000000000800c18e       0x36 ./Middlewares/Third_Party/FatFs/src/ff.o
 .text.st_dword
                0x000000000800c1c4       0x58 ./Middlewares/Third_Party/FatFs/src/ff.o
 .text.mem_cpy  0x000000000800c21c       0x42 ./Middlewares/Third_Party/FatFs/src/ff.o
 .text.mem_set  0x000000000800c25e       0x36 ./Middlewares/Third_Party/FatFs/src/ff.o
 .text.mem_cmp  0x000000000800c294       0x4e ./Middlewares/Third_Party/FatFs/src/ff.o
 .text.chk_chr  0x000000000800c2e2       0x36 ./Middlewares/Third_Party/FatFs/src/ff.o
 .text.chk_lock
                0x000000000800c318       0xb8 ./Middlewares/Third_Party/FatFs/src/ff.o
 .text.enq_lock
                0x000000000800c3d0       0x44 ./Middlewares/Third_Party/FatFs/src/ff.o
 .text.inc_lock
                0x000000000800c414      0x11c ./Middlewares/Third_Party/FatFs/src/ff.o
 .text.dec_lock
                0x000000000800c530       0x78 ./Middlewares/Third_Party/FatFs/src/ff.o
 .text.clear_lock
                0x000000000800c5a8       0x48 ./Middlewares/Third_Party/FatFs/src/ff.o
 .text.sync_window
                0x000000000800c5f0       0x88 ./Middlewares/Third_Party/FatFs/src/ff.o
 .text.move_window
                0x000000000800c678       0x5a ./Middlewares/Third_Party/FatFs/src/ff.o
 *fill*         0x000000000800c6d2        0x2 
 .text.sync_fs  0x000000000800c6d4       0xdc ./Middlewares/Third_Party/FatFs/src/ff.o
 .text.clust2sect
                0x000000000800c7b0       0x3e ./Middlewares/Third_Party/FatFs/src/ff.o
 .text.get_fat  0x000000000800c7ee      0x150 ./Middlewares/Third_Party/FatFs/src/ff.o
 .text.put_fat  0x000000000800c93e      0x1d8 ./Middlewares/Third_Party/FatFs/src/ff.o
 .text.remove_chain
                0x000000000800cb16       0xca ./Middlewares/Third_Party/FatFs/src/ff.o
 .text.create_chain
                0x000000000800cbe0      0x130 ./Middlewares/Third_Party/FatFs/src/ff.o
 .text.clmt_clust
                0x000000000800cd10       0x68 ./Middlewares/Third_Party/FatFs/src/ff.o
 .text.dir_sdi  0x000000000800cd78       0xf6 ./Middlewares/Third_Party/FatFs/src/ff.o
 .text.dir_next
                0x000000000800ce6e      0x18a ./Middlewares/Third_Party/FatFs/src/ff.o
 .text.dir_alloc
                0x000000000800cff8       0x8e ./Middlewares/Third_Party/FatFs/src/ff.o
 .text.ld_clust
                0x000000000800d086       0x3e ./Middlewares/Third_Party/FatFs/src/ff.o
 .text.st_clust
                0x000000000800d0c4       0x40 ./Middlewares/Third_Party/FatFs/src/ff.o
 .text.dir_find
                0x000000000800d104       0xaa ./Middlewares/Third_Party/FatFs/src/ff.o
 .text.dir_register
                0x000000000800d1ae       0x64 ./Middlewares/Third_Party/FatFs/src/ff.o
 *fill*         0x000000000800d212        0x2 
 .text.create_name
                0x000000000800d214      0x128 ./Middlewares/Third_Party/FatFs/src/ff.o
 .text.follow_path
                0x000000000800d33c       0xe2 ./Middlewares/Third_Party/FatFs/src/ff.o
 .text.get_ldnumber
                0x000000000800d41e       0x88 ./Middlewares/Third_Party/FatFs/src/ff.o
 *fill*         0x000000000800d4a6        0x2 
 .text.check_fs
                0x000000000800d4a8       0xac ./Middlewares/Third_Party/FatFs/src/ff.o
 .text.find_volume
                0x000000000800d554      0x498 ./Middlewares/Third_Party/FatFs/src/ff.o
 .text.validate
                0x000000000800d9ec       0x6a ./Middlewares/Third_Party/FatFs/src/ff.o
 *fill*         0x000000000800da56        0x2 
 .text.f_mount  0x000000000800da58       0x8c ./Middlewares/Third_Party/FatFs/src/ff.o
                0x000000000800da58                f_mount
 .text.f_open   0x000000000800dae4      0x37c ./Middlewares/Third_Party/FatFs/src/ff.o
                0x000000000800dae4                f_open
 .text.f_write  0x000000000800de60      0x2ea ./Middlewares/Third_Party/FatFs/src/ff.o
                0x000000000800de60                f_write
 .text.f_sync   0x000000000800e14a       0xfc ./Middlewares/Third_Party/FatFs/src/ff.o
                0x000000000800e14a                f_sync
 .text.f_close  0x000000000800e246       0x54 ./Middlewares/Third_Party/FatFs/src/ff.o
                0x000000000800e246                f_close
 *fill*         0x000000000800e29a        0x2 
 .text.f_mkfs   0x000000000800e29c      0x858 ./Middlewares/Third_Party/FatFs/src/ff.o
                0x000000000800e29c                f_mkfs
 .text.FATFS_LinkDriverEx
                0x000000000800eaf4       0x98 ./Middlewares/Third_Party/FatFs/src/ff_gen_drv.o
                0x000000000800eaf4                FATFS_LinkDriverEx
 .text.FATFS_LinkDriver
                0x000000000800eb8c       0x1e ./Middlewares/Third_Party/FatFs/src/ff_gen_drv.o
                0x000000000800eb8c                FATFS_LinkDriver
 *fill*         0x000000000800ebaa        0x2 
 .text.__libc_init_array
                0x000000000800ebac       0x48 /opt/st/stm32cubeide_1.10.1/plugins/com.st.stm32cube.ide.mcu.externaltools.gnu-tools-for-stm32.10.3-2021.10.linux64_1.0.0.202111181127/tools/bin/../lib/gcc/arm-none-eabi/10.3.1/../../../../arm-none-eabi/lib/thumb/v7e-m+dp/hard/libc_nano.a(lib_a-init.o)
                0x000000000800ebac                __libc_init_array
 .text.memset   0x000000000800ebf4       0x10 /opt/st/stm32cubeide_1.10.1/plugins/com.st.stm32cube.ide.mcu.externaltools.gnu-tools-for-stm32.10.3-2021.10.linux64_1.0.0.202111181127/tools/bin/../lib/gcc/arm-none-eabi/10.3.1/../../../../arm-none-eabi/lib/thumb/v7e-m+dp/hard/libc_nano.a(lib_a-memset.o)
                0x000000000800ebf4                memset
 *(.glue_7)
 .glue_7        0x000000000800ec04        0x0 linker stubs
 *(.glue_7t)
 .glue_7t       0x000000000800ec04        0x0 linker stubs
 *(.eh_frame)
 .eh_frame      0x000000000800ec04        0x0 /opt/st/stm32cubeide_1.10.1/plugins/com.st.stm32cube.ide.mcu.externaltools.gnu-tools-for-stm32.10.3-2021.10.linux64_1.0.0.202111181127/tools/bin/../lib/gcc/arm-none-eabi/10.3.1/thumb/v7e-m+dp/hard/crtbegin.o
 *(.init)
 .init          0x000000000800ec04        0x4 /opt/st/stm32cubeide_1.10.1/plugins/com.st.stm32cube.ide.mcu.externaltools.gnu-tools-for-stm32.10.3-2021.10.linux64_1.0.0.202111181127/tools/bin/../lib/gcc/arm-none-eabi/10.3.1/thumb/v7e-m+dp/hard/crti.o
                0x000000000800ec04                _init
 .init          0x000000000800ec08        0x8 /opt/st/stm32cubeide_1.10.1/plugins/com.st.stm32cube.ide.mcu.externaltools.gnu-tools-for-stm32.10.3-2021.10.linux64_1.0.0.202111181127/tools/bin/../lib/gcc/arm-none-eabi/10.3.1/thumb/v7e-m+dp/hard/crtn.o
 *(.fini)
 .fini          0x000000000800ec10        0x4 /opt/st/stm32cubeide_1.10.1/plugins/com.st.stm32cube.ide.mcu.externaltools.gnu-tools-for-stm32.10.3-2021.10.linux64_1.0.0.202111181127/tools/bin/../lib/gcc/arm-none-eabi/10.3.1/thumb/v7e-m+dp/hard/crti.o
                0x000000000800ec10                _fini
 .fini          0x000000000800ec14        0x8 /opt/st/stm32cubeide_1.10.1/plugins/com.st.stm32cube.ide.mcu.externaltools.gnu-tools-for-stm32.10.3-2021.10.linux64_1.0.0.202111181127/tools/bin/../lib/gcc/arm-none-eabi/10.3.1/thumb/v7e-m+dp/hard/crtn.o
                0x000000000800ec1c                . = ALIGN (0x4)
                0x000000000800ec1c                _etext = .

.vfp11_veneer   0x000000000800ec1c        0x0
 .vfp11_veneer  0x000000000800ec1c        0x0 linker stubs

.v4_bx          0x000000000800ec1c        0x0
 .v4_bx         0x000000000800ec1c        0x0 linker stubs

.iplt           0x000000000800ec1c        0x0
 .iplt          0x000000000800ec1c        0x0 /opt/st/stm32cubeide_1.10.1/plugins/com.st.stm32cube.ide.mcu.externaltools.gnu-tools-for-stm32.10.3-2021.10.linux64_1.0.0.202111181127/tools/bin/../lib/gcc/arm-none-eabi/10.3.1/thumb/v7e-m+dp/hard/crtbegin.o

.rodata         0x000000000800ec1c      0x160
                0x000000000800ec1c                . = ALIGN (0x4)
 *(.rodata)
 .rodata        0x000000000800ec1c       0x45 ./Core/Src/main.o
 *fill*         0x000000000800ec61        0x3 
 .rodata        0x000000000800ec64       0x44 ./Middlewares/Third_Party/FatFs/src/ff.o
 *(.rodata*)
 .rodata.AHBPrescTable
                0x000000000800eca8       0x10 ./Core/Src/system_stm32f7xx.o
                0x000000000800eca8                AHBPrescTable
 .rodata.APBPrescTable
                0x000000000800ecb8        0x8 ./Core/Src/system_stm32f7xx.o
                0x000000000800ecb8                APBPrescTable
 .rodata.flagBitshiftOffset.0
                0x000000000800ecc0        0x8 ./Drivers/STM32F7xx_HAL_Driver/Src/stm32f7xx_hal_dma.o
 .rodata.SD_Driver
                0x000000000800ecc8       0x14 ./FATFS/Target/sd_diskio.o
                0x000000000800ecc8                SD_Driver
 .rodata.ExCvt  0x000000000800ecdc       0x80 ./Middlewares/Third_Party/FatFs/src/ff.o
 .rodata.cst32.1
                0x000000000800ed5c        0xe ./Middlewares/Third_Party/FatFs/src/ff.o
 *fill*         0x000000000800ed6a        0x2 
 .rodata.cst.0  0x000000000800ed6c        0xe ./Middlewares/Third_Party/FatFs/src/ff.o
                0x000000000800ed7c                . = ALIGN (0x4)
 *fill*         0x000000000800ed7a        0x2 

.ARM.extab      0x000000000800ed7c        0x0
                0x000000000800ed7c                . = ALIGN (0x4)
 *(.ARM.extab* .gnu.linkonce.armextab.*)
                0x000000000800ed7c                . = ALIGN (0x4)

.ARM            0x000000000800ed7c        0x8
                0x000000000800ed7c                . = ALIGN (0x4)
                0x000000000800ed7c                __exidx_start = .
 *(.ARM.exidx*)
 .ARM.exidx     0x000000000800ed7c        0x8 /opt/st/stm32cubeide_1.10.1/plugins/com.st.stm32cube.ide.mcu.externaltools.gnu-tools-for-stm32.10.3-2021.10.linux64_1.0.0.202111181127/tools/bin/../lib/gcc/arm-none-eabi/10.3.1/thumb/v7e-m+dp/hard/libgcc.a(_udivmoddi4.o)
                0x000000000800ed84                __exidx_end = .
                0x000000000800ed84                . = ALIGN (0x4)

.rel.dyn        0x000000000800ed84        0x0
 .rel.iplt      0x000000000800ed84        0x0 /opt/st/stm32cubeide_1.10.1/plugins/com.st.stm32cube.ide.mcu.externaltools.gnu-tools-for-stm32.10.3-2021.10.linux64_1.0.0.202111181127/tools/bin/../lib/gcc/arm-none-eabi/10.3.1/thumb/v7e-m+dp/hard/crtbegin.o

.preinit_array  0x000000000800ed84        0x0
                0x000000000800ed84                . = ALIGN (0x4)
                0x000000000800ed84                PROVIDE (__preinit_array_start = .)
 *(.preinit_array*)
                0x000000000800ed84                PROVIDE (__preinit_array_end = .)
                0x000000000800ed84                . = ALIGN (0x4)

.init_array     0x000000000800ed84        0x4
                0x000000000800ed84                . = ALIGN (0x4)
                0x000000000800ed84                PROVIDE (__init_array_start = .)
 *(SORT_BY_NAME(.init_array.*))
 *(.init_array*)
 .init_array    0x000000000800ed84        0x4 /opt/st/stm32cubeide_1.10.1/plugins/com.st.stm32cube.ide.mcu.externaltools.gnu-tools-for-stm32.10.3-2021.10.linux64_1.0.0.202111181127/tools/bin/../lib/gcc/arm-none-eabi/10.3.1/thumb/v7e-m+dp/hard/crtbegin.o
                0x000000000800ed88                PROVIDE (__init_array_end = .)
                0x000000000800ed88                . = ALIGN (0x4)

.fini_array     0x000000000800ed88        0x4
                0x000000000800ed88                . = ALIGN (0x4)
                [!provide]                        PROVIDE (__fini_array_start = .)
 *(SORT_BY_NAME(.fini_array.*))
 *(.fini_array*)
 .fini_array    0x000000000800ed88        0x4 /opt/st/stm32cubeide_1.10.1/plugins/com.st.stm32cube.ide.mcu.externaltools.gnu-tools-for-stm32.10.3-2021.10.linux64_1.0.0.202111181127/tools/bin/../lib/gcc/arm-none-eabi/10.3.1/thumb/v7e-m+dp/hard/crtbegin.o
                [!provide]                        PROVIDE (__fini_array_end = .)
                0x000000000800ed8c                . = ALIGN (0x4)
                0x000000000800ed8c                _sidata = LOADADDR (.data)

.data           0x0000000020000000       0x40 load address 0x000000000800ed8c
                0x0000000020000000                . = ALIGN (0x4)
                0x0000000020000000                _sdata = .
 *(.data)
 *(.data*)
 .data.SystemCoreClock
                0x0000000020000000        0x4 ./Core/Src/system_stm32f7xx.o
                0x0000000020000000                SystemCoreClock
 .data.wm8994_drv
                0x0000000020000004       0x30 ./Drivers/BSP/Components/wm8994/wm8994.o
                0x0000000020000004                wm8994_drv
 .data.ColdStartup
                0x0000000020000034        0x1 ./Drivers/BSP/Components/wm8994/wm8994.o
 *fill*         0x0000000020000035        0x3 
 .data.uwTickPrio
                0x0000000020000038        0x4 ./Drivers/STM32F7xx_HAL_Driver/Src/stm32f7xx_hal.o
                0x0000000020000038                uwTickPrio
 .data.uwTickFreq
                0x000000002000003c        0x1 ./Drivers/STM32F7xx_HAL_Driver/Src/stm32f7xx_hal.o
                0x000000002000003c                uwTickFreq
 .data.Stat     0x000000002000003d        0x1 ./FATFS/Target/sd_diskio.o
 *(.RamFunc)
 *(.RamFunc*)
                0x0000000020000040                . = ALIGN (0x4)
 *fill*         0x000000002000003e        0x2 
                0x0000000020000040                _edata = .

.igot.plt       0x0000000020000040        0x0 load address 0x000000000800edcc
 .igot.plt      0x0000000020000040        0x0 /opt/st/stm32cubeide_1.10.1/plugins/com.st.stm32cube.ide.mcu.externaltools.gnu-tools-for-stm32.10.3-2021.10.linux64_1.0.0.202111181127/tools/bin/../lib/gcc/arm-none-eabi/10.3.1/thumb/v7e-m+dp/hard/crtbegin.o
                0x0000000020000040                . = ALIGN (0x4)

.bss            0x0000000020000040     0x74ac load address 0x000000000800edcc
                0x0000000020000040                _sbss = .
                0x0000000020000040                __bss_start__ = _sbss
 *(.bss)
 .bss           0x0000000020000040       0x1c /opt/st/stm32cubeide_1.10.1/plugins/com.st.stm32cube.ide.mcu.externaltools.gnu-tools-for-stm32.10.3-2021.10.linux64_1.0.0.202111181127/tools/bin/../lib/gcc/arm-none-eabi/10.3.1/thumb/v7e-m+dp/hard/crtbegin.o
 *(.bss*)
 .bss.LeftRecBuff
                0x000000002000005c     0x2000 ./Core/Src/main.o
                0x000000002000005c                LeftRecBuff
 .bss.RightRecBuff
                0x000000002000205c     0x2000 ./Core/Src/main.o
                0x000000002000205c                RightRecBuff
 .bss.PlayBuff  0x000000002000405c     0x2000 ./Core/Src/main.o
                0x000000002000405c                PlayBuff
 .bss.DmaLeftRecHalfBuffCplt
                0x000000002000605c        0x4 ./Core/Src/main.o
                0x000000002000605c                DmaLeftRecHalfBuffCplt
 .bss.DmaLeftRecBuffCplt
                0x0000000020006060        0x4 ./Core/Src/main.o
                0x0000000020006060                DmaLeftRecBuffCplt
 .bss.DmaRightRecHalfBuffCplt
                0x0000000020006064        0x4 ./Core/Src/main.o
                0x0000000020006064                DmaRightRecHalfBuffCplt
 .bss.DmaRightRecBuffCplt
                0x0000000020006068        0x4 ./Core/Src/main.o
                0x0000000020006068                DmaRightRecBuffCplt
 .bss.PlaybackStarted
                0x000000002000606c        0x4 ./Core/Src/main.o
                0x000000002000606c                PlaybackStarted
 .bss.audio_drv
                0x0000000020006070        0x4 ./Core/Src/main.o
                0x0000000020006070                audio_drv
 .bss.hadc3     0x0000000020006074       0x48 ./Core/Src/main.o
                0x0000000020006074                hadc3
 .bss.hdfsdm1_filter0
                0x00000000200060bc       0x54 ./Core/Src/main.o
                0x00000000200060bc                hdfsdm1_filter0
 .bss.hdfsdm1_filter1
                0x0000000020006110       0x54 ./Core/Src/main.o
                0x0000000020006110                hdfsdm1_filter1
 .bss.hdfsdm1_channel0
                0x0000000020006164       0x38 ./Core/Src/main.o
                0x0000000020006164                hdfsdm1_channel0
 .bss.hdfsdm1_channel1
                0x000000002000619c       0x38 ./Core/Src/main.o
                0x000000002000619c                hdfsdm1_channel1
 .bss.hdma_dfsdm1_flt0
                0x00000000200061d4       0x60 ./Core/Src/main.o
                0x00000000200061d4                hdma_dfsdm1_flt0
 .bss.hdma_dfsdm1_flt1
                0x0000000020006234       0x60 ./Core/Src/main.o
                0x0000000020006234                hdma_dfsdm1_flt1
 .bss.hdsi      0x0000000020006294       0x1c ./Core/Src/main.o
                0x0000000020006294                hdsi
 .bss.hrtc      0x00000000200062b0       0x20 ./Core/Src/main.o
                0x00000000200062b0                hrtc
 .bss.hsai_BlockA1
                0x00000000200062d0       0x84 ./Core/Src/main.o
                0x00000000200062d0                hsai_BlockA1
 .bss.hsd1      0x0000000020006354       0x84 ./Core/Src/main.o
                0x0000000020006354                hsd1
 .bss.hdma_sdmmc1_rx
                0x00000000200063d8       0x60 ./Core/Src/main.o
                0x00000000200063d8                hdma_sdmmc1_rx
 .bss.hdma_sdmmc1_tx
                0x0000000020006438       0x60 ./Core/Src/main.o
                0x0000000020006438                hdma_sdmmc1_tx
 .bss.hspdif    0x0000000020006498       0x4c ./Core/Src/main.o
                0x0000000020006498                hspdif
 .bss.huart1    0x00000000200064e4       0x88 ./Core/Src/main.o
                0x00000000200064e4                huart1
 .bss.hpcd_USB_OTG_FS
                0x000000002000656c      0x508 ./Core/Src/main.o
                0x000000002000656c                hpcd_USB_OTG_FS
 .bss.hpcd_USB_OTG_HS
                0x0000000020006a74      0x508 ./Core/Src/main.o
                0x0000000020006a74                hpcd_USB_OTG_HS
 .bss.hsdram1   0x0000000020006f7c       0x34 ./Core/Src/main.o
                0x0000000020006f7c                hsdram1
 .bss.time      0x0000000020006fb0        0x4 ./Core/Src/main.o
                0x0000000020006fb0                time
 .bss.HAL_RCC_DFSDM1_CLK_ENABLED
                0x0000000020006fb4        0x4 ./Core/Src/stm32f7xx_hal_msp.o
 .bss.DFSDM1_Init
                0x0000000020006fb8        0x4 ./Core/Src/stm32f7xx_hal_msp.o
 .bss.FMC_Initialized
                0x0000000020006fbc        0x4 ./Core/Src/stm32f7xx_hal_msp.o
 .bss.SAI1_client
                0x0000000020006fc0        0x4 ./Core/Src/stm32f7xx_hal_msp.o
 .bss.outputEnabled
                0x0000000020006fc4        0x4 ./Drivers/BSP/Components/wm8994/wm8994.o
 .bss.inputEnabled
                0x0000000020006fc8        0x4 ./Drivers/BSP/Components/wm8994/wm8994.o
 .bss.hEvalI2c  0x0000000020006fcc       0x54 ./Drivers/BSP/STM32F769I_EVAL/stm32f769i_eval.o
 .bss.uwTick    0x0000000020007020        0x4 ./Drivers/STM32F7xx_HAL_Driver/Src/stm32f7xx_hal.o
                0x0000000020007020                uwTick
 .bss.v_dfsdm1ChannelCounter
                0x0000000020007024        0x4 ./Drivers/STM32F7xx_HAL_Driver/Src/stm32f7xx_hal_dfsdm.o
                0x0000000020007024                v_dfsdm1ChannelCounter
 .bss.a_dfsdm1ChannelHandle
                0x0000000020007028       0x20 ./Drivers/STM32F7xx_HAL_Driver/Src/stm32f7xx_hal_dfsdm.o
                0x0000000020007028                a_dfsdm1ChannelHandle
 .bss.retSD     0x0000000020007048        0x1 ./FATFS/App/fatfs.o
                0x0000000020007048                retSD
 *fill*         0x0000000020007049        0x3 
 .bss.SDPath    0x000000002000704c        0x4 ./FATFS/App/fatfs.o
                0x000000002000704c                SDPath
 .bss.SDFatFS   0x0000000020007050      0x230 ./FATFS/App/fatfs.o
                0x0000000020007050                SDFatFS
 .bss.SDFile    0x0000000020007280      0x230 ./FATFS/App/fatfs.o
                0x0000000020007280                SDFile
 .bss.WriteStatus
                0x00000000200074b0        0x4 ./FATFS/Target/sd_diskio.o
 .bss.ReadStatus
                0x00000000200074b4        0x4 ./FATFS/Target/sd_diskio.o
 .bss.FatFs     0x00000000200074b8        0x4 ./Middlewares/Third_Party/FatFs/src/ff.o
 .bss.Fsid      0x00000000200074bc        0x2 ./Middlewares/Third_Party/FatFs/src/ff.o
 *fill*         0x00000000200074be        0x2 
 .bss.Files     0x00000000200074c0       0x20 ./Middlewares/Third_Party/FatFs/src/ff.o
 .bss.disk      0x00000000200074e0        0xc ./Middlewares/Third_Party/FatFs/src/ff_gen_drv.o
                0x00000000200074e0                disk
 *(COMMON)
                0x00000000200074ec                . = ALIGN (0x4)
                0x00000000200074ec                _ebss = .
                0x00000000200074ec                __bss_end__ = _ebss

._user_heap_stack
                0x00000000200074ec      0xc04 load address 0x000000000800edcc
                0x00000000200074f0                . = ALIGN (0x8)
 *fill*         0x00000000200074ec        0x4 
                [!provide]                        PROVIDE (end = .)
                0x00000000200074f0                PROVIDE (_end = .)
                0x00000000200078f0                . = (. + _Min_Heap_Size)
 *fill*         0x00000000200074f0      0x400 
                0x00000000200080f0                . = (. + _Min_Stack_Size)
 *fill*         0x00000000200078f0      0x800 
                0x00000000200080f0                . = ALIGN (0x8)

/DISCARD/
 libc.a(*)
 libm.a(*)
 libgcc.a(*)

.ARM.attributes
                0x0000000000000000       0x2e
 *(.ARM.attributes)
 .ARM.attributes
                0x0000000000000000       0x1e /opt/st/stm32cubeide_1.10.1/plugins/com.st.stm32cube.ide.mcu.externaltools.gnu-tools-for-stm32.10.3-2021.10.linux64_1.0.0.202111181127/tools/bin/../lib/gcc/arm-none-eabi/10.3.1/thumb/v7e-m+dp/hard/crti.o
 .ARM.attributes
                0x000000000000001e       0x32 /opt/st/stm32cubeide_1.10.1/plugins/com.st.stm32cube.ide.mcu.externaltools.gnu-tools-for-stm32.10.3-2021.10.linux64_1.0.0.202111181127/tools/bin/../lib/gcc/arm-none-eabi/10.3.1/thumb/v7e-m+dp/hard/crtbegin.o
 .ARM.attributes
                0x0000000000000050       0x32 ./Core/Src/main.o
 .ARM.attributes
                0x0000000000000082       0x32 ./Core/Src/stm32f7xx_hal_msp.o
 .ARM.attributes
                0x00000000000000b4       0x32 ./Core/Src/stm32f7xx_it.o
 .ARM.attributes
                0x00000000000000e6       0x32 ./Core/Src/system_stm32f7xx.o
 .ARM.attributes
                0x0000000000000118       0x21 ./Core/Startup/startup_stm32f769nihx.o
 .ARM.attributes
                0x0000000000000139       0x32 ./Drivers/BSP/Components/wm8994/wm8994.o
 .ARM.attributes
                0x000000000000016b       0x32 ./Drivers/BSP/STM32F769I_EVAL/stm32f769i_eval.o
 .ARM.attributes
                0x000000000000019d       0x32 ./Drivers/STM32F7xx_HAL_Driver/Src/stm32f7xx_hal.o
 .ARM.attributes
                0x00000000000001cf       0x32 ./Drivers/STM32F7xx_HAL_Driver/Src/stm32f7xx_hal_adc.o
 .ARM.attributes
                0x0000000000000201       0x32 ./Drivers/STM32F7xx_HAL_Driver/Src/stm32f7xx_hal_cortex.o
 .ARM.attributes
                0x0000000000000233       0x32 ./Drivers/STM32F7xx_HAL_Driver/Src/stm32f7xx_hal_dfsdm.o
 .ARM.attributes
                0x0000000000000265       0x32 ./Drivers/STM32F7xx_HAL_Driver/Src/stm32f7xx_hal_dma.o
 .ARM.attributes
                0x0000000000000297       0x32 ./Drivers/STM32F7xx_HAL_Driver/Src/stm32f7xx_hal_dsi.o
 .ARM.attributes
                0x00000000000002c9       0x32 ./Drivers/STM32F7xx_HAL_Driver/Src/stm32f7xx_hal_gpio.o
 .ARM.attributes
                0x00000000000002fb       0x32 ./Drivers/STM32F7xx_HAL_Driver/Src/stm32f7xx_hal_i2c.o
 .ARM.attributes
                0x000000000000032d       0x32 ./Drivers/STM32F7xx_HAL_Driver/Src/stm32f7xx_hal_pcd.o
 .ARM.attributes
                0x000000000000035f       0x32 ./Drivers/STM32F7xx_HAL_Driver/Src/stm32f7xx_hal_pcd_ex.o
 .ARM.attributes
                0x0000000000000391       0x32 ./Drivers/STM32F7xx_HAL_Driver/Src/stm32f7xx_hal_pwr.o
 .ARM.attributes
                0x00000000000003c3       0x32 ./Drivers/STM32F7xx_HAL_Driver/Src/stm32f7xx_hal_rcc.o
 .ARM.attributes
                0x00000000000003f5       0x32 ./Drivers/STM32F7xx_HAL_Driver/Src/stm32f7xx_hal_rcc_ex.o
 .ARM.attributes
                0x0000000000000427       0x32 ./Drivers/STM32F7xx_HAL_Driver/Src/stm32f7xx_hal_rtc.o
 .ARM.attributes
                0x0000000000000459       0x32 ./Drivers/STM32F7xx_HAL_Driver/Src/stm32f7xx_hal_sai.o
 .ARM.attributes
                0x000000000000048b       0x32 ./Drivers/STM32F7xx_HAL_Driver/Src/stm32f7xx_hal_sd.o
 .ARM.attributes
                0x00000000000004bd       0x32 ./Drivers/STM32F7xx_HAL_Driver/Src/stm32f7xx_hal_sdram.o
 .ARM.attributes
                0x00000000000004ef       0x32 ./Drivers/STM32F7xx_HAL_Driver/Src/stm32f7xx_hal_spdifrx.o
 .ARM.attributes
                0x0000000000000521       0x32 ./Drivers/STM32F7xx_HAL_Driver/Src/stm32f7xx_hal_uart.o
 .ARM.attributes
                0x0000000000000553       0x32 ./Drivers/STM32F7xx_HAL_Driver/Src/stm32f7xx_ll_fmc.o
 .ARM.attributes
                0x0000000000000585       0x32 ./Drivers/STM32F7xx_HAL_Driver/Src/stm32f7xx_ll_sdmmc.o
 .ARM.attributes
                0x00000000000005b7       0x32 ./Drivers/STM32F7xx_HAL_Driver/Src/stm32f7xx_ll_usb.o
 .ARM.attributes
                0x00000000000005e9       0x32 ./FATFS/App/fatfs.o
 .ARM.attributes
                0x000000000000061b       0x32 ./FATFS/Target/bsp_driver_sd.o
 .ARM.attributes
                0x000000000000064d       0x32 ./FATFS/Target/fatfs_platform.o
 .ARM.attributes
                0x000000000000067f       0x32 ./FATFS/Target/sd_diskio.o
 .ARM.attributes
                0x00000000000006b1       0x32 ./Middlewares/Third_Party/FatFs/src/diskio.o
 .ARM.attributes
                0x00000000000006e3       0x32 ./Middlewares/Third_Party/FatFs/src/ff.o
 .ARM.attributes
                0x0000000000000715       0x32 ./Middlewares/Third_Party/FatFs/src/ff_gen_drv.o
 .ARM.attributes
                0x0000000000000747       0x32 /opt/st/stm32cubeide_1.10.1/plugins/com.st.stm32cube.ide.mcu.externaltools.gnu-tools-for-stm32.10.3-2021.10.linux64_1.0.0.202111181127/tools/bin/../lib/gcc/arm-none-eabi/10.3.1/../../../../arm-none-eabi/lib/thumb/v7e-m+dp/hard/libc_nano.a(lib_a-init.o)
 .ARM.attributes
                0x0000000000000779       0x32 /opt/st/stm32cubeide_1.10.1/plugins/com.st.stm32cube.ide.mcu.externaltools.gnu-tools-for-stm32.10.3-2021.10.linux64_1.0.0.202111181127/tools/bin/../lib/gcc/arm-none-eabi/10.3.1/../../../../arm-none-eabi/lib/thumb/v7e-m+dp/hard/libc_nano.a(lib_a-memset.o)
 .ARM.attributes
                0x00000000000007ab       0x17 /opt/st/stm32cubeide_1.10.1/plugins/com.st.stm32cube.ide.mcu.externaltools.gnu-tools-for-stm32.10.3-2021.10.linux64_1.0.0.202111181127/tools/bin/../lib/gcc/arm-none-eabi/10.3.1/../../../../arm-none-eabi/lib/thumb/v7e-m+dp/hard/libc_nano.a(lib_a-strlen.o)
 .ARM.attributes
                0x00000000000007c2       0x1e /opt/st/stm32cubeide_1.10.1/plugins/com.st.stm32cube.ide.mcu.externaltools.gnu-tools-for-stm32.10.3-2021.10.linux64_1.0.0.202111181127/tools/bin/../lib/gcc/arm-none-eabi/10.3.1/thumb/v7e-m+dp/hard/libgcc.a(_aeabi_uldivmod.o)
 .ARM.attributes
                0x00000000000007e0       0x32 /opt/st/stm32cubeide_1.10.1/plugins/com.st.stm32cube.ide.mcu.externaltools.gnu-tools-for-stm32.10.3-2021.10.linux64_1.0.0.202111181127/tools/bin/../lib/gcc/arm-none-eabi/10.3.1/thumb/v7e-m+dp/hard/libgcc.a(_udivmoddi4.o)
 .ARM.attributes
                0x0000000000000812       0x1e /opt/st/stm32cubeide_1.10.1/plugins/com.st.stm32cube.ide.mcu.externaltools.gnu-tools-for-stm32.10.3-2021.10.linux64_1.0.0.202111181127/tools/bin/../lib/gcc/arm-none-eabi/10.3.1/thumb/v7e-m+dp/hard/libgcc.a(_dvmd_tls.o)
 .ARM.attributes
                0x0000000000000830       0x1e /opt/st/stm32cubeide_1.10.1/plugins/com.st.stm32cube.ide.mcu.externaltools.gnu-tools-for-stm32.10.3-2021.10.linux64_1.0.0.202111181127/tools/bin/../lib/gcc/arm-none-eabi/10.3.1/thumb/v7e-m+dp/hard/crtn.o
OUTPUT(Microphone.elf elf32-littlearm)
LOAD linker stubs
LOAD /opt/st/stm32cubeide_1.10.1/plugins/com.st.stm32cube.ide.mcu.externaltools.gnu-tools-for-stm32.10.3-2021.10.linux64_1.0.0.202111181127/tools/bin/../lib/gcc/arm-none-eabi/10.3.1/../../../../arm-none-eabi/lib/thumb/v7e-m+dp/hard/libc.a
LOAD /opt/st/stm32cubeide_1.10.1/plugins/com.st.stm32cube.ide.mcu.externaltools.gnu-tools-for-stm32.10.3-2021.10.linux64_1.0.0.202111181127/tools/bin/../lib/gcc/arm-none-eabi/10.3.1/../../../../arm-none-eabi/lib/thumb/v7e-m+dp/hard/libm.a
LOAD /opt/st/stm32cubeide_1.10.1/plugins/com.st.stm32cube.ide.mcu.externaltools.gnu-tools-for-stm32.10.3-2021.10.linux64_1.0.0.202111181127/tools/bin/../lib/gcc/arm-none-eabi/10.3.1/thumb/v7e-m+dp/hard/libgcc.a

.debug_info     0x0000000000000000    0x294a6
 .debug_info    0x0000000000000000     0x447d ./Core/Src/main.o
 .debug_info    0x000000000000447d     0x385c ./Core/Src/stm32f7xx_hal_msp.o
 .debug_info    0x0000000000007cd9      0x812 ./Core/Src/stm32f7xx_it.o
 .debug_info    0x00000000000084eb      0x72c ./Core/Src/system_stm32f7xx.o
 .debug_info    0x0000000000008c17       0x22 ./Core/Startup/startup_stm32f769nihx.o
 .debug_info    0x0000000000008c39      0x672 ./Drivers/BSP/Components/wm8994/wm8994.o
 .debug_info    0x00000000000092ab     0x21fd ./Drivers/BSP/STM32F769I_EVAL/stm32f769i_eval.o
 .debug_info    0x000000000000b4a8      0xa88 ./Drivers/STM32F7xx_HAL_Driver/Src/stm32f7xx_hal.o
 .debug_info    0x000000000000bf30      0xd19 ./Drivers/STM32F7xx_HAL_Driver/Src/stm32f7xx_hal_adc.o
 .debug_info    0x000000000000cc49     0x10a2 ./Drivers/STM32F7xx_HAL_Driver/Src/stm32f7xx_hal_cortex.o
 .debug_info    0x000000000000dceb     0x1bc8 ./Drivers/STM32F7xx_HAL_Driver/Src/stm32f7xx_hal_dfsdm.o
 .debug_info    0x000000000000f8b3      0x94f ./Drivers/STM32F7xx_HAL_Driver/Src/stm32f7xx_hal_dma.o
 .debug_info    0x0000000000010202     0x1af9 ./Drivers/STM32F7xx_HAL_Driver/Src/stm32f7xx_hal_dsi.o
 .debug_info    0x0000000000011cfb      0x7a2 ./Drivers/STM32F7xx_HAL_Driver/Src/stm32f7xx_hal_gpio.o
 .debug_info    0x000000000001249d     0x22d3 ./Drivers/STM32F7xx_HAL_Driver/Src/stm32f7xx_hal_i2c.o
 .debug_info    0x0000000000014770     0x16c1 ./Drivers/STM32F7xx_HAL_Driver/Src/stm32f7xx_hal_pcd.o
 .debug_info    0x0000000000015e31      0x7df ./Drivers/STM32F7xx_HAL_Driver/Src/stm32f7xx_hal_pcd_ex.o
 .debug_info    0x0000000000016610      0x978 ./Drivers/STM32F7xx_HAL_Driver/Src/stm32f7xx_hal_pwr.o
 .debug_info    0x0000000000016f88      0x9f8 ./Drivers/STM32F7xx_HAL_Driver/Src/stm32f7xx_hal_rcc.o
 .debug_info    0x0000000000017980      0x78b ./Drivers/STM32F7xx_HAL_Driver/Src/stm32f7xx_hal_rcc_ex.o
 .debug_info    0x000000000001810b      0xda0 ./Drivers/STM32F7xx_HAL_Driver/Src/stm32f7xx_hal_rtc.o
 .debug_info    0x0000000000018eab     0x1220 ./Drivers/STM32F7xx_HAL_Driver/Src/stm32f7xx_hal_sai.o
 .debug_info    0x000000000001a0cb     0x1d19 ./Drivers/STM32F7xx_HAL_Driver/Src/stm32f7xx_hal_sd.o
 .debug_info    0x000000000001bde4      0xf46 ./Drivers/STM32F7xx_HAL_Driver/Src/stm32f7xx_hal_sdram.o
 .debug_info    0x000000000001cd2a      0xd95 ./Drivers/STM32F7xx_HAL_Driver/Src/stm32f7xx_hal_spdifrx.o
 .debug_info    0x000000000001dabf     0x3cf4 ./Drivers/STM32F7xx_HAL_Driver/Src/stm32f7xx_hal_uart.o
 .debug_info    0x00000000000217b3      0xc35 ./Drivers/STM32F7xx_HAL_Driver/Src/stm32f7xx_ll_fmc.o
 .debug_info    0x00000000000223e8     0x11dd ./Drivers/STM32F7xx_HAL_Driver/Src/stm32f7xx_ll_sdmmc.o
 .debug_info    0x00000000000235c5     0x1b65 ./Drivers/STM32F7xx_HAL_Driver/Src/stm32f7xx_ll_usb.o
 .debug_info    0x000000000002512a      0x4fa ./FATFS/App/fatfs.o
 .debug_info    0x0000000000025624      0xb4f ./FATFS/Target/bsp_driver_sd.o
 .debug_info    0x0000000000026173      0x1dd ./FATFS/Target/fatfs_platform.o
 .debug_info    0x0000000000026350      0x59e ./FATFS/Target/sd_diskio.o
 .debug_info    0x00000000000268ee      0x412 ./Middlewares/Third_Party/FatFs/src/diskio.o
 .debug_info    0x0000000000026d00     0x23fd ./Middlewares/Third_Party/FatFs/src/ff.o
 .debug_info    0x00000000000290fd      0x3a9 ./Middlewares/Third_Party/FatFs/src/ff_gen_drv.o

.debug_abbrev   0x0000000000000000     0x4c69
 .debug_abbrev  0x0000000000000000      0x3e8 ./Core/Src/main.o
 .debug_abbrev  0x00000000000003e8      0x2fe ./Core/Src/stm32f7xx_hal_msp.o
 .debug_abbrev  0x00000000000006e6      0x1a3 ./Core/Src/stm32f7xx_it.o
 .debug_abbrev  0x0000000000000889      0x136 ./Core/Src/system_stm32f7xx.o
 .debug_abbrev  0x00000000000009bf       0x12 ./Core/Startup/startup_stm32f769nihx.o
 .debug_abbrev  0x00000000000009d1      0x1a4 ./Drivers/BSP/Components/wm8994/wm8994.o
 .debug_abbrev  0x0000000000000b75      0x323 ./Drivers/BSP/STM32F769I_EVAL/stm32f769i_eval.o
 .debug_abbrev  0x0000000000000e98      0x20d ./Drivers/STM32F7xx_HAL_Driver/Src/stm32f7xx_hal.o
 .debug_abbrev  0x00000000000010a5      0x244 ./Drivers/STM32F7xx_HAL_Driver/Src/stm32f7xx_hal_adc.o
 .debug_abbrev  0x00000000000012e9      0x316 ./Drivers/STM32F7xx_HAL_Driver/Src/stm32f7xx_hal_cortex.o
 .debug_abbrev  0x00000000000015ff      0x280 ./Drivers/STM32F7xx_HAL_Driver/Src/stm32f7xx_hal_dfsdm.o
 .debug_abbrev  0x000000000000187f      0x25b ./Drivers/STM32F7xx_HAL_Driver/Src/stm32f7xx_hal_dma.o
 .debug_abbrev  0x0000000000001ada      0x24f ./Drivers/STM32F7xx_HAL_Driver/Src/stm32f7xx_hal_dsi.o
 .debug_abbrev  0x0000000000001d29      0x1c4 ./Drivers/STM32F7xx_HAL_Driver/Src/stm32f7xx_hal_gpio.o
 .debug_abbrev  0x0000000000001eed      0x243 ./Drivers/STM32F7xx_HAL_Driver/Src/stm32f7xx_hal_i2c.o
 .debug_abbrev  0x0000000000002130      0x2d2 ./Drivers/STM32F7xx_HAL_Driver/Src/stm32f7xx_hal_pcd.o
 .debug_abbrev  0x0000000000002402      0x1bd ./Drivers/STM32F7xx_HAL_Driver/Src/stm32f7xx_hal_pcd_ex.o
 .debug_abbrev  0x00000000000025bf      0x1b8 ./Drivers/STM32F7xx_HAL_Driver/Src/stm32f7xx_hal_pwr.o
 .debug_abbrev  0x0000000000002777      0x2d1 ./Drivers/STM32F7xx_HAL_Driver/Src/stm32f7xx_hal_rcc.o
 .debug_abbrev  0x0000000000002a48      0x1b9 ./Drivers/STM32F7xx_HAL_Driver/Src/stm32f7xx_hal_rcc_ex.o