../Core/Src/main.c:107:5:main	8	static
../Core/Src/main.c:167:6:SystemClock_Config	88	static
../Core/Src/main.c:217:6:PeriphCommonClock_Config	152	static
../Core/Src/main.c:247:13:MX_ADC3_Init	24	static
../Core/Src/main.c:299:13:MX_DFSDM1_Init	8	static
../Core/Src/main.c:372:13:MX_DSIHOST_DSI_Init	136	static
../Core/Src/main.c:462:13:MX_QUADSPI_Init	8	static
../Core/Src/main.c:497:13:MX_SAI1_Init	8	static
../Core/Src/main.c:531:13:MX_SAI2_Init	8	static
../Core/Src/main.c:580:13:MX_SDMMC1_MMC_Init	8	static
../Core/Src/main.c:616:13:MX_SPDIFRX_Init	8	static
../Core/Src/main.c:652:13:MX_USART1_UART_Init	8	static
../Core/Src/main.c:687:13:MX_USB_OTG_FS_PCD_Init	8	static
../Core/Src/main.c:722:13:MX_USB_OTG_HS_PCD_Init	8	static
../Core/Src/main.c:756:13:MX_DMA_Init	16	static
../Core/Src/main.c:773:13:MX_FMC_Init	64	static
../Core/Src/main.c:895:13:MX_GPIO_Init	72	static
../Core/Src/main.c:1079:6:Error_Handler	4	static,ignoring_inline_asm
