../Core/Src/stm32f7xx_hal_msp.c:66:6:HAL_MspInit	16	static
../Core/Src/stm32f7xx_hal_msp.c:88:6:HAL_ADC_MspInit	48	static
../Core/Src/stm32f7xx_hal_msp.c:121:6:HAL_ADC_MspDeInit	16	static
../Core/Src/stm32f7xx_hal_msp.c:152:6:HAL_DFSDM_FilterMspInit	48	static
../Core/Src/stm32f7xx_hal_msp.c:246:6:HAL_DFSDM_ChannelMspInit	48	static
../Core/Src/stm32f7xx_hal_msp.c:293:6:HAL_DFSDM_FilterMspDeInit	16	static
../Core/Src/stm32f7xx_hal_msp.c:326:6:HAL_DFSDM_ChannelMspDeInit	16	static
../Core/Src/stm32f7xx_hal_msp.c:356:6:HAL_DSI_MspInit	48	static
../Core/Src/stm32f7xx_hal_msp.c:391:6:HAL_DSI_MspDeInit	16	static
../Core/Src/stm32f7xx_hal_msp.c:419:6:HAL_QSPI_MspInit	48	static
../Core/Src/stm32f7xx_hal_msp.c:481:6:HAL_QSPI_MspDeInit	16	static
../Core/Src/stm32f7xx_hal_msp.c:516:6:HAL_MMC_MspInit	192	static
../Core/Src/stm32f7xx_hal_msp.c:577:6:HAL_MMC_MspDeInit	16	static
../Core/Src/stm32f7xx_hal_msp.c:613:6:HAL_SPDIFRX_MspInit	192	static
../Core/Src/stm32f7xx_hal_msp.c:663:6:HAL_SPDIFRX_MspDeInit	16	static
../Core/Src/stm32f7xx_hal_msp.c:691:6:HAL_UART_MspInit	192	static
../Core/Src/stm32f7xx_hal_msp.c:738:6:HAL_UART_MspDeInit	16	static
../Core/Src/stm32f7xx_hal_msp.c:767:6:HAL_PCD_MspInit	224	static
../Core/Src/stm32f7xx_hal_msp.c:890:6:HAL_PCD_MspDeInit	16	static
../Core/Src/stm32f7xx_hal_msp.c:956:13:HAL_FMC_MspInit	32	static
../Core/Src/stm32f7xx_hal_msp.c:1110:6:HAL_NOR_MspInit	16	static
../Core/Src/stm32f7xx_hal_msp.c:1120:6:HAL_SRAM_MspInit	16	static
../Core/Src/stm32f7xx_hal_msp.c:1130:6:HAL_SDRAM_MspInit	16	static
../Core/Src/stm32f7xx_hal_msp.c:1142:13:HAL_FMC_MspDeInit	8	static
../Core/Src/stm32f7xx_hal_msp.c:1259:6:HAL_NOR_MspDeInit	16	static
../Core/Src/stm32f7xx_hal_msp.c:1269:6:HAL_SRAM_MspDeInit	16	static
../Core/Src/stm32f7xx_hal_msp.c:1279:6:HAL_SDRAM_MspDeInit	16	static
../Core/Src/stm32f7xx_hal_msp.c:1292:6:HAL_SAI_MspInit	48	static
../Core/Src/stm32f7xx_hal_msp.c:1364:6:HAL_SAI_MspDeInit	16	static
