09:57:27 **** Incremental Build of configuration Debug for project Microphone ****
make -j4 all 
arm-none-eabi-gcc "../Core/Src/main.c" -mcpu=cortex-m7 -std=gnu11 -g3 -DDEBUG -DUSE_HAL_DRIVER -DSTM32F769xx -c -I../Core/Inc -I/home/felipe/Bureau/3A-1/PI/Microphone/Drivers/BSP/Components -I/home/felipe/Bureau/3A-1/PI/Microphone/Drivers/BSP/STM32F769I_EVAL -I../Drivers/STM32F7xx_HAL_Driver/Inc -I../Drivers/STM32F7xx_HAL_Driver/Inc/Legacy -I../Drivers/CMSIS/Device/ST/STM32F7xx/Include -I../Drivers/CMSIS/Include -I../FATFS/Target -I../FATFS/App -I../Middlewares/Third_Party/FatFs/src -O0 -ffunction-sections -fdata-sections -Wall -fstack-usage -MMD -MP -MF"Core/Src/main.d" -MT"Core/Src/main.o" --specs=nano.specs -mfpu=fpv5-d16 -mfloat-abi=hard -mthumb -o "Core/Src/main.o"
../Core/Src/main.c: In function 'MyHAL_DFSDM_ChannelMspInit':
../Core/Src/main.c:187:21: warning: comparison of distinct pointer types lacks a cast
  187 |   if(hdfsdm_channel == &hdfsdm1_filter1)
      |                     ^~
../Core/Src/main.c: In function 'main':
../Core/Src/main.c:267:14: warning: unused variable 'date' [-Wunused-variable]
  267 |  char* time, date;
      |              ^~~~
../Core/Src/main.c:267:8: warning: unused variable 'time' [-Wunused-variable]
  267 |  char* time, date;
      |        ^~~~
At top level:
../Core/Src/main.c:911:13: warning: 'MX_FMC_Init' defined but not used [-Wunused-function]
  911 | static void MX_FMC_Init(void)
      |             ^~~~~~~~~~~
../Core/Src/main.c:664:13: warning: 'MX_RTC_Init' defined but not used [-Wunused-function]
  664 | static void MX_RTC_Init(void)
      |             ^~~~~~~~~~~
arm-none-eabi-gcc -o "Microphone.elf" @"objects.list"   -mcpu=cortex-m7 -T"/home/felipe/Bureau/3A-1/PI/pi-speechtotext-microcontroller/Microphone/STM32F769NIHX_FLASH.ld" --specs=nosys.specs -Wl,-Map="Microphone.map" -Wl,--gc-sections -static --specs=nano.specs -mfpu=fpv5-d16 -mfloat-abi=hard -mthumb -Wl,--start-group -lc -lm -Wl,--end-group
Finished building target: Microphone.elf
 
arm-none-eabi-size   Microphone.elf 
arm-none-eabi-objdump -h -S  Microphone.elf  > "Microphone.list"
   text	   data	    bss	    dec	    hex	filename
  46028	     72	  29112	  75212	  125cc	Microphone.elf
Finished building: default.size.stdout
 
Finished building: Microphone.list
 

09:57:29 Build Finished. 0 errors, 5 warnings. (took 1s.785ms)

