../Core/Src/stm32f7xx_hal_msp.c:790:13:HAL_FMC_MspInit	48	static
../Core/Src/stm32f7xx_hal_msp.c:976:13:HAL_FMC_MspDeInit	8	static
../Core/Src/stm32f7xx_hal_msp.c:63:6:HAL_MspInit	8	static
../Core/Src/stm32f7xx_hal_msp.c:85:6:HAL_ADC_MspInit	40	static
../Core/Src/stm32f7xx_hal_msp.c:118:6:HAL_ADC_MspDeInit	0	static
../Core/Src/stm32f7xx_hal_msp.c:146:6:HAL_CRC_MspInit	8	static
../Core/Src/stm32f7xx_hal_msp.c:168:6:HAL_CRC_MspDeInit	0	static
../Core/Src/stm32f7xx_hal_msp.c:190:6:HAL_DSI_MspInit	40	static
../Core/Src/stm32f7xx_hal_msp.c:225:6:HAL_DSI_MspDeInit	0	static
../Core/Src/stm32f7xx_hal_msp.c:253:6:HAL_QSPI_MspInit	56	static
../Core/Src/stm32f7xx_hal_msp.c:315:6:HAL_QSPI_MspDeInit	8	static
../Core/Src/stm32f7xx_hal_msp.c:350:6:HAL_MMC_MspInit	200	static
../Core/Src/stm32f7xx_hal_msp.c:411:6:HAL_MMC_MspDeInit	8	static
../Core/Src/stm32f7xx_hal_msp.c:447:6:HAL_SPDIFRX_MspInit	184	static
../Core/Src/stm32f7xx_hal_msp.c:497:6:HAL_SPDIFRX_MspDeInit	0	static
../Core/Src/stm32f7xx_hal_msp.c:525:6:HAL_UART_MspInit	184	static
../Core/Src/stm32f7xx_hal_msp.c:572:6:HAL_UART_MspDeInit	0	static
../Core/Src/stm32f7xx_hal_msp.c:601:6:HAL_PCD_MspInit	232	static
../Core/Src/stm32f7xx_hal_msp.c:724:6:HAL_PCD_MspDeInit	8	static
../Core/Src/stm32f7xx_hal_msp.c:944:6:HAL_NOR_MspInit	0	static
../Core/Src/stm32f7xx_hal_msp.c:954:6:HAL_SRAM_MspInit	0	static
../Core/Src/stm32f7xx_hal_msp.c:964:6:HAL_SDRAM_MspInit	0	static
../Core/Src/stm32f7xx_hal_msp.c:1093:6:HAL_NOR_MspDeInit	0	static
../Core/Src/stm32f7xx_hal_msp.c:1103:6:HAL_SRAM_MspDeInit	0	static
../Core/Src/stm32f7xx_hal_msp.c:1113:6:HAL_SDRAM_MspDeInit	0	static
../Core/Src/stm32f7xx_hal_msp.c:1126:6:HAL_SAI_MspInit	48	static
../Core/Src/stm32f7xx_hal_msp.c:1198:6:HAL_SAI_MspDeInit	8	static
